Component: ARM Compiler 5.06 update 7 (build 960) Tool: armlink [4d3601]

==============================================================================

Section Cross References

    startup_stm32f407xx.o(STACK) refers (Special) to heapauxi.o(.text) for __use_two_region_memory
    startup_stm32f407xx.o(HEAP) refers (Special) to heapauxi.o(.text) for __use_two_region_memory
    startup_stm32f407xx.o(RESET) refers (Special) to heapauxi.o(.text) for __use_two_region_memory
    startup_stm32f407xx.o(RESET) refers to startup_stm32f407xx.o(STACK) for __initial_sp
    startup_stm32f407xx.o(RESET) refers to startup_stm32f407xx.o(.text) for Reset_Handler
    startup_stm32f407xx.o(RESET) refers to stm32f4xx_it.o(i.NMI_Handler) for NMI_Handler
    startup_stm32f407xx.o(RESET) refers to stm32f4xx_it.o(i.HardFault_Handler) for HardFault_Handler
    startup_stm32f407xx.o(RESET) refers to stm32f4xx_it.o(i.MemManage_Handler) for MemManage_Handler
    startup_stm32f407xx.o(RESET) refers to stm32f4xx_it.o(i.BusFault_Handler) for BusFault_Handler
    startup_stm32f407xx.o(RESET) refers to stm32f4xx_it.o(i.UsageFault_Handler) for UsageFault_Handler
    startup_stm32f407xx.o(RESET) refers to port.o(.emb_text) for SVC_Handler
    startup_stm32f407xx.o(RESET) refers to stm32f4xx_it.o(i.DebugMon_Handler) for DebugMon_Handler
    startup_stm32f407xx.o(RESET) refers to cmsis_os2.o(i.SysTick_Handler) for SysTick_Handler
    startup_stm32f407xx.o(RESET) refers to stm32f4xx_it.o(i.EXTI0_IRQHandler) for EXTI0_IRQHandler
    startup_stm32f407xx.o(RESET) refers to stm32f4xx_it.o(i.EXTI3_IRQHandler) for EXTI3_IRQHandler
    startup_stm32f407xx.o(RESET) refers to stm32f4xx_it.o(i.EXTI4_IRQHandler) for EXTI4_IRQHandler
    startup_stm32f407xx.o(RESET) refers to stm32f4xx_it.o(i.DMA1_Stream1_IRQHandler) for DMA1_Stream1_IRQHandler
    startup_stm32f407xx.o(RESET) refers to stm32f4xx_it.o(i.CAN1_RX0_IRQHandler) for CAN1_RX0_IRQHandler
    startup_stm32f407xx.o(RESET) refers to stm32f4xx_it.o(i.EXTI9_5_IRQHandler) for EXTI9_5_IRQHandler
    startup_stm32f407xx.o(RESET) refers to stm32f4xx_it.o(i.USART1_IRQHandler) for USART1_IRQHandler
    startup_stm32f407xx.o(RESET) refers to stm32f4xx_it.o(i.USART3_IRQHandler) for USART3_IRQHandler
    startup_stm32f407xx.o(RESET) refers to stm32f4xx_it.o(i.TIM8_TRG_COM_TIM14_IRQHandler) for TIM8_TRG_COM_TIM14_IRQHandler
    startup_stm32f407xx.o(RESET) refers to stm32f4xx_it.o(i.DMA2_Stream1_IRQHandler) for DMA2_Stream1_IRQHandler
    startup_stm32f407xx.o(RESET) refers to stm32f4xx_it.o(i.DMA2_Stream2_IRQHandler) for DMA2_Stream2_IRQHandler
    startup_stm32f407xx.o(RESET) refers to stm32f4xx_it.o(i.DMA2_Stream3_IRQHandler) for DMA2_Stream3_IRQHandler
    startup_stm32f407xx.o(RESET) refers to stm32f4xx_it.o(i.CAN2_RX0_IRQHandler) for CAN2_RX0_IRQHandler
    startup_stm32f407xx.o(RESET) refers to stm32f4xx_it.o(i.OTG_FS_IRQHandler) for OTG_FS_IRQHandler
    startup_stm32f407xx.o(RESET) refers to stm32f4xx_it.o(i.DMA2_Stream5_IRQHandler) for DMA2_Stream5_IRQHandler
    startup_stm32f407xx.o(RESET) refers to stm32f4xx_it.o(i.DMA2_Stream6_IRQHandler) for DMA2_Stream6_IRQHandler
    startup_stm32f407xx.o(RESET) refers to stm32f4xx_it.o(i.DMA2_Stream7_IRQHandler) for DMA2_Stream7_IRQHandler
    startup_stm32f407xx.o(RESET) refers to stm32f4xx_it.o(i.USART6_IRQHandler) for USART6_IRQHandler
    startup_stm32f407xx.o(.text) refers (Special) to heapauxi.o(.text) for __use_two_region_memory
    startup_stm32f407xx.o(.text) refers to system_stm32f4xx.o(i.SystemInit) for SystemInit
    startup_stm32f407xx.o(.text) refers to __main.o(!!!main) for __main
    startup_stm32f407xx.o(.text) refers to startup_stm32f407xx.o(HEAP) for Heap_Mem
    startup_stm32f407xx.o(.text) refers to startup_stm32f407xx.o(STACK) for Stack_Mem
    main.o(i.HAL_TIM_PeriodElapsedCallback) refers to stm32f4xx_hal.o(i.HAL_IncTick) for HAL_IncTick
    main.o(i.MX_ADC1_Init) refers to stm32f4xx_hal_adc.o(i.HAL_ADC_Init) for HAL_ADC_Init
    main.o(i.MX_ADC1_Init) refers to main.o(i.Error_Handler) for Error_Handler
    main.o(i.MX_ADC1_Init) refers to stm32f4xx_hal_adc.o(i.HAL_ADC_ConfigChannel) for HAL_ADC_ConfigChannel
    main.o(i.MX_ADC1_Init) refers to main.o(.bss) for hadc1
    main.o(i.MX_ADC3_Init) refers to stm32f4xx_hal_adc.o(i.HAL_ADC_Init) for HAL_ADC_Init
    main.o(i.MX_ADC3_Init) refers to main.o(i.Error_Handler) for Error_Handler
    main.o(i.MX_ADC3_Init) refers to stm32f4xx_hal_adc.o(i.HAL_ADC_ConfigChannel) for HAL_ADC_ConfigChannel
    main.o(i.MX_ADC3_Init) refers to main.o(.bss) for hadc3
    main.o(i.MX_CAN1_Init) refers to stm32f4xx_hal_can.o(i.HAL_CAN_Init) for HAL_CAN_Init
    main.o(i.MX_CAN1_Init) refers to main.o(i.Error_Handler) for Error_Handler
    main.o(i.MX_CAN1_Init) refers to main.o(.bss) for hcan1
    main.o(i.MX_CAN2_Init) refers to stm32f4xx_hal_can.o(i.HAL_CAN_Init) for HAL_CAN_Init
    main.o(i.MX_CAN2_Init) refers to main.o(i.Error_Handler) for Error_Handler
[...]
    0x080022d8   0x080022d8   0x0000017c   Code   RO         8454    i.BMI088_read       bmi088driver.o
    0x08002454   0x08002454   0x00000026   Code   RO         8457    i.BMI088_read_muli_reg  bmi088driver.o
    0x0800247a   0x0800247a   0x00000018   Code   RO         8458    i.BMI088_read_single_reg  bmi088driver.o
    0x08002492   0x08002492   0x00000002   PAD
    0x08002494   0x08002494   0x00000020   Code   RO         8595    i.BMI088_read_write_byte  bmi088middleware.o
    0x080024b4   0x080024b4   0x00000034   Code   RO         8459    i.BMI088_temperature_read_over  bmi088driver.o
    0x080024e8   0x080024e8   0x00000014   Code   RO         8460    i.BMI088_write_single_reg  bmi088driver.o
    0x080024fc   0x080024fc   0x00000004   Code   RO          409    i.BusFault_Handler  stm32f4xx_it.o
    0x08002500   0x08002500   0x00000098   Code   RO          410    i.CAN1_RX0_IRQHandler  stm32f4xx_it.o
    0x08002598   0x08002598   0x0000009c   Code   RO          411    i.CAN2_RX0_IRQHandler  stm32f4xx_it.o
    0x08002634   0x08002634   0x00000036   Code   RO         8249    i.CAN_transmit_sender  transmit.o
    0x0800266a   0x0800266a   0x00000002   PAD
    0x0800266c   0x0800266c   0x00000054   Code   RO         7618    i.CAP_Unpack        motor.o
    0x080026c0   0x080026c0   0x00000044   Code   RO         9056    i.CDC_Control_FS    usbd_cdc_if.o
    0x08002704   0x08002704   0x00000004   Code   RO         9057    i.CDC_DeInit_FS     usbd_cdc_if.o
    0x08002708   0x08002708   0x00000024   Code   RO         9058    i.CDC_Init_FS       usbd_cdc_if.o
    0x0800272c   0x0800272c   0x0000001c   Code   RO         9059    i.CDC_Receive_FS    usbd_cdc_if.o
    0x08002748   0x08002748   0x0000000c   Code   RO         9060    i.CDC_TransmitCplt_FS  usbd_cdc_if.o
    0x08002754   0x08002754   0x00000038   Code   RO         9061    i.CDC_Transmit_FS   usbd_cdc_if.o
    0x0800278c   0x0800278c   0x0000004e   Code   RO         7619    i.CanMotor_ESCDataUnpack  motor.o
    0x080027da   0x080027da   0x00000002   PAD
    0x080027dc   0x080027dc   0x000000b8   Code   RO         7620    i.CanMotor_Init     motor.o
    0x08002894   0x08002894   0x00000006   Code   RO        10054    i.CanMotor_ResetTotalAngle  chassis.o
    0x0800289a   0x0800289a   0x00000002   PAD
    0x0800289c   0x0800289c   0x0000006c   Code   RO         7621    i.CanMotor_SendCurrent  motor.o
    0x08002908   0x08002908   0x00000120   Code   RO         9833    i.Comm_init         comm.o
    0x08002a28   0x08002a28   0x00000060   Code   RO         9834    i.Comm_task         comm.o
    0x08002a88   0x08002a88   0x00000024   Code   RO         7099    i.Components_Init   components.o
    0x08002aac   0x08002aac   0x00000034   Code   RO         7127    i.Controller_Init   controller.o
    0x08002ae0   0x08002ae0   0x00000010   Code   RO          412    i.DMA1_Stream1_IRQHandler  stm32f4xx_it.o
    0x08002af0   0x08002af0   0x00000010   Code   RO          413    i.DMA2_Stream1_IRQHandler  stm32f4xx_it.o
    0x08002b00   0x08002b00   0x00000008   Code   RO          414    i.DMA2_Stream2_IRQHandler  stm32f4xx_it.o
    0x08002b08   0x08002b08   0x00000880   Code   RO         7257    i.DMA2_Stream2_IRQHandler_IMU  imu.o
    0x08003388   0x08003388   0x00000010   Code   RO          415    i.DMA2_Stream3_IRQHandler  stm32f4xx_it.o
    0x08003398   0x08003398   0x00000010   Code   RO          416    i.DMA2_Stream5_IRQHandler  stm32f4xx_it.o
    0x080033a8   0x080033a8   0x00000010   Code   RO          417    i.DMA2_Stream6_IRQHandler  stm32f4xx_it.o
    0x080033b8   0x080033b8   0x00000010   Code   RO          418    i.DMA2_Stream7_IRQHandler  stm32f4xx_it.o
    0x080033c8   0x080033c8   0x00000034   Code   RO         1817    i.DMA_CalcBaseAndBitshift  stm32f4xx_hal_dma.o
    0x080033fc   0x080033fc   0x000000aa   Code   RO         1818    i.DMA_CheckFifoParam  stm32f4xx_hal_dma.o
    0x080034a6   0x080034a6   0x0000002c   Code   RO         1819    i.DMA_SetConfig     stm32f4xx_hal_dma.o
    0x080034d2   0x080034d2   0x00000002   PAD
    0x080034d4   0x080034d4   0x000001d8   Code   RO         8148    i.DMMotor_ESCDataUnpack  dm_motor.o
    0x080036ac   0x080036ac   0x00000020   Code   RO         8149    i.DMMotor_General_Init  dm_motor.o
    0x080036cc   0x080036cc   0x00000002   Code   RO          419    i.DebugMon_Handler  stm32f4xx_it.o
    0x080036ce   0x080036ce   0x0000000a   Code   RO          420    i.EXTI0_IRQHandler  stm32f4xx_it.o
    0x080036d8   0x080036d8   0x0000000a   Code   RO          421    i.EXTI3_IRQHandler  stm32f4xx_it.o
    0x080036e2   0x080036e2   0x0000000a   Code   RO          422    i.EXTI4_IRQHandler  stm32f4xx_it.o
    0x080036ec   0x080036ec   0x0000000a   Code   RO          423    i.EXTI9_5_IRQHandler  stm32f4xx_it.o
    0x080036f6   0x080036f6   0x00000006   Code   RO           13    i.Error_Handler     main.o
    0x080036fc   0x080036fc   0x0000005c   Code   RO         1587    i.FLASH_Erase_Sector  stm32f4xx_hal_flash_ex.o
    0x08003758   0x08003758   0x00000078   Code   RO         1588    i.FLASH_FlushCaches  stm32f4xx_hal_flash_ex.o
    0x080037d0   0x080037d0   0x00000030   Code   RO         1589    i.FLASH_MassErase   stm32f4xx_hal_flash_ex.o
    0x08003800   0x08003800   0x00000024   Code   RO         1469    i.FLASH_Program_Byte  stm32f4xx_hal_flash.o
    0x08003824   0x08003824   0x0000003c   Code   RO         1470    i.FLASH_Program_DoubleWord  stm32f4xx_hal_flash.o
    0x08003860   0x08003860   0x00000028   Code   RO         1471    i.FLASH_Program_HalfWord  stm32f4xx_hal_flash.o
    0x08003888   0x08003888   0x00000028   Code   RO         1472    i.FLASH_Program_Word  stm32f4xx_hal_flash.o
    0x080038b0   0x080038b0   0x00000098   Code   RO         1473    i.FLASH_SetErrorCode  stm32f4xx_hal_flash.o
    0x08003948   0x08003948   0x00000064   Code   RO         1474    i.FLASH_WaitForLastOperation  stm32f4xx_hal_flash.o
    0x080039ac   0x080039ac   0x00000040   Code   RO        10055    i.FSFC_Init         chassis.o
    0x080039ec   0x080039ec   0x000000d8   Code   RO         8124    i.FSFC_calc         fsfc.o
    0x08003ac4   0x08003ac4   0x00000034   Code   RO         8966    i.Get_SerialNum     usbd_desc.o
    0x08003af8   0x08003af8   0x0000018c   Code   RO         2500    i.HAL_ADC_ConfigChannel  stm32f4xx_hal_adc.o
    0x08003c84   0x08003c84   0x00000008   Code   RO         2507    i.HAL_ADC_GetValue  stm32f4xx_hal_adc.o
    0x08003c8c   0x08003c8c   0x00000068   Code   RO         2509    i.HAL_ADC_Init      stm32f4xx_hal_adc.o
    0x08003cf4   0x08003cf4   0x000000ac   Code   RO          580    i.HAL_ADC_MspInit   stm32f4xx_hal_msp.o
    0x08003da0   0x08003da0   0x000000ce   Code   RO         2513    i.HAL_ADC_PollForConversion  stm32f4xx_hal_adc.o
    0x08003e6e   0x08003e6e   0x00000002   PAD
    0x08003e70   0x08003e70   0x0000014c   Code   RO         2515    i.HAL_ADC_Start     stm32f4xx_hal_adc.o
    0x08003fbc   0x08003fbc   0x0000002a   Code   RO         2774    i.HAL_CAN_ActivateNotification  stm32f4xx_hal_can.o
    0x08003fe6   0x08003fe6   0x00000156   Code   RO         2775    i.HAL_CAN_AddTxMessage  stm32f4xx_hal_can.o
    0x0800413c   0x0800413c   0x00000124   Code   RO         2776    i.HAL_CAN_ConfigFilter  stm32f4xx_hal_can.o
    0x08004260   0x08004260   0x00000002   Code   RO         2779    i.HAL_CAN_ErrorCallback  stm32f4xx_hal_can.o
    0x08004262   0x08004262   0x00000036   Code   RO         2784    i.HAL_CAN_GetTxMailboxesFreeLevel  stm32f4xx_hal_can.o
    0x08004298   0x08004298   0x0000024e   Code   RO         2786    i.HAL_CAN_IRQHandler  stm32f4xx_hal_can.o
    0x080044e6   0x080044e6   0x00000174   Code   RO         2787    i.HAL_CAN_Init      stm32f4xx_hal_can.o
    0x0800465a   0x0800465a   0x00000002   PAD
    0x0800465c   0x0800465c   0x00000160   Code   RO          582    i.HAL_CAN_MspInit   stm32f4xx_hal_msp.o
    0x080047bc   0x080047bc   0x00000002   Code   RO         2794    i.HAL_CAN_RxFifo0FullCallback  stm32f4xx_hal_can.o
    0x080047be   0x080047be   0x00000002   Code   RO         2795    i.HAL_CAN_RxFifo0MsgPendingCallback  stm32f4xx_hal_can.o
    0x080047c0   0x080047c0   0x00000002   Code   RO         2796    i.HAL_CAN_RxFifo1FullCallback  stm32f4xx_hal_can.o
    0x080047c2   0x080047c2   0x00000002   Code   RO         2797    i.HAL_CAN_RxFifo1MsgPendingCallback  stm32f4xx_hal_can.o
    0x080047c4   0x080047c4   0x00000002   Code   RO         2798    i.HAL_CAN_SleepCallback  stm32f4xx_hal_can.o
    0x080047c6   0x080047c6   0x0000005e   Code   RO         2799    i.HAL_CAN_Start     stm32f4xx_hal_can.o
    0x08004824   0x08004824   0x00000002   Code   RO         2801    i.HAL_CAN_TxMailbox0AbortCallback  stm32f4xx_hal_can.o
    0x08004826   0x08004826   0x0000000c   Code   RO         8314    i.HAL_CAN_TxMailbox0CompleteCallback  can_send.o
    0x08004832   0x08004832   0x00000002   Code   RO         2803    i.HAL_CAN_TxMailbox1AbortCallback  stm32f4xx_hal_can.o
    0x08004834   0x08004834   0x0000000c   Code   RO         8315    i.HAL_CAN_TxMailbox1CompleteCallback  can_send.o
    0x08004840   0x08004840   0x00000002   Code   RO         2805    i.HAL_CAN_TxMailbox2AbortCallback  stm32f4xx_hal_can.o
    0x08004842   0x08004842   0x0000000c   Code   RO         8316    i.HAL_CAN_TxMailbox2CompleteCallback  can_send.o
    0x0800484e   0x0800484e   0x00000002   Code   RO         2808    i.HAL_CAN_WakeUpFromRxMsgCallback  stm32f4xx_hal_can.o
    0x08004850   0x08004850   0x000000ac   Code   RO         1820    i.HAL_DMA_Abort     stm32f4xx_hal_dma.o
    0x080048fc   0x080048fc   0x00000028   Code   RO         1821    i.HAL_DMA_Abort_IT  stm32f4xx_hal_dma.o
    0x08004924   0x08004924   0x00000070   Code   RO         1822    i.HAL_DMA_DeInit    stm32f4xx_hal_dma.o
    0x08004994   0x08004994   0x00000006   Code   RO         1823    i.HAL_DMA_GetError  stm32f4xx_hal_dma.o
    0x0800499a   0x0800499a   0x00000002   PAD
    0x0800499c   0x0800499c   0x00000240   Code   RO         1825    i.HAL_DMA_IRQHandler  stm32f4xx_hal_dma.o
    0x08004bdc   0x08004bdc   0x000000ec   Code   RO         1826    i.HAL_DMA_Init      stm32f4xx_hal_dma.o
    0x08004cc8   0x08004cc8   0x00000092   Code   RO         1830    i.HAL_DMA_Start_IT  stm32f4xx_hal_dma.o
    0x08004d5a   0x08004d5a   0x00000002   PAD
    0x08004d5c   0x08004d5c   0x00000028   Code   RO         2244    i.HAL_Delay         stm32f4xx_hal.o
    0x08004d84   0x08004d84   0x000000ac   Code   RO         1599    i.HAL_FLASHEx_Erase  stm32f4xx_hal_flash_ex.o
    0x08004e30   0x08004e30   0x00000014   Code   RO         1478    i.HAL_FLASH_Lock    stm32f4xx_hal_flash.o
    0x08004e44   0x08004e44   0x00000098   Code   RO         1483    i.HAL_FLASH_Program  stm32f4xx_hal_flash.o
    0x08004edc   0x08004edc   0x00000034   Code   RO         1485    i.HAL_FLASH_Unlock  stm32f4xx_hal_flash.o
    0x08004f10   0x08004f10   0x00000164   Code   RO         1710    i.HAL_GPIO_DeInit   stm32f4xx_hal_gpio.o
    0x08005074   0x08005074   0x00000098   Code   RO         7479    i.HAL_GPIO_EXTI_Callback  exti.o
    0x0800510c   0x0800510c   0x0000001c   Code   RO         1712    i.HAL_GPIO_EXTI_IRQHandler  stm32f4xx_hal_gpio.o
    0x08005128   0x08005128   0x000001f0   Code   RO         1713    i.HAL_GPIO_Init     stm32f4xx_hal_gpio.o
    0x08005318   0x08005318   0x00000010   Code   RO         1715    i.HAL_GPIO_ReadPin  stm32f4xx_hal_gpio.o
    0x08005328   0x08005328   0x0000000c   Code   RO         1717    i.HAL_GPIO_WritePin  stm32f4xx_hal_gpio.o
    0x08005334   0x08005334   0x0000000c   Code   RO         2250    i.HAL_GetTick       stm32f4xx_hal.o
    0x08005340   0x08005340   0x000001d0   Code   RO         3018    i.HAL_I2C_Init      stm32f4xx_hal_i2c.o
    0x08005510   0x08005510   0x000002f4   Code   RO         3036    i.HAL_I2C_Mem_Read  stm32f4xx_hal_i2c.o
    0x08005804   0x08005804   0x00000164   Code   RO         3039    i.HAL_I2C_Mem_Write  stm32f4xx_hal_i2c.o
    0x08005968   0x08005968   0x000001a8   Code   RO          584    i.HAL_I2C_MspInit   stm32f4xx_hal_msp.o
    0x08005b10   0x08005b10   0x00000018   Code   RO         2256    i.HAL_IncTick       stm32f4xx_hal.o
    0x08005b28   0x08005b28   0x0000003c   Code   RO         2257    i.HAL_Init          stm32f4xx_hal.o
    0x08005b64   0x08005b64   0x0000008c   Code   RO          696    i.HAL_InitTick      stm32f4xx_hal_timebase_tim.o
    0x08005bf0   0x08005bf0   0x00000054   Code   RO          585    i.HAL_MspInit       stm32f4xx_hal_msp.o
    0x08005c44   0x08005c44   0x00000044   Code   RO         2101    i.HAL_NVIC_DisableIRQ  stm32f4xx_hal_cortex.o
    0x08005c88   0x08005c88   0x00000020   Code   RO         2102    i.HAL_NVIC_EnableIRQ  stm32f4xx_hal_cortex.o
    0x08005ca8   0x08005ca8   0x0000007c   Code   RO         2108    i.HAL_NVIC_SetPriority  stm32f4xx_hal_cortex.o
    0x08005d24   0x08005d24   0x00000028   Code   RO         2109    i.HAL_NVIC_SetPriorityGrouping  stm32f4xx_hal_cortex.o
    0x08005d4c   0x08005d4c   0x00000002   Code   RO          967    i.HAL_PCDEx_LPM_Callback  stm32f4xx_hal_pcd_ex.o
    0x08005d4e   0x08005d4e   0x0000000a   Code   RO          968    i.HAL_PCDEx_SetRxFiFo  stm32f4xx_hal_pcd_ex.o
    0x08005d58   0x08005d58   0x0000004e   Code   RO          969    i.HAL_PCDEx_SetTxFiFo  stm32f4xx_hal_pcd_ex.o
    0x08005da6   0x08005da6   0x0000000e   Code   RO         9113    i.HAL_PCD_ConnectCallback  usbd_conf.o
    0x08005db4   0x08005db4   0x00000020   Code   RO         9114    i.HAL_PCD_DataInStageCallback  usbd_conf.o
    0x08005dd4   0x08005dd4   0x00000020   Code   RO         9115    i.HAL_PCD_DataOutStageCallback  usbd_conf.o
    0x08005df4   0x08005df4   0x0000000e   Code   RO         9116    i.HAL_PCD_DisconnectCallback  usbd_conf.o
    0x08005e02   0x08005e02   0x0000006a   Code   RO          744    i.HAL_PCD_EP_Close  stm32f4xx_hal_pcd.o
    0x08005e6c   0x08005e6c   0x0000007c   Code   RO          745    i.HAL_PCD_EP_ClrStall  stm32f4xx_hal_pcd.o
    0x08005ee8   0x08005ee8   0x00000016   Code   RO          747    i.HAL_PCD_EP_GetRxCount  stm32f4xx_hal_pcd.o
    0x08005efe   0x08005efe   0x0000008c   Code   RO          748    i.HAL_PCD_EP_Open   stm32f4xx_hal_pcd.o
    0x08005f8a   0x08005f8a   0x00000058   Code   RO          749    i.HAL_PCD_EP_Receive  stm32f4xx_hal_pcd.o
    0x08005fe2   0x08005fe2   0x0000008a   Code   RO          750    i.HAL_PCD_EP_SetStall  stm32f4xx_hal_pcd.o
    0x0800606c   0x0800606c   0x0000005a   Code   RO          751    i.HAL_PCD_EP_Transmit  stm32f4xx_hal_pcd.o
    0x080060c6   0x080060c6   0x0000055c   Code   RO          753    i.HAL_PCD_IRQHandler  stm32f4xx_hal_pcd.o
    0x08006622   0x08006622   0x00000012   Code   RO         9117    i.HAL_PCD_ISOINIncompleteCallback  usbd_conf.o
    0x08006634   0x08006634   0x00000012   Code   RO         9118    i.HAL_PCD_ISOOUTIncompleteCallback  usbd_conf.o
    0x08006646   0x08006646   0x00000166   Code   RO          756    i.HAL_PCD_Init      stm32f4xx_hal_pcd.o
    0x080067ac   0x080067ac   0x000000a8   Code   RO         9120    i.HAL_PCD_MspInit   usbd_conf.o
    0x08006854   0x08006854   0x00000030   Code   RO         9121    i.HAL_PCD_ResetCallback  usbd_conf.o
    0x08006884   0x08006884   0x0000000e   Code   RO         9122    i.HAL_PCD_ResumeCallback  usbd_conf.o
    0x08006892   0x08006892   0x0000000e   Code   RO         9123    i.HAL_PCD_SOFCallback  usbd_conf.o
    0x080068a0   0x080068a0   0x00000036   Code   RO          762    i.HAL_PCD_SetAddress  stm32f4xx_hal_pcd.o
    0x080068d6   0x080068d6   0x00000012   Code   RO         9124    i.HAL_PCD_SetupStageCallback  usbd_conf.o
    0x080068e8   0x080068e8   0x0000004a   Code   RO          764    i.HAL_PCD_Start     stm32f4xx_hal_pcd.o
    0x08006932   0x08006932   0x00000002   PAD
    0x08006934   0x08006934   0x00000034   Code   RO         9125    i.HAL_PCD_SuspendCallback  usbd_conf.o
    0x08006968   0x08006968   0x00000184   Code   RO         1314    i.HAL_RCC_ClockConfig  stm32f4xx_hal_rcc.o
    0x08006aec   0x08006aec   0x00000044   Code   RO         1318    i.HAL_RCC_GetClockConfig  stm32f4xx_hal_rcc.o
    0x08006b30   0x08006b30   0x0000000c   Code   RO         1319    i.HAL_RCC_GetHCLKFreq  stm32f4xx_hal_rcc.o
    0x08006b3c   0x08006b3c   0x00000020   Code   RO         1321    i.HAL_RCC_GetPCLK1Freq  stm32f4xx_hal_rcc.o
    0x08006b5c   0x08006b5c   0x00000020   Code   RO         1322    i.HAL_RCC_GetPCLK2Freq  stm32f4xx_hal_rcc.o
    0x08006b7c   0x08006b7c   0x000000b0   Code   RO         1323    i.HAL_RCC_GetSysClockFreq  stm32f4xx_hal_rcc.o
    0x08006c2c   0x08006c2c   0x0000049c   Code   RO         1326    i.HAL_RCC_OscConfig  stm32f4xx_hal_rcc.o
    0x080070c8   0x080070c8   0x000000c8   Code   RO         3508    i.HAL_SPI_Init      stm32f4xx_hal_spi.o
    0x08007190   0x08007190   0x000001cc   Code   RO          587    i.HAL_SPI_MspInit   stm32f4xx_hal_msp.o
    0x0800735c   0x0800735c   0x0000022a   Code   RO         3517    i.HAL_SPI_TransmitReceive  stm32f4xx_hal_spi.o
    0x08007586   0x08007586   0x00000002   Code   RO         4536    i.HAL_TIMEx_BreakCallback  stm32f4xx_hal_tim_ex.o
    0x08007588   0x08007588   0x00000002   Code   RO         4537    i.HAL_TIMEx_CommutCallback  stm32f4xx_hal_tim_ex.o
    0x0800758a   0x0800758a   0x00000074   Code   RO         4539    i.HAL_TIMEx_ConfigBreakDeadTime  stm32f4xx_hal_tim_ex.o
    0x080075fe   0x080075fe   0x00000002   PAD
    0x08007600   0x08007600   0x000000b4   Code   RO         4555    i.HAL_TIMEx_MasterConfigSynchronization  stm32f4xx_hal_tim_ex.o
    0x080076b4   0x080076b4   0x00000066   Code   RO         3821    i.HAL_TIM_Base_Init  stm32f4xx_hal_tim.o
    0x0800771a   0x0800771a   0x00000002   PAD
    0x0800771c   0x0800771c   0x00000034   Code   RO          589    i.HAL_TIM_Base_MspInit  stm32f4xx_hal_msp.o
    0x08007750   0x08007750   0x000000a8   Code   RO         3826    i.HAL_TIM_Base_Start_IT  stm32f4xx_hal_tim.o
    0x080077f8   0x080077f8   0x00000002   Code   RO         3855    i.HAL_TIM_IC_CaptureCallback  stm32f4xx_hal_tim.o
    0x080077fa   0x080077fa   0x00000196   Code   RO         3869    i.HAL_TIM_IRQHandler  stm32f4xx_hal_tim.o
    0x08007990   0x08007990   0x000001d4   Code   RO          590    i.HAL_TIM_MspPostInit  stm32f4xx_hal_msp.o
    0x08007b64   0x08007b64   0x00000002   Code   RO         3872    i.HAL_TIM_OC_DelayElapsedCallback  stm32f4xx_hal_tim.o
    0x08007b66   0x08007b66   0x00000104   Code   RO         3893    i.HAL_TIM_PWM_ConfigChannel  stm32f4xx_hal_tim.o
    0x08007c6a   0x08007c6a   0x00000066   Code   RO         3896    i.HAL_TIM_PWM_Init  stm32f4xx_hal_tim.o
    0x08007cd0   0x08007cd0   0x000000d4   Code   RO          592    i.HAL_TIM_PWM_MspInit  stm32f4xx_hal_msp.o
    0x08007da4   0x08007da4   0x00000002   Code   RO         3899    i.HAL_TIM_PWM_PulseFinishedCallback  stm32f4xx_hal_tim.o
    0x08007da6   0x08007da6   0x00000002   PAD
    0x08007da8   0x08007da8   0x0000010c   Code   RO         3901    i.HAL_TIM_PWM_Start  stm32f4xx_hal_tim.o
    0x08007eb4   0x08007eb4   0x00000018   Code   RO           14    i.HAL_TIM_PeriodElapsedCallback  main.o
    0x08007ecc   0x08007ecc   0x00000002   Code   RO         3912    i.HAL_TIM_TriggerCallback  stm32f4xx_hal_tim.o
    0x08007ece   0x08007ece   0x00000002   Code   RO         4814    i.HAL_UARTEx_RxEventCallback  stm32f4xx_hal_uart.o
    0x08007ed0   0x08007ed0   0x0000011a   Code   RO         4815    i.HAL_UART_Abort    stm32f4xx_hal_uart.o
    0x08007fea   0x08007fea   0x000000c4   Code   RO         4817    i.HAL_UART_AbortReceive  stm32f4xx_hal_uart.o
    0x080080ae   0x080080ae   0x0000003c   Code   RO         4827    i.HAL_UART_DeInit   stm32f4xx_hal_uart.o
    0x080080ea   0x080080ea   0x00000006   Code   RO         9726    i.HAL_UART_ErrorCallback  user_main.o
    0x080080f0   0x080080f0   0x000002e0   Code   RO         4831    i.HAL_UART_IRQHandler  stm32f4xx_hal_uart.o
    0x080083d0   0x080083d0   0x00000094   Code   RO         7948    i.HAL_UART_IdleCallback  communicate.o
    0x08008464   0x08008464   0x00000072   Code   RO         4832    i.HAL_UART_Init     stm32f4xx_hal_uart.o
    0x080084d6   0x080084d6   0x00000002   PAD
    0x080084d8   0x080084d8   0x000000c0   Code   RO          593    i.HAL_UART_MspDeInit  stm32f4xx_hal_msp.o
    0x08008598   0x08008598   0x0000034c   Code   RO          594    i.HAL_UART_MspInit  stm32f4xx_hal_msp.o
    0x080088e4   0x080088e4   0x00000042   Code   RO         4836    i.HAL_UART_Receive_DMA  stm32f4xx_hal_uart.o
    0x08008926   0x08008926   0x00000002   Code   RO         4838    i.HAL_UART_RxCpltCallback  stm32f4xx_hal_uart.o
    0x08008928   0x08008928   0x00000002   Code   RO         4839    i.HAL_UART_RxHalfCpltCallback  stm32f4xx_hal_uart.o
    0x0800892a   0x0800892a   0x00000002   Code   RO         4843    i.HAL_UART_TxCpltCallback  stm32f4xx_hal_uart.o
    0x0800892c   0x0800892c   0x00000004   Code   RO          424    i.HardFault_Handler  stm32f4xx_it.o
    0x08008930   0x08008930   0x00000006   Code   RO         8153    i.Hex_To_Float      dm_motor.o
    0x08008936   0x08008936   0x0000003e   Code   RO         3061    i.I2C_IsAcknowledgeFailed  stm32f4xx_hal_i2c.o
    0x08008974   0x08008974   0x00000160   Code   RO         3072    i.I2C_RequestMemoryRead  stm32f4xx_hal_i2c.o
    0x08008ad4   0x08008ad4   0x000000e0   Code   RO         3073    i.I2C_RequestMemoryWrite  stm32f4xx_hal_i2c.o
    0x08008bb4   0x08008bb4   0x0000005c   Code   RO         3081    i.I2C_WaitOnBTFFlagUntilTimeout  stm32f4xx_hal_i2c.o
    0x08008c10   0x08008c10   0x00000086   Code   RO         3082    i.I2C_WaitOnFlagUntilTimeout  stm32f4xx_hal_i2c.o
    0x08008c96   0x08008c96   0x000000c4   Code   RO         3083    i.I2C_WaitOnMasterAddressFlagUntilTimeout  stm32f4xx_hal_i2c.o
    0x08008d5a   0x08008d5a   0x00000080   Code   RO         3084    i.I2C_WaitOnRXNEFlagUntilTimeout  stm32f4xx_hal_i2c.o
    0x08008dda   0x08008dda   0x0000005c   Code   RO         3087    i.I2C_WaitOnTXEFlagUntilTimeout  stm32f4xx_hal_i2c.o
    0x08008e36   0x08008e36   0x00000002   PAD
    0x08008e38   0x08008e38   0x0000039c   Code   RO         7258    i.IMU_Calibrate     imu.o
    0x080091d4   0x080091d4   0x000002a4   Code   RO         7259    i.IMU_DataAcquisition_Task  imu.o
    0x08009478   0x08009478   0x00000100   Code   RO         7260    i.IMU_DataFrame_Handler  imu.o
    0x08009578   0x08009578   0x00000078   Code   RO         7261    i.IMU_FirstRun      imu.o
    0x080095f0   0x080095f0   0x000000c4   Code   RO         7262    i.IMU_Init          imu.o
    0x080096b4   0x080096b4   0x00000038   Code   RO         7263    i.IMU_RestoreOffset  imu.o
    0x080096ec   0x080096ec   0x0000007c   Code   RO         7264    i.IMU_StoreOffset   imu.o
    0x08009768   0x08009768   0x0000003e   Code   RO         8967    i.IntToUnicode      usbd_desc.o
    0x080097a6   0x080097a6   0x00000002   Code   RO         7480    i.KEY_Triggered     exti.o
    0x080097a8   0x080097a8   0x00000020   Code   RO         7056    i.LED_Init          led.o
    0x080097c8   0x080097c8   0x00000020   Code   RO         7058    i.LED_SetRGB        led.o
    0x080097e8   0x080097e8   0x00000014   Code   RO         7760    i.Laser_5V_Enable   laser_5v.o
    0x080097fc   0x080097fc   0x00000070   Code   RO        10056    i.LowPass_SetChassis  chassis.o
    0x0800986c   0x0800986c   0x00000070   Code   RO           15    i.MX_ADC1_Init      main.o
    0x080098dc   0x080098dc   0x00000070   Code   RO           16    i.MX_ADC3_Init      main.o
    0x0800994c   0x0800994c   0x00000044   Code   RO           17    i.MX_CAN1_Init      main.o
    0x08009990   0x08009990   0x00000044   Code   RO           18    i.MX_CAN2_Init      main.o
    0x080099d4   0x080099d4   0x000000b8   Code   RO           19    i.MX_DMA_Init       main.o
    0x08009a8c   0x08009a8c   0x0000028c   Code   RO           20    i.MX_GPIO_Init      main.o
    0x08009d18   0x08009d18   0x0000003c   Code   RO           21    i.MX_I2C1_Init      main.o
    0x08009d54   0x08009d54   0x0000003c   Code   RO           22    i.MX_I2C2_Init      main.o
    0x08009d90   0x08009d90   0x0000003c   Code   RO           23    i.MX_I2C3_Init      main.o
    0x08009dcc   0x08009dcc   0x00000048   Code   RO           24    i.MX_SPI1_Init      main.o
    0x08009e14   0x08009e14   0x00000044   Code   RO           25    i.MX_SPI2_Init      main.o
    0x08009e58   0x08009e58   0x0000006c   Code   RO           26    i.MX_TIM10_Init     main.o
    0x08009ec4   0x08009ec4   0x000000e0   Code   RO           27    i.MX_TIM1_Init      main.o
    0x08009fa4   0x08009fa4   0x0000007c   Code   RO           28    i.MX_TIM4_Init      main.o
    0x0800a020   0x0800a020   0x000000a0   Code   RO           29    i.MX_TIM5_Init      main.o
    0x0800a0c0   0x0800a0c0   0x000000c0   Code   RO           30    i.MX_TIM8_Init      main.o
    0x0800a180   0x0800a180   0x00000040   Code   RO           31    i.MX_USART1_UART_Init  main.o
    0x0800a1c0   0x0800a1c0   0x00000040   Code   RO           32    i.MX_USART3_UART_Init  main.o
    0x0800a200   0x0800a200   0x00000038   Code   RO           33    i.MX_USART6_UART_Init  main.o
    0x0800a238   0x0800a238   0x0000004c   Code   RO         8935    i.MX_USB_DEVICE_Init  usb_device.o
    0x0800a284   0x0800a284   0x000005ac   Code   RO         8388    i.MahonyAHRSupdate  mahonyahrs.o
    0x0800a830   0x0800a830   0x000002fc   Code   RO         8389    i.MahonyAHRSupdateIMU  mahonyahrs.o
    0x0800ab2c   0x0800ab2c   0x00000004   Code   RO          425    i.MemManage_Handler  stm32f4xx_it.o
    0x0800ab30   0x0800ab30   0x00000004   Code   RO          426    i.NMI_Handler       stm32f4xx_it.o
    0x0800ab34   0x0800ab34   0x00000010   Code   RO          427    i.OTG_FS_IRQHandler  stm32f4xx_it.o
    0x0800ab44   0x0800ab44   0x00000064   Code   RO          768    i.PCD_EP_OutSetupPacket_int  stm32f4xx_hal_pcd.o
    0x0800aba8   0x0800aba8   0x0000017c   Code   RO          769    i.PCD_EP_OutXfrComplete_int  stm32f4xx_hal_pcd.o
    0x0800ad24   0x0800ad24   0x000000b6   Code   RO          770    i.PCD_WriteEmptyTxFifo  stm32f4xx_hal_pcd.o
    0x0800adda   0x0800adda   0x00000002   PAD
    0x0800addc   0x0800addc   0x00000130   Code   RO         7519    i.PID_calc          pid.o
    0x0800af0c   0x0800af0c   0x00000038   Code   RO        10057    i.PID_init          chassis.o
    0x0800af44   0x0800af44   0x00000084   Code   RO         7546    i.PWM_Init          pwm.o
    0x0800afc8   0x0800afc8   0x0000000e   Code   RO         7550    i.PWM_Start         pwm.o
    0x0800afd6   0x0800afd6   0x00000002   PAD
    0x0800afd8   0x0800afd8   0x000000ec   Code   RO         7128    i.RCDataUnpacker    controller.o
    0x0800b0c4   0x0800b0c4   0x0000273c   Code   RO         7265    i.SPI1_DMA_enable   imu.o
    0x0800d800   0x0800d800   0x00000180   Code   RO         7266    i.SPI1_DMA_init     imu.o
    0x0800d980   0x0800d980   0x0000006c   Code   RO         3546    i.SPI_EndRxTxTransaction  stm32f4xx_hal_spi.o
    0x0800d9ec   0x0800d9ec   0x000000d8   Code   RO         3551    i.SPI_WaitFlagStateUntilTimeout  stm32f4xx_hal_spi.o
    0x0800dac4   0x0800dac4   0x00000012   Code   RO         9458    i.SWAPBYTE          usbd_ctlreq.o
    0x0800dad6   0x0800dad6   0x00000002   PAD
    0x0800dad8   0x0800dad8   0x00000098   Code   RO         7622    i.SendCapData       motor.o
    0x0800db70   0x0800db70   0x00000068   Code   RO           34    i.StartDefaultTask  main.o
    0x0800dbd8   0x0800dbd8   0x00000016   Code   RO         6351    i.SysTick_Handler   cmsis_os2.o
    0x0800dbee   0x0800dbee   0x00000002   PAD
    0x0800dbf0   0x0800dbf0   0x000000b4   Code   RO           35    i.SystemClock_Config  main.o
    0x0800dca4   0x0800dca4   0x00000014   Code   RO         5171    i.SystemInit        system_stm32f4xx.o
    0x0800dcb8   0x0800dcb8   0x00000018   Code   RO          428    i.TIM8_TRG_COM_TIM14_IRQHandler  stm32f4xx_it.o
    0x0800dcd0   0x0800dcd0   0x000000d8   Code   RO         3914    i.TIM_Base_SetConfig  stm32f4xx_hal_tim.o
    0x0800dda8   0x0800dda8   0x00000022   Code   RO         3915    i.TIM_CCxChannelCmd  stm32f4xx_hal_tim.o
    0x0800ddca   0x0800ddca   0x00000002   PAD
    0x0800ddcc   0x0800ddcc   0x00000070   Code   RO         3927    i.TIM_OC1_SetConfig  stm32f4xx_hal_tim.o
    0x0800de3c   0x0800de3c   0x0000007c   Code   RO         3928    i.TIM_OC2_SetConfig  stm32f4xx_hal_tim.o
    0x0800deb8   0x0800deb8   0x00000078   Code   RO         3929    i.TIM_OC3_SetConfig  stm32f4xx_hal_tim.o
    0x0800df30   0x0800df30   0x00000054   Code   RO         3930    i.TIM_OC4_SetConfig  stm32f4xx_hal_tim.o
    0x0800df84   0x0800df84   0x00000014   Code   RO         4845    i.UART_DMAAbortOnError  stm32f4xx_hal_uart.o
    0x0800df98   0x0800df98   0x00000050   Code   RO         4846    i.UART_DMAError     stm32f4xx_hal_uart.o
    0x0800dfe8   0x0800dfe8   0x000000b0   Code   RO         4847    i.UART_DMAReceiveCplt  stm32f4xx_hal_uart.o
    0x0800e098   0x0800e098   0x00000020   Code   RO         4849    i.UART_DMARxHalfCplt  stm32f4xx_hal_uart.o
    0x0800e0b8   0x0800e0b8   0x0000006c   Code   RO         4855    i.UART_EndRxTransfer  stm32f4xx_hal_uart.o
    0x0800e124   0x0800e124   0x00000020   Code   RO         4856    i.UART_EndTransmit_IT  stm32f4xx_hal_uart.o
    0x0800e144   0x0800e144   0x00000026   Code   RO         4857    i.UART_EndTxTransfer  stm32f4xx_hal_uart.o
    0x0800e16a   0x0800e16a   0x000000f8   Code   RO         4858    i.UART_Receive_IT   stm32f4xx_hal_uart.o
    0x0800e262   0x0800e262   0x00000002   PAD
    0x0800e264   0x0800e264   0x0000022c   Code   RO         4859    i.UART_SetConfig    stm32f4xx_hal_uart.o
    0x0800e490   0x0800e490   0x000000cc   Code   RO         4860    i.UART_Start_Receive_DMA  stm32f4xx_hal_uart.o
    0x0800e55c   0x0800e55c   0x00000034   Code   RO         7949    i.UART_Start_Receive_UnfixedLength_IT  communicate.o
    0x0800e590   0x0800e590   0x00000060   Code   RO         4862    i.UART_Transmit_IT  stm32f4xx_hal_uart.o
    0x0800e5f0   0x0800e5f0   0x00000048   Code   RO          429    i.USART1_IRQHandler  stm32f4xx_it.o
    0x0800e638   0x0800e638   0x000000ec   Code   RO          430    i.USART3_IRQHandler  stm32f4xx_it.o
    0x0800e724   0x0800e724   0x0000004c   Code   RO          431    i.USART6_IRQHandler  stm32f4xx_it.o
    0x0800e770   0x0800e770   0x00000094   Code   RO         9621    i.USBD_CDC_DataIn   usbd_cdc.o
    0x0800e804   0x0800e804   0x00000034   Code   RO         9622    i.USBD_CDC_DataOut  usbd_cdc.o
    0x0800e838   0x0800e838   0x00000052   Code   RO         9623    i.USBD_CDC_DeInit   usbd_cdc.o
    0x0800e88a   0x0800e88a   0x00000038   Code   RO         9624    i.USBD_CDC_EP0_RxReady  usbd_cdc.o
    0x0800e8c2   0x0800e8c2   0x00000002   PAD
    0x0800e8c4   0x0800e8c4   0x00000010   Code   RO         9625    i.USBD_CDC_GetDeviceQualifierDescriptor  usbd_cdc.o
    0x0800e8d4   0x0800e8d4   0x00000010   Code   RO         9626    i.USBD_CDC_GetFSCfgDesc  usbd_cdc.o
    0x0800e8e4   0x0800e8e4   0x00000010   Code   RO         9627    i.USBD_CDC_GetHSCfgDesc  usbd_cdc.o
    0x0800e8f4   0x0800e8f4   0x00000010   Code   RO         9628    i.USBD_CDC_GetOtherSpeedCfgDesc  usbd_cdc.o
    0x0800e904   0x0800e904   0x000000c0   Code   RO         9629    i.USBD_CDC_Init     usbd_cdc.o
    0x0800e9c4   0x0800e9c4   0x0000003a   Code   RO         9630    i.USBD_CDC_ReceivePacket  usbd_cdc.o
    0x0800e9fe   0x0800e9fe   0x00000010   Code   RO         9631    i.USBD_CDC_RegisterInterface  usbd_cdc.o
    0x0800ea0e   0x0800ea0e   0x00000016   Code   RO         9632    i.USBD_CDC_SetRxBuffer  usbd_cdc.o
    0x0800ea24   0x0800ea24   0x0000001c   Code   RO         9633    i.USBD_CDC_SetTxBuffer  usbd_cdc.o
    0x0800ea40   0x0800ea40   0x0000011c   Code   RO         9634    i.USBD_CDC_Setup    usbd_cdc.o
    0x0800eb5c   0x0800eb5c   0x0000003c   Code   RO         9635    i.USBD_CDC_TransmitPacket  usbd_cdc.o
    0x0800eb98   0x0800eb98   0x0000001c   Code   RO         9320    i.USBD_ClrClassConfig  usbd_core.o
    0x0800ebb4   0x0800ebb4   0x0000003e   Code   RO         9459    i.USBD_ClrFeature   usbd_ctlreq.o
    0x0800ebf2   0x0800ebf2   0x00000018   Code   RO         9561    i.USBD_CtlContinueRx  usbd_ioreq.o
    0x0800ec0a   0x0800ec0a   0x00000018   Code   RO         9562    i.USBD_CtlContinueSendData  usbd_ioreq.o
    0x0800ec22   0x0800ec22   0x00000018   Code   RO         9460    i.USBD_CtlError     usbd_ctlreq.o
    0x0800ec3a   0x0800ec3a   0x00000028   Code   RO         9563    i.USBD_CtlPrepareRx  usbd_ioreq.o
    0x0800ec62   0x0800ec62   0x0000001a   Code   RO         9564    i.USBD_CtlReceiveStatus  usbd_ioreq.o
    0x0800ec7c   0x0800ec7c   0x00000022   Code   RO         9565    i.USBD_CtlSendData  usbd_ioreq.o
    0x0800ec9e   0x0800ec9e   0x0000001a   Code   RO         9566    i.USBD_CtlSendStatus  usbd_ioreq.o
    0x0800ecb8   0x0800ecb8   0x00000034   Code   RO         8968    i.USBD_FS_ConfigStrDescriptor  usbd_desc.o
    0x0800ecec   0x0800ecec   0x00000010   Code   RO         8969    i.USBD_FS_DeviceDescriptor  usbd_desc.o
    0x0800ecfc   0x0800ecfc   0x00000038   Code   RO         8970    i.USBD_FS_InterfaceStrDescriptor  usbd_desc.o
    0x0800ed34   0x0800ed34   0x00000010   Code   RO         8971    i.USBD_FS_LangIDStrDescriptor  usbd_desc.o
    0x0800ed44   0x0800ed44   0x0000002c   Code   RO         8972    i.USBD_FS_ManufacturerStrDescriptor  usbd_desc.o
    0x0800ed70   0x0800ed70   0x00000040   Code   RO         8973    i.USBD_FS_ProductStrDescriptor  usbd_desc.o
    0x0800edb0   0x0800edb0   0x00000018   Code   RO         8974    i.USBD_FS_SerialStrDescriptor  usbd_desc.o
    0x0800edc8   0x0800edc8   0x00000056   Code   RO         9461    i.USBD_GetConfig    usbd_ctlreq.o
    0x0800ee1e   0x0800ee1e   0x000001fc   Code   RO         9462    i.USBD_GetDescriptor  usbd_ctlreq.o
    0x0800f01a   0x0800f01a   0x00000016   Code   RO         9463    i.USBD_GetLen       usbd_ctlreq.o
    0x0800f030   0x0800f030   0x0000005a   Code   RO         9464    i.USBD_GetStatus    usbd_ctlreq.o
    0x0800f08a   0x0800f08a   0x00000054   Code   RO         9465    i.USBD_GetString    usbd_ctlreq.o
    0x0800f0de   0x0800f0de   0x0000002c   Code   RO         9126    i.USBD_Get_USB_Status  usbd_conf.o
    0x0800f10a   0x0800f10a   0x0000003a   Code   RO         9322    i.USBD_Init         usbd_core.o
    0x0800f144   0x0800f144   0x00000026   Code   RO         9127    i.USBD_LL_ClearStallEP  usbd_conf.o
    0x0800f16a   0x0800f16a   0x00000026   Code   RO         9128    i.USBD_LL_CloseEP   usbd_conf.o
    0x0800f190   0x0800f190   0x000000e2   Code   RO         9323    i.USBD_LL_DataInStage  usbd_core.o
    0x0800f272   0x0800f272   0x0000008e   Code   RO         9324    i.USBD_LL_DataOutStage  usbd_core.o
    0x0800f300   0x0800f300   0x00000006   Code   RO         9325    i.USBD_LL_DevConnected  usbd_core.o
    0x0800f306   0x0800f306   0x00000020   Code   RO         9326    i.USBD_LL_DevDisconnected  usbd_core.o
    0x0800f326   0x0800f326   0x00000012   Code   RO         9132    i.USBD_LL_GetRxDataSize  usbd_conf.o
    0x0800f338   0x0800f338   0x00000068   Code   RO         9133    i.USBD_LL_Init      usbd_conf.o
    0x0800f3a0   0x0800f3a0   0x00000038   Code   RO         9134    i.USBD_LL_IsStallEP  usbd_conf.o
    0x0800f3d8   0x0800f3d8   0x00000030   Code   RO         9327    i.USBD_LL_IsoINIncomplete  usbd_core.o
    0x0800f408   0x0800f408   0x00000030   Code   RO         9328    i.USBD_LL_IsoOUTIncomplete  usbd_core.o
    0x0800f438   0x0800f438   0x00000030   Code   RO         9135    i.USBD_LL_OpenEP    usbd_conf.o
    0x0800f468   0x0800f468   0x00000030   Code   RO         9136    i.USBD_LL_PrepareReceive  usbd_conf.o
    0x0800f498   0x0800f498   0x0000006c   Code   RO         9329    i.USBD_LL_Reset     usbd_core.o
    0x0800f504   0x0800f504   0x00000016   Code   RO         9330    i.USBD_LL_Resume    usbd_core.o
    0x0800f51a   0x0800f51a   0x0000002c   Code   RO         9331    i.USBD_LL_SOF       usbd_core.o
    0x0800f546   0x0800f546   0x00000008   Code   RO         9332    i.USBD_LL_SetSpeed  usbd_core.o
    0x0800f54e   0x0800f54e   0x00000026   Code   RO         9137    i.USBD_LL_SetUSBAddress  usbd_conf.o
    0x0800f574   0x0800f574   0x00000076   Code   RO         9333    i.USBD_LL_SetupStage  usbd_core.o
    0x0800f5ea   0x0800f5ea   0x00000026   Code   RO         9138    i.USBD_LL_StallEP   usbd_conf.o
    0x0800f610   0x0800f610   0x0000001e   Code   RO         9139    i.USBD_LL_Start     usbd_conf.o
    0x0800f62e   0x0800f62e   0x00000014   Code   RO         9334    i.USBD_LL_Suspend   usbd_core.o
    0x0800f642   0x0800f642   0x00000030   Code   RO         9141    i.USBD_LL_Transmit  usbd_conf.o
    0x0800f672   0x0800f672   0x00000036   Code   RO         9466    i.USBD_ParseSetupRequest  usbd_ctlreq.o
    0x0800f6a8   0x0800f6a8   0x0000002e   Code   RO         9335    i.USBD_RegisterClass  usbd_core.o
    0x0800f6d6   0x0800f6d6   0x00000006   Code   RO         9336    i.USBD_RunTestMode  usbd_core.o
    0x0800f6dc   0x0800f6dc   0x0000005a   Code   RO         9467    i.USBD_SetAddress   usbd_ctlreq.o
    0x0800f736   0x0800f736   0x00000020   Code   RO         9337    i.USBD_SetClassConfig  usbd_core.o
    0x0800f756   0x0800f756   0x00000002   PAD
    0x0800f758   0x0800f758   0x000000fc   Code   RO         9468    i.USBD_SetConfig    usbd_ctlreq.o
    0x0800f854   0x0800f854   0x00000018   Code   RO         9469    i.USBD_SetFeature   usbd_ctlreq.o
    0x0800f86c   0x0800f86c   0x0000000c   Code   RO         9338    i.USBD_Start        usbd_core.o
    0x0800f878   0x0800f878   0x000000a6   Code   RO         9470    i.USBD_StdDevReq    usbd_ctlreq.o
    0x0800f91e   0x0800f91e   0x0000022c   Code   RO         9471    i.USBD_StdEPReq     usbd_ctlreq.o
    0x0800fb4a   0x0800fb4a   0x0000007e   Code   RO         9472    i.USBD_StdItfReq    usbd_ctlreq.o
    0x0800fbc8   0x0800fbc8   0x00000002   Code   RO         9142    i.USBD_static_free  usbd_conf.o
    0x0800fbca   0x0800fbca   0x00000002   PAD
    0x0800fbcc   0x0800fbcc   0x0000000c   Code   RO         9143    i.USBD_static_malloc  usbd_conf.o
    0x0800fbd8   0x0800fbd8   0x000000d0   Code   RO         1009    i.USB_ActivateEndpoint  stm32f4xx_ll_usb.o
    0x0800fca8   0x0800fca8   0x00000028   Code   RO         1011    i.USB_ActivateSetup  stm32f4xx_ll_usb.o
    0x0800fcd0   0x0800fcd0   0x00000084   Code   RO         1013    i.USB_CoreInit      stm32f4xx_ll_usb.o
    0x0800fd54   0x0800fd54   0x00000054   Code   RO         1014    i.USB_CoreReset     stm32f4xx_ll_usb.o
    0x0800fda8   0x0800fda8   0x0000014c   Code   RO         1017    i.USB_DeactivateEndpoint  stm32f4xx_ll_usb.o
    0x0800fef4   0x0800fef4   0x00000024   Code   RO         1018    i.USB_DevConnect    stm32f4xx_ll_usb.o
    0x0800ff18   0x0800ff18   0x00000024   Code   RO         1019    i.USB_DevDisconnect  stm32f4xx_ll_usb.o
    0x0800ff3c   0x0800ff3c   0x000001e0   Code   RO         1020    i.USB_DevInit       stm32f4xx_ll_usb.o
    0x0801011c   0x0801011c   0x0000000e   Code   RO         1021    i.USB_DisableGlobalInt  stm32f4xx_ll_usb.o
    0x0801012a   0x0801012a   0x00000002   PAD
    0x0801012c   0x0801012c   0x000001d8   Code   RO         1024    i.USB_EP0StartXfer  stm32f4xx_ll_usb.o
    0x08010304   0x08010304   0x00000070   Code   RO         1025    i.USB_EP0_OutStart  stm32f4xx_ll_usb.o
    0x08010374   0x08010374   0x0000008e   Code   RO         1026    i.USB_EPClearStall  stm32f4xx_ll_usb.o
    0x08010402   0x08010402   0x0000009a   Code   RO         1027    i.USB_EPSetStall    stm32f4xx_ll_usb.o
    0x0801049c   0x0801049c   0x00000344   Code   RO         1028    i.USB_EPStartXfer   stm32f4xx_ll_usb.o
    0x080107e0   0x080107e0   0x0000000e   Code   RO         1029    i.USB_EnableGlobalInt  stm32f4xx_ll_usb.o
    0x080107ee   0x080107ee   0x00000002   PAD
    0x080107f0   0x080107f0   0x00000030   Code   RO         1030    i.USB_FlushRxFifo   stm32f4xx_ll_usb.o
    0x08010820   0x08010820   0x00000034   Code   RO         1031    i.USB_FlushTxFifo   stm32f4xx_ll_usb.o
    0x08010854   0x08010854   0x00000026   Code   RO         1033    i.USB_GetDevSpeed   stm32f4xx_ll_usb.o
    0x0801087a   0x0801087a   0x0000000a   Code   RO         1035    i.USB_GetMode       stm32f4xx_ll_usb.o
    0x08010884   0x08010884   0x0000001c   Code   RO         7697    i.USB_Init          usb.o
    0x080108a0   0x080108a0   0x00000014   Code   RO         1042    i.USB_ReadDevAllInEpInterrupt  stm32f4xx_ll_usb.o
    0x080108b4   0x080108b4   0x00000014   Code   RO         1043    i.USB_ReadDevAllOutEpInterrupt  stm32f4xx_ll_usb.o
    0x080108c8   0x080108c8   0x00000032   Code   RO         1044    i.USB_ReadDevInEPInterrupt  stm32f4xx_ll_usb.o
    0x080108fa   0x080108fa   0x0000001a   Code   RO         1045    i.USB_ReadDevOutEPInterrupt  stm32f4xx_ll_usb.o
    0x08010914   0x08010914   0x0000000a   Code   RO         1046    i.USB_ReadInterrupts  stm32f4xx_ll_usb.o
    0x0801091e   0x0801091e   0x00000060   Code   RO         1047    i.USB_ReadPacket    stm32f4xx_ll_usb.o
    0x0801097e   0x0801097e   0x00000068   Code   RO         1049    i.USB_SetCurrentMode  stm32f4xx_ll_usb.o
    0x080109e6   0x080109e6   0x0000002a   Code   RO         1050    i.USB_SetDevAddress  stm32f4xx_ll_usb.o
    0x08010a10   0x08010a10   0x00000012   Code   RO         1051    i.USB_SetDevSpeed   stm32f4xx_ll_usb.o
    0x08010a22   0x08010a22   0x00000002   PAD
    0x08010a24   0x08010a24   0x000000e8   Code   RO         1052    i.USB_SetTurnaroundTime  stm32f4xx_ll_usb.o
    0x08010b0c   0x08010b0c   0x00000048   Code   RO         7698    i.USB_Task          usb.o
    0x08010b54   0x08010b54   0x00000044   Code   RO         1055    i.USB_WritePacket   stm32f4xx_ll_usb.o
    0x08010b98   0x08010b98   0x00000004   Code   RO          432    i.UsageFault_Handler  stm32f4xx_it.o
    0x08010b9c   0x08010b9c   0x00000068   Code   RO         9727    i.User_Init         user_main.o
    0x08010c04   0x08010c04   0x00000030   Code   RO        10647    i.__ARM_fpclassify  m_wm.l(fpclassify.o)
    0x08010c34   0x08010c34   0x00000026   Code   RO        10571    i.__ARM_fpclassifyf  m_wm.l(fpclassifyf.o)
    0x08010c5a   0x08010c5a   0x00000002   PAD
    0x08010c5c   0x08010c5c   0x00000010   Code   RO         2115    i.__NVIC_GetPriorityGrouping  stm32f4xx_hal_cortex.o
    0x08010c6c   0x08010c6c   0x00000028   Code   RO         2116    i.__NVIC_SetPriority  stm32f4xx_hal_cortex.o
    0x08010c94   0x08010c94   0x00000038   Code   RO         7129    i.__SignalSource_Controller_ReInit  controller.o
    0x08010ccc   0x08010ccc   0x00000010   Code   RO         7130    i.__SignalSource_DeInit  controller.o
    0x08010cdc   0x08010cdc   0x00000030   Code   RO         7131    i.__SignalSource_VideoTransmitter_Reinit  controller.o
    0x08010d0c   0x08010d0c   0x00000006   Code   RO         6353    i.__get_IPSR        cmsis_os2.o
    0x08010d12   0x08010d12   0x00000002   PAD
    0x08010d14   0x08010d14   0x0000012c   Code   RO        10303    i.__hardfp_asinf    m_wm.l(asinf.o)
    0x08010e40   0x08010e40   0x000002ac   Code   RO        10315    i.__hardfp_atan2f   m_wm.l(atan2f.o)
    0x080110ec   0x080110ec   0x00000004   PAD
    0x080110f0   0x080110f0   0x000000c8   Code   RO        10327    i.__hardfp_cos      m_wm.l(cos.o)
    0x080111b8   0x080111b8   0x00000150   Code   RO        10339    i.__hardfp_cosf     m_wm.l(cosf.o)
    0x08011308   0x08011308   0x00000014   Code   RO        10351    i.__hardfp_fabs     m_wm.l(fabs.o)
    0x0801131c   0x0801131c   0x00000048   Code   RO        10417    i.__hardfp_fmaxf    m_wm.l(fmaxf.o)
    0x08011364   0x08011364   0x00000048   Code   RO        10421    i.__hardfp_fminf    m_wm.l(fminf.o)
    0x080113ac   0x080113ac   0x000000b0   Code   RO        10357    i.__hardfp_fmodf    m_wm.l(fmodf.o)
    0x0801145c   0x0801145c   0x00000004   PAD
    0x08011460   0x08011460   0x000000c8   Code   RO        10369    i.__hardfp_sin      m_wm.l(sin.o)
    0x08011528   0x08011528   0x00000190   Code   RO        10381    i.__hardfp_sinf     m_wm.l(sinf.o)
    0x080116b8   0x080116b8   0x0000007a   Code   RO        10393    i.__hardfp_sqrt     m_wm.l(sqrt.o)
    0x08011732   0x08011732   0x0000003a   Code   RO        10405    i.__hardfp_sqrtf    m_wm.l(sqrtf.o)
    0x0801176c   0x0801176c   0x00000004   PAD
    0x08011770   0x08011770   0x00000438   Code   RO        10587    i.__ieee754_rem_pio2  m_wm.l(rred.o)
    0x08011ba8   0x08011ba8   0x00000170   Code   RO        10554    i.__kernel_cos      m_wm.l(cos_i.o)
    0x08011d18   0x08011d18   0x000000f8   Code   RO        10649    i.__kernel_poly     m_wm.l(poly.o)
    0x08011e10   0x08011e10   0x00000130   Code   RO        10595    i.__kernel_sin      m_wm.l(sin_i.o)
    0x08011f40   0x08011f40   0x00000014   Code   RO        10558    i.__mathlib_dbl_infnan  m_wm.l(dunder.o)
    0x08011f54   0x08011f54   0x00000004   PAD
    0x08011f58   0x08011f58   0x00000020   Code   RO        10560    i.__mathlib_dbl_invalid  m_wm.l(dunder.o)
    0x08011f78   0x08011f78   0x00000020   Code   RO        10563    i.__mathlib_dbl_underflow  m_wm.l(dunder.o)
    0x08011f98   0x08011f98   0x00000006   Code   RO        10574    i.__mathlib_flt_infnan  m_wm.l(funder.o)
    0x08011f9e   0x08011f9e   0x00000006   Code   RO        10575    i.__mathlib_flt_infnan2  m_wm.l(funder.o)
    0x08011fa4   0x08011fa4   0x00000010   Code   RO        10576    i.__mathlib_flt_invalid  m_wm.l(funder.o)
    0x08011fb4   0x08011fb4   0x00000010   Code   RO        10579    i.__mathlib_flt_underflow  m_wm.l(funder.o)
    0x08011fc4   0x08011fc4   0x00000154   Code   RO        10592    i.__mathlib_rredf2  m_wm.l(rredf.o)
    0x08012118   0x08012118   0x0000000e   Code   RO        10490    i._is_digit         c_w.l(__printf_wp.o)
    0x08012126   0x08012126   0x00000030   Code   RO         8125    i.absLimit          fsfc.o
    0x08012156   0x08012156   0x00000030   Code   RO         7521    i.abs_limit         pid.o
    0x08012186   0x08012186   0x00000002   PAD
    0x08012188   0x08012188   0x0000003c   Code   RO         7790    i.adcx_get_chx_value  status_monitor.o
    0x080121c4   0x080121c4   0x00000028   Code   RO         9835    i.advanced_aimbot   comm.o
    0x080121ec   0x080121ec   0x00000044   Code   RO         9836    i.aimbot_handler    comm.o
    0x08012230   0x08012230   0x00000030   Code   RO         7132    i.avoid_deadzone_float  controller.o
    0x08012260   0x08012260   0x00000134   Code   RO         8461    i.bmi088_accel_init  bmi088driver.o
    0x08012394   0x08012394   0x000002fc   Code   RO         8462    i.bmi088_accel_self_test  bmi088driver.o
    0x08012690   0x08012690   0x000000f4   Code   RO         8463    i.bmi088_gyro_init  bmi088driver.o
    0x08012784   0x08012784   0x000000d0   Code   RO         8464    i.bmi088_gyro_self_test  bmi088driver.o
    0x08012854   0x08012854   0x00000078   Code   RO        10187    i.board_transmit_init  board_transmit.o
    0x080128cc   0x080128cc   0x00000048   Code   RO        10188    i.board_transmit_task  board_transmit.o
    0x08012914   0x08012914   0x000000e8   Code   RO         7791    i.calc_battery_percentage  status_monitor.o
    0x080129fc   0x080129fc   0x00000124   Code   RO        10058    i.calculateShortestDistance  chassis.o
    0x08012b20   0x08012b20   0x00000040   Code   RO         8318    i.can_send_message  can_send.o
    0x08012b60   0x08012b60   0x0000001a   Code   RO         7623    i.cap_get_energy    motor.o
    0x08012b7a   0x08012b7a   0x00000002   PAD
    0x08012b7c   0x08012b7c   0x00000108   Code   RO        10059    i.chassisAngle      chassis.o
    0x08012c84   0x08012c84   0x000003c0   Code   RO        10060    i.chassis_excute    chassis.o
    0x08013044   0x08013044   0x000004c4   Code   RO        10062    i.chassis_info_update  chassis.o
    0x08013508   0x08013508   0x0000033c   Code   RO        10063    i.chassis_init      chassis.o
    0x08013844   0x08013844   0x00000044   Code   RO        10064    i.chassis_off       chassis.o
    0x08013888   0x08013888   0x00000578   Code   RO        10065    i.chassis_set_command  chassis.o
    0x08013e00   0x08013e00   0x00000090   Code   RO         9773    i.chassis_target_send  main_control.o
    0x08013e90   0x08013e90   0x0000004c   Code   RO        10066    i.chassis_task      chassis.o
    0x08013edc   0x08013edc   0x0000002a   Code   RO         9978    i.clamp             power_control.o
    0x08013f06   0x08013f06   0x00000002   PAD
    0x08013f08   0x08013f08   0x000000cc   Code   RO         7950    i.comm_init         communicate.o
    0x08013fd4   0x08013fd4   0x00000074   Code   RO         7951    i.comm_rx_init      communicate.o
    0x08014048   0x08014048   0x00000044   Code   RO         9774    i.control_mode_switch  main_control.o
    0x0801408c   0x0801408c   0x00000024   Code   RO        10189    i.controller_channel_trans_handler  board_transmit.o
    0x080140b0   0x080140b0   0x00000020   Code   RO        10190    i.controller_mouse_key_trans_handler  board_transmit.o
    0x080140d0   0x080140d0   0x00000024   Code   RO        10191    i.controller_others_trans_handler  board_transmit.o
    0x080140f4   0x080140f4   0x00000024   Code   RO         8596    i.delay             bmi088middleware.o
    0x08014118   0x08014118   0x00000024   Code   RO         8758    i.delay             ist8310driver_middleware.o
    0x0801413c   0x0801413c   0x00000024   Code   RO         9775    i.delay             main_control.o
    0x08014160   0x08014160   0x00000024   Code   RO         9837    i.delay             comm.o
    0x08014184   0x08014184   0x00000024   Code   RO        10067    i.delay             chassis.o
    0x080141a8   0x080141a8   0x00000024   Code   RO        10192    i.delay             board_transmit.o
    0x080141cc   0x080141cc   0x000000b8   Code   RO         8319    i.dequeue_can_message  can_send.o
    0x08014284   0x08014284   0x000001c8   Code   RO         9979    i.energy_control    power_control.o
    0x0801444c   0x0801444c   0x000000a8   Code   RO         8320    i.enqueue_can_message  can_send.o
    0x080144f4   0x080144f4   0x00000018   Code   RO        10353    i.fabs              m_wm.l(fabs.o)
    0x0801450c   0x0801450c   0x00000024   Code   RO         9838    i.game_state_handler  comm.o
    0x08014530   0x08014530   0x00000034   Code   RO         8027    i.generate_crc16_checksum  crc.o
    0x08014564   0x08014564   0x00000024   Code   RO         8028    i.generate_crc8_checksum  crc.o
    0x08014588   0x08014588   0x000000dc   Code   RO         7267    i.get_angle         imu.o
    0x08014664   0x08014664   0x00000068   Code   RO         7792    i.get_battery_voltage  status_monitor.o
    0x080146cc   0x080146cc   0x00000064   Code   RO         7794    i.get_temprate      status_monitor.o
    0x08014730   0x08014730   0x00000024   Code   RO        10068    i.gimbal_Angle      chassis.o
    0x08014754   0x08014754   0x00000168   Code   RO         7268    i.imu_cmd_spi_dma   imu.o
    0x080148bc   0x080148bc   0x0000003c   Code   RO         8390    i.invSqrt           mahonyahrs.o
    0x080148f8   0x080148f8   0x00000016   Code   RO         8321    i.is_queue_empty    can_send.o
    0x0801490e   0x0801490e   0x00000024   Code   RO         8322    i.is_queue_full     can_send.o
    0x08014932   0x08014932   0x00000002   Code   RO         8759    i.ist8310_GPIO_init  ist8310driver_middleware.o
    0x08014934   0x08014934   0x00000028   Code   RO         8761    i.ist8310_IIC_read_single_reg  ist8310driver_middleware.o
    0x0801495c   0x0801495c   0x00000028   Code   RO         8763    i.ist8310_IIC_write_single_reg  ist8310driver_middleware.o
    0x08014984   0x08014984   0x00000014   Code   RO         8764    i.ist8310_RST_H     ist8310driver_middleware.o
    0x08014998   0x08014998   0x00000014   Code   RO         8765    i.ist8310_RST_L     ist8310driver_middleware.o
    0x080149ac   0x080149ac   0x00000002   Code   RO         8766    i.ist8310_com_init  ist8310driver_middleware.o
    0x080149ae   0x080149ae   0x0000000c   Code   RO         8767    i.ist8310_delay_ms  ist8310driver_middleware.o
    0x080149ba   0x080149ba   0x00000002   PAD
    0x080149bc   0x080149bc   0x00000094   Code   RO         8419    i.ist8310_init      ist8310driver.o
    0x08014a50   0x08014a50   0x00000030   Code   RO        10193    i.judge_trans_packer  board_transmit.o
    0x08014a80   0x08014a80   0x00000084   Code   RO           36    i.main              main.o
    0x08014b04   0x08014b04   0x00000068   Code   RO         9776    i.main_control_init  main_control.o
    0x08014b6c   0x08014b6c   0x00000016   Code   RO         9777    i.main_control_task  main_control.o
    0x08014b82   0x08014b82   0x00000002   PAD
    0x08014b84   0x08014b84   0x00000020   Code   RO         9839    i.mark_handler      comm.o
    0x08014ba4   0x08014ba4   0x000000c0   Code   RO         7269    i.mpu_temp_control  imu.o
    0x08014c64   0x08014c64   0x00000020   Code   RO         9840    i.nav_status_handler  comm.o
    0x08014c84   0x08014c84   0x00000014   Code   RO         7133    i.notifyRCDataUnpacker  controller.o
    0x08014c98   0x08014c98   0x0000001e   Code   RO         6354    i.osDelay           cmsis_os2.o
    0x08014cb6   0x08014cb6   0x00000002   PAD
    0x08014cb8   0x08014cb8   0x00000034   Code   RO         6363    i.osKernelGetState  cmsis_os2.o
    0x08014cec   0x08014cec   0x0000002c   Code   RO         6368    i.osKernelInitialize  cmsis_os2.o
    0x08014d18   0x08014d18   0x00000060   Code   RO         6371    i.osKernelStart     cmsis_os2.o
    0x08014d78   0x08014d78   0x000000a0   Code   RO         7017    i.osThreadCreate    os.o
    0x08014e18   0x08014e18   0x00000080   Code   RO         6405    i.osThreadFlagsSet  cmsis_os2.o
    0x08014e98   0x08014e98   0x000000b2   Code   RO         6406    i.osThreadFlagsWait  cmsis_os2.o
    0x08014f4a   0x08014f4a   0x000000b8   Code   RO         6413    i.osThreadNew       cmsis_os2.o
    0x08015002   0x08015002   0x00000002   PAD
    0x08015004   0x08015004   0x0000058c   Code   RO         9980    i.power_control     power_control.o
    0x08015590   0x08015590   0x0000019c   Code   RO         9981    i.power_control_info_update  power_control.o
    0x0801572c   0x0801572c   0x00000020   Code   RO         9841    i.power_handler     comm.o
    0x0801574c   0x0801574c   0x00000060   Code   RO         8072    i.protocol_handle_frame  protocol.o
    0x080157ac   0x080157ac   0x00000034   Code   RO         8074    i.protocol_register  protocol.o
    0x080157e0   0x080157e0   0x0000014a   Code   RO         8076    i.protocol_unpack_data  protocol.o
    0x0801592a   0x0801592a   0x00000002   PAD
    0x0801592c   0x0801592c   0x0000007c   Code   RO         5788    i.prvAddCurrentTaskToDelayedList  tasks.o
    0x080159a8   0x080159a8   0x000000b8   Code   RO         5789    i.prvAddNewTaskToReadyList  tasks.o
    0x08015a60   0x08015a60   0x00000074   Code   RO         6164    i.prvCheckForValidListAndQueue  timers.o
    0x08015ad4   0x08015ad4   0x00000048   Code   RO         5790    i.prvCheckTasksWaitingTermination  tasks.o
    0x08015b1c   0x08015b1c   0x0000002a   Code   RO         5375    i.prvCopyDataFromQueue  queue.o
    0x08015b46   0x08015b46   0x0000007e   Code   RO         5376    i.prvCopyDataToQueue  queue.o
    0x08015bc4   0x08015bc4   0x00000050   Code   RO         5791    i.prvDeleteTCB      tasks.o
    0x08015c14   0x08015c14   0x00000028   Code   RO         6165    i.prvGetNextExpireTime  timers.o
    0x08015c3c   0x08015c3c   0x0000007c   Code   RO         6881    i.prvHeapInit       heap_4.o
    0x08015cb8   0x08015cb8   0x00000028   Code   RO         5792    i.prvIdleTask       tasks.o
    0x08015ce0   0x08015ce0   0x0000002a   Code   RO         5379    i.prvInitialiseNewQueue  queue.o
    0x08015d0a   0x08015d0a   0x000000be   Code   RO         5793    i.prvInitialiseNewTask  tasks.o
    0x08015dc8   0x08015dc8   0x00000068   Code   RO         5794    i.prvInitialiseTaskLists  tasks.o
    0x08015e30   0x08015e30   0x00000068   Code   RO         6882    i.prvInsertBlockIntoFreeList  heap_4.o
    0x08015e98   0x08015e98   0x00000058   Code   RO         6167    i.prvInsertTimerInActiveList  timers.o
    0x08015ef0   0x08015ef0   0x0000001a   Code   RO         5380    i.prvIsQueueEmpty   queue.o
    0x08015f0a   0x08015f0a   0x0000001e   Code   RO         5381    i.prvIsQueueFull    queue.o
    0x08015f28   0x08015f28   0x00000074   Code   RO         6168    i.prvProcessExpiredTimer  timers.o
    0x08015f9c   0x08015f9c   0x00000164   Code   RO         6169    i.prvProcessReceivedCommands  timers.o
    0x08016100   0x08016100   0x00000074   Code   RO         6170    i.prvProcessTimerOrBlockTask  timers.o
    0x08016174   0x08016174   0x00000034   Code   RO         5796    i.prvResetNextTaskUnblockTime  tasks.o
    0x080161a8   0x080161a8   0x0000002c   Code   RO         6171    i.prvSampleTimeNow  timers.o
    0x080161d4   0x080161d4   0x000000a4   Code   RO         6172    i.prvSwitchTimerLists  timers.o
    0x08016278   0x08016278   0x00000040   Code   RO         6937    i.prvTaskExitError  port.o
    0x080162b8   0x080162b8   0x0000001a   Code   RO         6173    i.prvTimerTask      timers.o
    0x080162d2   0x080162d2   0x0000007e   Code   RO         5382    i.prvUnlockQueue    queue.o
    0x08016350   0x08016350   0x0000014c   Code   RO         6883    i.pvPortMalloc      heap_4.o
    0x0801649c   0x0801649c   0x0000002c   Code   RO         6938    i.pxPortInitialiseStack  port.o
    0x080164c8   0x080164c8   0x00000028   Code   RO         7134    i.receiveVideotransmitterData  controller.o
    0x080164f0   0x080164f0   0x0000016c   Code   RO         9984    i.rls_step          power_control.o
    0x0801665c   0x0801665c   0x00000018   Code   RO         9843    i.robot_hurt_handler  comm.o
    0x08016674   0x08016674   0x0000002c   Code   RO         9844    i.robot_state_handler  comm.o
    0x080166a0   0x080166a0   0x0000000c   Code   RO        10194    i.robot_state_trans_packer  board_transmit.o
    0x080166ac   0x080166ac   0x00000024   Code   RO         9845    i.slam_control_handler  comm.o
    0x080166d0   0x080166d0   0x0000003e   Code   RO        10407    i.sqrtf             m_wm.l(sqrtf.o)
    0x0801670e   0x0801670e   0x00000002   PAD
    0x08016710   0x08016710   0x00000038   Code   RO         8250    i.transmit_handler_register  transmit.o
    0x08016748   0x08016748   0x000000b8   Code   RO         8251    i.transmit_packer_register  transmit.o
    0x08016800   0x08016800   0x00000038   Code   RO         8252    i.transmit_receiver  transmit.o
    0x08016838   0x08016838   0x000000b8   Code   RO         8253    i.transmit_sender   transmit.o
    0x080168f0   0x080168f0   0x00000038   Code   RO         7953    i.uart1_rx_handle_task  communicate.o
    0x08016928   0x08016928   0x00000038   Code   RO         7954    i.uart3_rx_handle_task  communicate.o
    0x08016960   0x08016960   0x00000038   Code   RO         7955    i.uart6_rx_handle_task  communicate.o
    0x08016998   0x08016998   0x00000034   Code   RO         8157    i.uint_to_float     dm_motor.o
    0x080169cc   0x080169cc   0x0000013c   Code   RO         7135    i.unpackData        controller.o
    0x08016b08   0x08016b08   0x00000038   Code   RO         7699    i.usb_printf        usb.o
    0x08016b40   0x08016b40   0x00000028   Code   RO         5335    i.uxListRemove      list.o
    0x08016b68   0x08016b68   0x00000018   Code   RO         6425    i.vApplicationGetIdleTaskMemory  cmsis_os2.o
    0x08016b80   0x08016b80   0x00000018   Code   RO         6426    i.vApplicationGetTimerTaskMemory  cmsis_os2.o
    0x08016b98   0x08016b98   0x0000001a   Code   RO         5336    i.vListInitialise   list.o
    0x08016bb2   0x08016bb2   0x00000006   Code   RO         5337    i.vListInitialiseItem  list.o
    0x08016bb8   0x08016bb8   0x00000034   Code   RO         5338    i.vListInsert       list.o
    0x08016bec   0x08016bec   0x00000018   Code   RO         5339    i.vListInsertEnd    list.o
    0x08016c04   0x08016c04   0x00000054   Code   RO         6940    i.vPortEnterCritical  port.o
    0x08016c58   0x08016c58   0x0000003c   Code   RO         6941    i.vPortExitCritical  port.o
    0x08016c94   0x08016c94   0x000000a4   Code   RO         6884    i.vPortFree         heap_4.o
    0x08016d38   0x08016d38   0x00000028   Code   RO         6942    i.vPortSetupTimerInterrupt  port.o
    0x08016d60   0x08016d60   0x00000078   Code   RO         6943    i.vPortValidateInterruptPriority  port.o
    0x08016dd8   0x08016dd8   0x0000002c   Code   RO         5388    i.vQueueAddToRegistry  queue.o
    0x08016e04   0x08016e04   0x0000004a   Code   RO         5392    i.vQueueWaitForMessageRestricted  queue.o
    0x08016e4e   0x08016e4e   0x00000002   PAD
    0x08016e50   0x08016e50   0x0000005c   Code   RO         5809    i.vTaskDelay        tasks.o
    0x08016eac   0x08016eac   0x00000018   Code   RO         5814    i.vTaskInternalSetTimeOutState  tasks.o
    0x08016ec4   0x08016ec4   0x0000000c   Code   RO         5815    i.vTaskMissedYield  tasks.o
    0x08016ed0   0x08016ed0   0x00000038   Code   RO         5817    i.vTaskPlaceOnEventList  tasks.o
    0x08016f08   0x08016f08   0x00000040   Code   RO         5818    i.vTaskPlaceOnEventListRestricted  tasks.o
    0x08016f48   0x08016f48   0x000000b8   Code   RO         5826    i.vTaskStartScheduler  tasks.o
    0x08017000   0x08017000   0x00000010   Code   RO         5828    i.vTaskSuspendAll   tasks.o
    0x08017010   0x08017010   0x00000090   Code   RO         5829    i.vTaskSwitchContext  tasks.o
    0x080170a0   0x080170a0   0x0000003c   Code   RO         8029    i.verify_crc16_checksum  crc.o
    0x080170dc   0x080170dc   0x00000030   Code   RO         8030    i.verify_crc8_checksum  crc.o
    0x0801710c   0x0801710c   0x00000168   Code   RO         6944    i.xPortStartScheduler  port.o
    0x08017274   0x08017274   0x00000034   Code   RO         6945    i.xPortSysTickHandler  port.o
    0x080172a8   0x080172a8   0x000000e0   Code   RO         5398    i.xQueueGenericCreateStatic  queue.o
    0x08017388   0x08017388   0x00000098   Code   RO         5399    i.xQueueGenericReset  queue.o
    0x08017420   0x08017420   0x000001a8   Code   RO         5400    i.xQueueGenericSend  queue.o
    0x080175c8   0x080175c8   0x000000fc   Code   RO         5401    i.xQueueGenericSendFromISR  queue.o
    0x080176c4   0x080176c4   0x00000168   Code   RO         5410    i.xQueueReceive     queue.o
    0x0801782c   0x0801782c   0x0000008c   Code   RO         5831    i.xTaskCheckForTimeOut  tasks.o
    0x080178b8   0x080178b8   0x00000064   Code   RO         5832    i.xTaskCreate       tasks.o
    0x0801791c   0x0801791c   0x000000ba   Code   RO         5833    i.xTaskCreateStatic  tasks.o
    0x080179d6   0x080179d6   0x00000002   PAD
    0x080179d8   0x080179d8   0x00000128   Code   RO         5834    i.xTaskGenericNotify  tasks.o
    0x08017b00   0x08017b00   0x00000164   Code   RO         5835    i.xTaskGenericNotifyFromISR  tasks.o
    0x08017c64   0x08017c64   0x00000020   Code   RO         5837    i.xTaskGetSchedulerState  tasks.o
    0x08017c84   0x08017c84   0x0000000c   Code   RO         5838    i.xTaskGetTickCount  tasks.o
    0x08017c90   0x08017c90   0x00000144   Code   RO         5840    i.xTaskIncrementTick  tasks.o
    0x08017dd4   0x08017dd4   0x000000a0   Code   RO         5842    i.xTaskNotifyWait   tasks.o
    0x08017e74   0x08017e74   0x000000a4   Code   RO         5843    i.xTaskPriorityDisinherit  tasks.o
    0x08017f18   0x08017f18   0x00000098   Code   RO         5845    i.xTaskRemoveFromEventList  tasks.o
    0x08017fb0   0x08017fb0   0x00000104   Code   RO         5846    i.xTaskResumeAll    tasks.o
    0x080180b4   0x080180b4   0x00000078   Code   RO         6182    i.xTimerCreateTimerTask  timers.o
    0x0801812c   0x0801812c   0x00000084   Code   RO         6183    i.xTimerGenericCommand  timers.o
    0x080181b0   0x080181b0   0x0000002c   Code   RO        10691    locale$$code        c_w.l(lc_numeric_c.o)
    0x080181dc   0x080181dc   0x0000002c   Code   RO        10712    locale$$code        c_w.l(lc_ctype_c.o)
    0x08018208   0x08018208   0x00000018   Code   RO        10525    x$fpl$basic         fz_wm.l(basic.o)
    0x08018220   0x08018220   0x00000062   Code   RO        10279    x$fpl$d2f           fz_wm.l(d2f.o)
    0x08018282   0x08018282   0x00000002   PAD
    0x08018284   0x08018284   0x00000150   Code   RO        10281    x$fpl$dadd          fz_wm.l(daddsub_clz.o)
    0x080183d4   0x080183d4   0x00000018   Code   RO        10527    x$fpl$dcmpinf       fz_wm.l(dcmpi.o)
    0x080183ec   0x080183ec   0x000002b0   Code   RO        10642    x$fpl$ddiv          fz_wm.l(ddiv.o)
    0x0801869c   0x0801869c   0x0000005e   Code   RO        10287    x$fpl$dfix          fz_wm.l(dfix.o)
    0x080186fa   0x080186fa   0x0000002e   Code   RO        10292    x$fpl$dflt          fz_wm.l(dflt_clz.o)
    0x08018728   0x08018728   0x00000026   Code   RO        10291    x$fpl$dfltu         fz_wm.l(dflt_clz.o)
    0x0801874e   0x0801874e   0x00000002   PAD
    0x08018750   0x08018750   0x00000078   Code   RO        10297    x$fpl$dleqf         fz_wm.l(dleqf.o)
    0x080187c8   0x080187c8   0x00000154   Code   RO        10299    x$fpl$dmul          fz_wm.l(dmul.o)
    0x0801891c   0x0801891c   0x0000009c   Code   RO        10529    x$fpl$dnaninf       fz_wm.l(dnaninf.o)
    0x080189b8   0x080189b8   0x0000000c   Code   RO        10531    x$fpl$dretinf       fz_wm.l(dretinf.o)
    0x080189c4   0x080189c4   0x00000016   Code   RO        10282    x$fpl$drsb          fz_wm.l(daddsub_clz.o)
    0x080189da   0x080189da   0x00000002   PAD
    0x080189dc   0x080189dc   0x00000198   Code   RO        10533    x$fpl$dsqrt         fz_wm.l(dsqrt_umaal.o)
    0x08018b74   0x08018b74   0x000001d4   Code   RO        10283    x$fpl$dsub          fz_wm.l(daddsub_clz.o)
    0x08018d48   0x08018d48   0x00000056   Code   RO        10301    x$fpl$f2d           fz_wm.l(f2d.o)
    0x08018d9e   0x08018d9e   0x00000002   PAD
    0x08018da0   0x08018da0   0x00000052   Code   RO        10535    x$fpl$fcmp4         fz_wm.l(fcmp4.o)
    0x08018df2   0x08018df2   0x00000018   Code   RO        10645    x$fpl$fcmpinf       fz_wm.l(fcmpi.o)
    0x08018e0a   0x08018e0a   0x0000008c   Code   RO        10539    x$fpl$fnaninf       fz_wm.l(fnaninf.o)
    0x08018e96   0x08018e96   0x0000000a   Code   RO        10780    x$fpl$fpinit        fz_wm.l(fpinit.o)
    0x08018ea0   0x08018ea0   0x000000f4   Code   RO        10541    x$fpl$frem          fz_wm.l(frem_clz.o)
    0x08018f94   0x08018f94   0x0000000a   Code   RO        10543    x$fpl$fretinf       fz_wm.l(fretinf.o)
    0x08018f9e   0x08018f9e   0x00000004   Code   RO        10545    x$fpl$printf1       fz_wm.l(printf1.o)
    0x08018fa2   0x08018fa2   0x00000004   Code   RO        10547    x$fpl$printf2       fz_wm.l(printf2.o)
    0x08018fa6   0x08018fa6   0x00000000   Code   RO        10553    x$fpl$usenofp       fz_wm.l(usenofp.o)
    0x08018fa6   0x08018fa6   0x00000002   PAD
    0x08018fa8   0x08018fa8   0x00000024   Data   RO           38    .constdata          main.o
    0x08018fcc   0x08018fcc   0x00000008   Data   RO         1832    .constdata          stm32f4xx_hal_dma.o
    0x08018fd4   0x08018fd4   0x00000018   Data   RO         5172    .constdata          system_stm32f4xx.o
    0x08018fec   0x08018fec   0x00000034   Data   RO         7019    .constdata          os.o
    0x08019020   0x08019020   0x00000300   Data   RO         8031    .constdata          crc.o
    0x08019320   0x08019320   0x0000000c   Data   RO         8422    .constdata          ist8310driver.o
    0x0801932c   0x0801932c   0x00000012   Data   RO         8469    .constdata          bmi088driver.o
    0x0801933e   0x0801933e   0x00000002   PAD
    0x08019340   0x08019340   0x00000008   Data   RO        10449    .constdata          c_w.l(_printf_wctomb.o)
    0x08019348   0x08019348   0x00000028   Data   RO        10478    .constdata          c_w.l(_printf_hex_int_ll_ptr.o)
    0x08019370   0x08019370   0x00000011   Data   RO        10498    .constdata          c_w.l(__printf_flags_ss_wp.o)
    0x08019381   0x08019381   0x00000007   PAD
    0x08019388   0x08019388   0x00000030   Data   RO        10555    .constdata          m_wm.l(cos_i.o)
    0x080193b8   0x080193b8   0x000000c8   Data   RO        10589    .constdata          m_wm.l(rred.o)
    0x08019480   0x08019480   0x00000020   Data   RO        10593    .constdata          m_wm.l(rredf.o)
    0x080194a0   0x080194a0   0x00000028   Data   RO        10596    .constdata          m_wm.l(sin_i.o)
    0x080194c8   0x080194c8   0x00000026   Data   RO        10630    .constdata          c_w.l(_printf_fp_hex.o)
    0x080194ee   0x080194ee   0x00000002   PAD
    0x080194f0   0x080194f0   0x00000094   Data   RO        10666    .constdata          c_w.l(bigflt0.o)
    0x08019584   0x08019584   0x0000000c   Data   RO           39    .conststring        main.o
    0x08019590   0x08019590   0x00000020   Data   RO        10838    Region$$Table       anon$$obj.o
    0x080195b0   0x080195b0   0x0000001c   Data   RO        10690    locale$$data        c_w.l(lc_numeric_c.o)
    0x080195cc   0x080195cc   0x00000110   Data   RO        10711    locale$$data        c_w.l(lc_ctype_c.o)


    Execution Region RW_IRAM2 (Exec base: 0x10000000, Load base: 0x080198e0, Size: 0x00000000, Max: 0x00010000, ABSOLUTE)

    **** No section assigned to this execution region ****


    Execution Region RW_IRAM1 (Exec base: 0x20000000, Load base: 0x080196dc, Size: 0x0000cf58, Max: 0x00020000, ABSOLUTE, COMPRESSED[0x00000204])

    Exec Addr    Load Addr    Size         Type   Attr      Idx    E Section Name        Object

    0x20000000   COMPRESSED   0x00000004   Data   RW           40    .data               main.o
    0x20000004   COMPRESSED   0x00000004   Data   RW          595    .data               stm32f4xx_hal_msp.o
    0x20000008   COMPRESSED   0x00000009   Data   RW         2264    .data               stm32f4xx_hal.o
    0x20000011   COMPRESSED   0x00000003   PAD
    0x20000014   COMPRESSED   0x00000004   Data   RW         5173    .data               system_stm32f4xx.o
    0x20000018   COMPRESSED   0x0000003c   Data   RW         5849    .data               tasks.o
    0x20000054   COMPRESSED   0x00000014   Data   RW         6191    .data               timers.o
    0x20000068   COMPRESSED   0x00000004   Data   RW         6428    .data               cmsis_os2.o
    0x2000006c   COMPRESSED   0x00000020   Data   RW         6890    .data               heap_4.o
    0x2000008c   COMPRESSED   0x0000000c   Data   RW         6946    .data               port.o
    0x20000098   COMPRESSED   0x00000004   Data   RW         7020    .data               os.o
    0x2000009c   COMPRESSED   0x00000001   Data   RW         7059    .data               led.o
    0x2000009d   COMPRESSED   0x00000003   PAD
    0x200000a0   COMPRESSED   0x00000034   Data   RW         7137    .data               controller.o
    0x200000d4   COMPRESSED   0x000000e8   Data   RW         7271    .data               imu.o
    0x200001bc   COMPRESSED   0x0000011c   Data   RW         7552    .data               pwm.o
    0x200002d8   COMPRESSED   0x00000118   Data   RW         7627    .data               motor.o
    0x200003f0   COMPRESSED   0x00000004   Data   RW         7701    .data               usb.o
    0x200003f4   COMPRESSED   0x00000004   Data   RW         7796    .data               status_monitor.o
    0x200003f8   COMPRESSED   0x0000000c   Data   RW         7957    .data               communicate.o
    0x20000404   COMPRESSED   0x0000002e   Data   RW         8078    .data               protocol.o
    0x20000432   COMPRESSED   0x00000002   PAD
    0x20000434   COMPRESSED   0x0000001c   Data   RW         8256    .data               transmit.o
    0x20000450   COMPRESSED   0x00000040   Data   RW         8324    .data               can_send.o
    0x20000490   COMPRESSED   0x00000014   Data   RW         8391    .data               mahonyahrs.o
    0x200004a4   COMPRESSED   0x0000002c   Data   RW         8470    .data               bmi088driver.o
    0x200004d0   COMPRESSED   0x0000004e   Data   RW         8976    .data               usbd_desc.o
    0x2000051e   COMPRESSED   0x00000002   PAD
    0x20000520   COMPRESSED   0x00000014   Data   RW         9063    .data               usbd_cdc_if.o
    0x20000534   COMPRESSED   0x00000001   Data   RW         9473    .data               usbd_ctlreq.o
    0x20000535   COMPRESSED   0x00000003   PAD
    0x20000538   COMPRESSED   0x0000010f   Data   RW         9636    .data               usbd_cdc.o
    0x20000647   COMPRESSED   0x00000001   PAD
    0x20000648   COMPRESSED   0x00000047   Data   RW         9779    .data               main_control.o
    0x2000068f   COMPRESSED   0x00000001   PAD
    0x20000690   COMPRESSED   0x00000051   Data   RW         9847    .data               comm.o
    0x200006e1   COMPRESSED   0x00000003   PAD
    0x200006e4   COMPRESSED   0x00000028   Data   RW         9987    .data               power_control.o
    0x2000070c   COMPRESSED   0x0000003c   Data   RW        10070    .data               chassis.o
    0x20000748   COMPRESSED   0x00000044   Data   RW        10195    .data               board_transmit.o
    0x2000078c        -       0x00000760   Zero   RW           37    .bss                main.o
    0x20000eec        -       0x00000048   Zero   RW          699    .bss                stm32f4xx_hal_timebase_tim.o
    0x20000f34        -       0x00000020   Zero   RW         1486    .bss                stm32f4xx_hal_flash.o
    0x20000f54        -       0x00000040   Zero   RW         5414    .bss                queue.o
    0x20000f94        -       0x000004c4   Zero   RW         5848    .bss                tasks.o
    0x20001458        -       0x00000118   Zero   RW         6190    .bss                timers.o
    0x20001570        -       0x000006b8   Zero   RW         6427    .bss                cmsis_os2.o
    0x20001c28        -       0x00003c00   Zero   RW         6889    .bss                heap_4.o
    0x20005828        -       0x000025c4   Zero   RW         7018    .bss                os.o
    0x20007dec        -       0x00000048   Zero   RW         7136    .bss                controller.o
    0x20007e34        -       0x00000104   Zero   RW         7270    .bss                imu.o
    0x20007f38        -       0x0000023c   Zero   RW         7626    .bss                motor.o
    0x20008174        -       0x00000100   Zero   RW         7700    .bss                usb.o
    0x20008274        -       0x0000001c   Zero   RW         7795    .bss                status_monitor.o
    0x20008290        -       0x000002ac   Zero   RW         7956    .bss                communicate.o
    0x2000853c        -       0x00000190   Zero   RW         8077    .bss                protocol.o
    0x200086cc        -       0x00000700   Zero   RW         8159    .bss                dm_motor.o
    0x20008dcc        -       0x000002d0   Zero   RW         8255    .bss                transmit.o
    0x2000909c        -       0x00000624   Zero   RW         8323    .bss                can_send.o
    0x200096c0        -       0x000002d0   Zero   RW         8936    .bss                usb_device.o
    0x20009990        -       0x00000200   Zero   RW         8975    .bss                usbd_desc.o
    0x20009b90        -       0x00001000   Zero   RW         9062    .bss                usbd_cdc_if.o
    0x2000ab90        -       0x00000628   Zero   RW         9144    .bss                usbd_conf.o
    0x2000b1b8        -       0x00000230   Zero   RW         9778    .bss                main_control.o
    0x2000b3e8        -       0x000000b6   Zero   RW         9846    .bss                comm.o
    0x2000b49e   COMPRESSED   0x00000002   PAD
    0x2000b4a0        -       0x00000148   Zero   RW         9985    .bss                power_control.o
    0x2000b5e8        -       0x0000050c   Zero   RW        10069    .bss                chassis.o
    0x2000baf4        -       0x00000060   Zero   RW        10652    .bss                c_w.l(libspace.o)
    0x2000bb54   COMPRESSED   0x00000004   PAD
    0x2000bb58        -       0x00001000   Zero   RW            2    HEAP                startup_stm32f407xx.o
    0x2000cb58        -       0x00000400   Zero   RW            1    STACK               startup_stm32f407xx.o


==============================================================================

Image component sizes


      Code (inc. data)   RO Data    RW Data    ZI Data      Debug   Object Name

      2338         40         18         44          0      12695   bmi088driver.o
       206         28          0          0          0      11364   bmi088middleware.o
       392        114          0         68          0       6386   board_transmit.o
       510         62          0         64       1572       5805   can_send.o
      5418        434          0         60       1292      18149   chassis.o
       788         48          0          4       1720      67573   cmsis_os2.o
       764        202          0         81        182      13627   comm.o
       688        176          0         12        684       6991   communicate.o
        36          0          0          0          0        522   components.o
       832        102          0         52         72      19181   controller.o
       196         10        768          0          0       3470   crc.o
       562         18          0          0       1792      15228   dm_motor.o
         0          0          0          0          0      19468   event_groups.o
       154         20          0          0          0       1089   exti.o
       264          0          0          0          0       2164   fsfc.o
       724         74          0         32      15360       4867   heap_4.o
     15868        566          0        232        260     612110   imu.o
       148          6         12          0          0       1431   ist8310driver.o
       172         22          0          0          0      10319   ist8310driver_middleware.o
        20          6          0          0          0        494   laser_5v.o
        64         14          0          1          0       1299   led.o
       148          0          0          0          0       3566   list.o
      2276         72          0         20          0       4873   mahonyahrs.o
      2954        248         48          4       1888     787609   main.o
       374         46          0         71        560      11430   main_control.o
       632         84          0        280        572       7385   motor.o
       160         20         52          4       9668       5485   os.o
       352          6          0          0          0       1487   pid.o
      1014         92          0         12          0      11689   port.o
      2694        186          0         40        328      11592   power_control.o
       478         28          0         46        400       2963   protocol.o
       146         10          0        284          0       2511   pwm.o
      1922         20          0          0         64      17396   queue.o
        64         26        392          0       5120        844   startup_stm32f407xx.o
       496         94          0          4         28       3605   status_monitor.o
       136         24          0          9          0       8718   stm32f4xx_hal.o
      1398         52          0          0          0       5134   stm32f4xx_hal_adc.o
      1806          6          0          0          0      12875   stm32f4xx_hal_can.o
       320         28          0          0          0      34428   stm32f4xx_hal_cortex.o
      1554         16          8          0          0       8386   stm32f4xx_hal_dma.o
       652         64          0          0         32       5974   stm32f4xx_hal_flash.o
       432         26          0          0          0       3254   stm32f4xx_hal_flash_ex.o
       908         88          0          0          0       4304   stm32f4xx_hal_gpio.o
      2856         46          0          0          0      11670   stm32f4xx_hal_i2c.o
      3260        288          0          4          0       9508   stm32f4xx_hal_msp.o
      3228         14          0          0          0      12861   stm32f4xx_hal_pcd.o
        90          0          0          0          0       2433   stm32f4xx_hal_pcd_ex.o
      1888         94          0          0          0       6269   stm32f4xx_hal_rcc.o
      1078         14          0          0          0       4665   stm32f4xx_hal_spi.o
      2004        142          0          0          0      12050   stm32f4xx_hal_tim.o
       300         30          0          0          0       3317   stm32f4xx_hal_tim_ex.o
       140         18          0          0         72       1468   stm32f4xx_hal_timebase_tim.o
      3052         26          0          0          0      16660   stm32f4xx_hal_uart.o
       898        132          0          0          0      13950   stm32f4xx_it.o
      3926         98          0          0          0      22750   stm32f4xx_ll_usb.o
         0          0          0          0          0        400   stream_buffer.o
        20          6         24          4          0       1127   system_stm32f4xx.o
      3620        410          0         60       1220      31237   tasks.o
      1318        124          0         20        280      32855   timers.o
       534         88          0         28        720       6551   transmit.o
       156         72          0          4        256       4541   usb.o
        76         16          0          0        720        780   usb_device.o
      1062         24          0        271          0      13817   usbd_cdc.o
       204         22          0         20       4096       4292   usbd_cdc_if.o
      1004         24          0          0       1576      17612   usbd_conf.o
      1004          0          0          0          0      13477   usbd_core.o
      2162         28          0          1          0      17184   usbd_ctlreq.o
       386        122          0         78        512       6885   usbd_desc.o
       174          0          0          0          0       4712   usbd_ioreq.o
       110         48          0          0          0       1485   user_main.o

    ----------------------------------------------------------------------
     85690       5064       1356       1932      51048    2064296   Object Totals
         0          0         32          0          0          0   (incl. Generated)
        80          0          2         18          2          0   (incl. Padding)

    ----------------------------------------------------------------------

      Code (inc. data)   RO Data    RW Data    ZI Data      Debug   Library Member Name

        90          0          0          0          0          0   __dczerorl2.o
         8          0          0          0          0         68   __main.o
       392          4         17          0          0         92   __printf_flags_ss_wp.o
        14          0          0          0          0         68   __printf_wp.o
         0          0          0          0          0          0   __rtentry.o
        12          0          0          0          0          0   __rtentry2.o
         6          0          0          0          0          0   __rtentry4.o
        52          8          0          0          0          0   __scatter.o
        28          0          0          0          0          0   __scatter_zi.o
         6          0          0          0          0          0   _printf_a.o
         6          0          0          0          0          0   _printf_c.o
        44          0          0          0          0        108   _printf_char.o
        48          6          0          0          0         96   _printf_char_common.o
        40          0          0          0          0         68   _printf_charcount.o
         6          0          0          0          0          0   _printf_d.o
       120         16          0          0          0         92   _printf_dec.o
         6          0          0          0          0          0   _printf_e.o
         6          0          0          0          0          0   _printf_f.o
      1054          0          0          0          0        216   _printf_fp_dec.o
       764          8         38          0          0        100   _printf_fp_hex.o
       128         16          0          0          0         84   _printf_fp_infnan.o
         6          0          0          0          0          0   _printf_g.o
       148          4         40          0          0        160   _printf_hex_int_ll_ptr.o
         6          0          0          0          0          0   _printf_i.o
       178          0          0          0          0         88   _printf_intcommon.o
        10          0          0          0          0          0   _printf_l.o
         6          0          0          0          0          0   _printf_lc.o
        10          0          0          0          0          0   _printf_ll.o
         6          0          0          0          0          0   _printf_lld.o
         6          0          0          0          0          0   _printf_lli.o
         6          0          0          0          0          0   _printf_llo.o
         6          0          0          0          0          0   _printf_llu.o
         6          0          0          0          0          0   _printf_llx.o
       124         16          0          0          0         92   _printf_longlong_dec.o
         6          0          0          0          0          0   _printf_ls.o
         6          0          0          0          0          0   _printf_n.o
         6          0          0          0          0          0   _printf_o.o
       112         10          0          0          0        124   _printf_oct_int_ll.o
         6          0          0          0          0          0   _printf_p.o
        78          0          0          0          0        108   _printf_pad.o
         0          0          0          0          0          0   _printf_percent.o
         4          0          0          0          0          0   _printf_percent_end.o
         6          0          0          0          0          0   _printf_s.o
        82          0          0          0          0         80   _printf_str.o
        36          0          0          0          0         84   _printf_truncate.o
         6          0          0          0          0          0   _printf_u.o
        44          0          0          0          0        108   _printf_wchar.o
       188          6          8          0          0         92   _printf_wctomb.o
         6          0          0          0          0          0   _printf_x.o
        22          0          0          0          0        100   _rserrno.o
        10          0          0          0          0         68   _sputc.o
        64          0          0          0          0         92   _wcrtomb.o
        16          0          0          0          0         68   aeabi_memset.o
       228          4        148          0          0         96   bigflt0.o
      1936        128          0          0          0        672   btod.o
        18          0          0          0          0         80   exit.o
         6          0          0          0          0        152   heapauxi.o
         0          0          0          0          0          0   indicate_semi.o
        44         10        272          0          0         76   lc_ctype_c.o
        44         10         28          0          0         76   lc_numeric_c.o
         2          0          0          0          0          0   libinit.o
        34          0          0          0          0          0   libinit2.o
         2          0          0          0          0          0   libshutdown.o
         2          0          0          0          0          0   libshutdown2.o
         8          4          0          0         96         68   libspace.o
       138          0          0          0          0         80   lludiv10.o
       238          0          0          0          0        100   lludivv7m.o
        16          4          0          0          0         76   rt_ctype_table.o
         8          4          0          0          0         68   rt_errno_addr_intlibspace.o
         8          4          0          0          0         68   rt_locale_intlibspace.o
        68          0          0          0          0         68   rt_memclr.o
        78          0          0          0          0         80   rt_memclr_w.o
       138          0          0          0          0         68   rt_memcpy_v6.o
       100          0          0          0          0         80   rt_memcpy_w.o
         2          0          0          0          0          0   rtexit.o
        10          0          0          0          0          0   rtexit2.o
       128          0          0          0          0         68   strcmpv7m.o
        12          4          0          0          0         68   sys_exit.o
        74          0          0          0          0         80   sys_stackheap_outer.o
         2          0          0          0          0         68   use_no_semi.o
        36          4          0          0          0         76   vsprintf.o
        24          0          0          0          0        164   basic.o
        98          4          0          0          0        140   d2f.o
       826         16          0          0          0        492   daddsub_clz.o
        24          0          0          0          0        116   dcmpi.o
       688        140          0          0          0        256   ddiv.o
        94          4          0          0          0        140   dfix.o
        84          0          0          0          0        232   dflt_clz.o
       120          4          0          0          0        140   dleqf.o
       340         12          0          0          0        152   dmul.o
       156          4          0          0          0        140   dnaninf.o
        12          0          0          0          0        116   dretinf.o
       408         56          0          0          0        168   dsqrt_umaal.o
        86          4          0          0          0        132   f2d.o
        82          4          0          0          0        160   fcmp4.o
        24          0          0          0          0        116   fcmpi.o
       140          4          0          0          0        132   fnaninf.o
        10          0          0          0          0        116   fpinit.o
       244          8          0          0          0        132   frem_clz.o
        10          0          0          0          0        116   fretinf.o
         4          0          0          0          0        116   printf1.o
         4          0          0          0          0        116   printf2.o
         0          0          0          0          0          0   usenofp.o
       300         42          0          0          0        176   asinf.o
       684         90          0          0          0        208   atan2f.o
       200         20          0          0          0        164   cos.o
       368         46         48          0          0        200   cos_i.o
       336         56          0          0          0        136   cosf.o
        84         16          0          0          0        372   dunder.o
        44          0          0          0          0        248   fabs.o
        72          0          0          0          0        148   fmaxf.o
        72          0          0          0          0        148   fminf.o
       176          0          0          0          0        168   fmodf.o
        48          0          0          0          0        124   fpclassify.o
        38          0          0          0          0        116   fpclassifyf.o
        44         12          0          0          0        464   funder.o
       248          0          0          0          0        152   poly.o
      1080        142        200          0          0        188   rred.o
       340         24         32          0          0        160   rredf.o
       200         20          0          0          0        164   sin.o
       304         24         40          0          0        208   sin_i.o
       400         56          0          0          0        212   sinf.o
       122          0          0          0          0        148   sqrt.o
       120          0          0          0          0        272   sqrtf.o

    ----------------------------------------------------------------------
     16230       1082        880          0        100      12092   Library Totals
        46          4          9          0          4          0   (incl. Padding)

    ----------------------------------------------------------------------

      Code (inc. data)   RO Data    RW Data    ZI Data      Debug   Library Name

      7426        270        551          0         96       4524   c_w.l
      3478        260          0          0          0       3392   fz_wm.l
      5280        548        320          0          0       4176   m_wm.l

    ----------------------------------------------------------------------
     16230       1082        880          0        100      12092   Library Totals

    ----------------------------------------------------------------------

==============================================================================


      Code (inc. data)   RO Data    RW Data    ZI Data      Debug   

    101920       6146       2236       1932      51148    2013292   Grand Totals
    101920       6146       2236        516      51148    2013292   ELF Image Totals (compressed)
    101920       6146       2236        516          0          0   ROM Totals

==============================================================================

    Total RO  Size (Code + RO Data)               104156 ( 101.71kB)
    Total RW  Size (RW Data + ZI Data)             53080 (  51.84kB)
    Total ROM Size (Code + RO Data + RW Data)     104672 ( 102.22kB)

==============================================================================

