<html>
<body>
<pre>
<h1>µVision Build Log</h1>
<h2>Tool Versions:</h2>
IDE-Version: ¦ÌVision V5.41.0.0
Copyright (C) 2024 ARM Ltd and ARM Germany GmbH. All rights reserved.
License Information: 1 2244761520@qq.com, 1, LIC=MPPLD-8K0P4-LQA0Q-NADSA-YWSZV-HJ21D
 
Tool Versions:
Toolchain:       MDK-ARM Plus  Version: 5.41.0.0
Toolchain Path:  E:\software\keil\ARM\ARMCC\Bin
C Compiler:      Armcc.exe V5.06 update 7 (build 960)
Assembler:       Armasm.exe V5.06 update 7 (build 960)
Linker/Locator:  ArmLink.exe V5.06 update 7 (build 960)
Library Manager: ArmAr.exe V5.06 update 7 (build 960)
Hex Converter:   FromElf.exe V5.06 update 7 (build 960)
CPU DLL:         SARMCM3.DLL V5.41.0.0
Dialog DLL:      DCM.DLL V1.17.5.0
Target DLL:      STLink\ST-LINKIII-KEIL_SWO.dll V3.3.0.0
Dialog DLL:      TCM.DLL V1.56.4.0
 
<h2>Project:</h2>
C:\Users\22447\Desktop\New_infantry\Steering_infantry\MDK-ARM\RMCB_2022_Dev.uvprojx
Project File Date:  10/07/2025

<h2>Output:</h2>
*** Using Compiler 'V5.06 update 7 (build 960)', folder: 'E:\software\keil\ARM\ARMCC\Bin'
Rebuild target 'RMCB_2022_Dev'
assembling startup_stm32f407xx.s...
compiling stm32f4xx_hal_pcd_ex.c...
compiling main.c...
compiling stm32f4xx_hal_flash_ex.c...
compiling stm32f4xx_hal_flash_ramfunc.c...
compiling stm32f4xx_hal_rcc_ex.c...
compiling stm32f4xx_it.c...
../Core/Src/stm32f4xx_it.c(336): warning:  #223-D: function "HAL_UART_IdleCallback" declared implicitly
  		HAL_UART_IdleCallback(&huart1);
../Core/Src/stm32f4xx_it.c(371): warning:  #223-D: function "HAL_UART_IdleCallback" declared implicitly
  		HAL_UART_IdleCallback(&huart3);
../Core/Src/stm32f4xx_it.c(423): warning:  #111-D: statement is unreachable
    HAL_DMA_IRQHandler(&hdma_spi1_rx);
../Core/Src/stm32f4xx_it.c(462): warning:  #223-D: function "transmit_receiver" declared implicitly
             transmit_receiver(StdId, (uint8_t*) &CAN2->sFIFOMailBox[0].RDLR);
../Core/Src/stm32f4xx_it.c(554): warning:  #223-D: function "HAL_UART_IdleCallback" declared implicitly
  		HAL_UART_IdleCallback(&huart6);
../Core/Src/stm32f4xx_it.c: 5 warnings, 0 errors
compiling stm32f4xx_ll_usb.c...
compiling stm32f4xx_hal_flash.c...
compiling freertos.c...
compiling stm32f4xx_hal_pcd.c...
compiling stm32f4xx_hal_timebase_tim.c...
compiling stm32f4xx_hal_dma.c...
compiling stm32f4xx_hal_gpio.c...
compiling stm32f4xx_hal_msp.c...
compiling stm32f4xx_hal_dma_ex.c...
compiling stm32f4xx_hal_rcc.c...
compiling stm32f4xx_ll_adc.c...
compiling croutine.c...
compiling event_groups.c...
compiling list.c...
compiling queue.c...
compiling stream_buffer.c...
compiling tasks.c...
compiling timers.c...
compiling stm32f4xx_hal_pwr.c...
compiling stm32f4xx_hal_exti.c...
compiling heap_4.c...
compiling stm32f4xx_hal_pwr_ex.c...
compiling system_stm32f4xx.c...
compiling stm32f4xx_hal.c...
compiling stm32f4xx_hal_cortex.c...
compiling stm32f4xx_hal_can.c...
compiling port.c...
compiling stm32f4xx_hal_adc_ex.c...
compiling stm32f4xx_hal_i2c_ex.c...
compiling pid.c...
compiling stm32f4xx_hal_uart.c...
compiling stm32f4xx_hal_adc.c...
compiling stm32f4xx_hal_spi.c...
compiling stm32f4xx_hal_tim_ex.c...
compiling fifo.c...
compiling stm32f4xx_hal_tim.c...
compiling stm32f4xx_hal_i2c.c...
compiling crc.c...
compiling fsfc.c...
compiling cmsis_os2.c...
compiling components.c...
..\Components\Src\components.c(10): warning:  #223-D: function "DMMotor_General_Init" declared implicitly
  	DMMotor_General_Init();
..\Components\Src\components.c: 1 warning, 0 errors
compiling os.c...
compiling status_monitor.c...
compiling exti.c...
compiling led.c...
compiling laser_5v.c...
compiling usb.c...
compiling motor.c...
compiling pwm.c...
compiling communicate.c...
compiling controller.c...
compiling ist8310driver.c...
compiling transmit.c...
compiling MahonyAHRS.c...
compiling dm_motor.c...
..\Components\Src\dm_motor.c(103): warning:  #111-D: statement is unreachable
  		return HAL_ERROR;
..\Components\Src\dm_motor.c(178): warning:  #111-D: statement is unreachable
  		return HAL_ERROR;
..\Components\Src\dm_motor.c(184): warning:  #111-D: statement is unreachable
  		return HAL_ERROR;
..\Components\Src\dm_motor.c(258): warning:  #111-D: statement is unreachable
  		return HAL_ERROR;
..\Components\Src\dm_motor.c(264): warning:  #111-D: statement is unreachable
  		return HAL_ERROR;
..\Components\Src\dm_motor.c(292): warning:  #111-D: statement is unreachable
  		return HAL_ERROR;
..\Components\Src\dm_motor.c: 6 warnings, 0 errors
compiling protocol.c...
compiling imu.c...
compiling CAN_send.c...
compiling BMI088Middleware.c...
compiling usbd_desc.c...
compiling ist8310driver_middleware.c...
compiling BMI088driver.c...
compiling usbd_cdc.c...
compiling usbd_cdc_if.c...
compiling usbd_ioreq.c...
compiling usbd_core.c...
compiling usbd_ctlreq.c...
compiling usb_device.c...
compiling usbd_conf.c...
compiling zero_check.c...
compiling main_control.c...
compiling user_main.c...
compiling comm.c...
compiling performance_test.c...
compiling power_control.c...
..\Tasks\power_control.c(108): warning:  #177-D: variable "buffer"  was declared but never referenced
  		float buffer;
..\Tasks\power_control.c(23): warning:  #177-D: function "get_Cap_energy"  was declared but never referenced
  inline static float get_Cap_energy(float lowest_V){
..\Tasks\power_control.c: 2 warnings, 0 errors
compiling chassis.c...
compiling board_transmit.c...
linking...
Program Size: Code=97696 RO-data=2236 RW-data=1916 ZI-data=50988  
FromELF: creating hex file...
"RMCB_2022_Dev\RMCB_2022_Dev.axf" - 0 Error(s), 14 Warning(s).

<h2>Software Packages used:</h2>

Package Vendor: ARM
                https://www.keil.com/pack/ARM.CMSIS.6.1.0.pack
                ARM::CMSIS@6.1.0
                CMSIS (Common Microcontroller Software Interface Standard)
   * Component: CORE Version: 6.1.0

Package Vendor: Keil
                https://www.keil.com/pack/Keil.STM32F4xx_DFP.2.17.1.pack
                Keil::STM32F4xx_DFP@2.17.1
                STMicroelectronics STM32F4 Series Device Support, Drivers and Examples

<h2>Collection of Component include folders:</h2>
  ./RTE/_RMCB_2022_Dev
  C:/Users/22447/AppData/Local/Arm/Packs/ARM/CMSIS/6.1.0/CMSIS/Core/Include
  C:/Users/22447/AppData/Local/Arm/Packs/Keil/STM32F4xx_DFP/2.17.1/Drivers/CMSIS/Device/ST/STM32F4xx/Include

<h2>Collection of Component Files used:</h2>

   * Component: ARM::CMSIS:CORE@6.1.0
      Include file:  CMSIS/Core/Include/tz_context.h
Build Time Elapsed:  00:00:13
</pre>
</body>
</html>
