Component: ARM Compiler 5.06 update 7 (build 960) Tool: armlink [4d3601]

==============================================================================

Section Cross References

    startup_stm32f407xx.o(STACK) refers (Special) to heapauxi.o(.text) for __use_two_region_memory
    startup_stm32f407xx.o(HEAP) refers (Special) to heapauxi.o(.text) for __use_two_region_memory
    startup_stm32f407xx.o(RESET) refers (Special) to heapauxi.o(.text) for __use_two_region_memory
    startup_stm32f407xx.o(RESET) refers to startup_stm32f407xx.o(STACK) for __initial_sp
    startup_stm32f407xx.o(RESET) refers to startup_stm32f407xx.o(.text) for Reset_Handler
    startup_stm32f407xx.o(RESET) refers to stm32f4xx_it.o(i.NMI_Handler) for NMI_Handler
    startup_stm32f407xx.o(RESET) refers to stm32f4xx_it.o(i.HardFault_Handler) for HardFault_Handler
    startup_stm32f407xx.o(RESET) refers to stm32f4xx_it.o(i.MemManage_Handler) for MemManage_Handler
    startup_stm32f407xx.o(RESET) refers to stm32f4xx_it.o(i.BusFault_Handler) for BusFault_Handler
    startup_stm32f407xx.o(RESET) refers to stm32f4xx_it.o(i.UsageFault_Handler) for UsageFault_Handler
    startup_stm32f407xx.o(RESET) refers to port.o(.emb_text) for SVC_Handler
    startup_stm32f407xx.o(RESET) refers to stm32f4xx_it.o(i.DebugMon_Handler) for DebugMon_Handler
    startup_stm32f407xx.o(RESET) refers to cmsis_os2.o(i.SysTick_Handler) for SysTick_Handler
    startup_stm32f407xx.o(RESET) refers to stm32f4xx_it.o(i.EXTI0_IRQHandler) for EXTI0_IRQHandler
    startup_stm32f407xx.o(RESET) refers to stm32f4xx_it.o(i.EXTI3_IRQHandler) for EXTI3_IRQHandler
    startup_stm32f407xx.o(RESET) refers to stm32f4xx_it.o(i.EXTI4_IRQHandler) for EXTI4_IRQHandler
    startup_stm32f407xx.o(RESET) refers to stm32f4xx_it.o(i.DMA1_Stream1_IRQHandler) for DMA1_Stream1_IRQHandler
    startup_stm32f407xx.o(RESET) refers to stm32f4xx_it.o(i.CAN1_RX0_IRQHandler) for CAN1_RX0_IRQHandler
    startup_stm32f407xx.o(RESET) refers to stm32f4xx_it.o(i.EXTI9_5_IRQHandler) for EXTI9_5_IRQHandler
    startup_stm32f407xx.o(RESET) refers to stm32f4xx_it.o(i.USART1_IRQHandler) for USART1_IRQHandler
    startup_stm32f407xx.o(RESET) refers to stm32f4xx_it.o(i.USART3_IRQHandler) for USART3_IRQHandler
    startup_stm32f407xx.o(RESET) refers to stm32f4xx_it.o(i.TIM8_TRG_COM_TIM14_IRQHandler) for TIM8_TRG_COM_TIM14_IRQHandler
    startup_stm32f407xx.o(RESET) refers to stm32f4xx_it.o(i.DMA2_Stream1_IRQHandler) for DMA2_Stream1_IRQHandler
    startup_stm32f407xx.o(RESET) refers to stm32f4xx_it.o(i.DMA2_Stream2_IRQHandler) for DMA2_Stream2_IRQHandler
    startup_stm32f407xx.o(RESET) refers to stm32f4xx_it.o(i.DMA2_Stream3_IRQHandler) for DMA2_Stream3_IRQHandler
    startup_stm32f407xx.o(RESET) refers to stm32f4xx_it.o(i.CAN2_RX0_IRQHandler) for CAN2_RX0_IRQHandler
    startup_stm32f407xx.o(RESET) refers to stm32f4xx_it.o(i.OTG_FS_IRQHandler) for OTG_FS_IRQHandler
    startup_stm32f407xx.o(RESET) refers to stm32f4xx_it.o(i.DMA2_Stream5_IRQHandler) for DMA2_Stream5_IRQHandler
    startup_stm32f407xx.o(RESET) refers to stm32f4xx_it.o(i.DMA2_Stream6_IRQHandler) for DMA2_Stream6_IRQHandler
    startup_stm32f407xx.o(RESET) refers to stm32f4xx_it.o(i.DMA2_Stream7_IRQHandler) for DMA2_Stream7_IRQHandler
    startup_stm32f407xx.o(RESET) refers to stm32f4xx_it.o(i.USART6_IRQHandler) for USART6_IRQHandler
    startup_stm32f407xx.o(.text) refers (Special) to heapauxi.o(.text) for __use_two_region_memory
    startup_stm32f407xx.o(.text) refers to system_stm32f4xx.o(i.SystemInit) for SystemInit
    startup_stm32f407xx.o(.text) refers to __main.o(!!!main) for __main
    startup_stm32f407xx.o(.text) refers to startup_stm32f407xx.o(HEAP) for Heap_Mem
    startup_stm32f407xx.o(.text) refers to startup_stm32f407xx.o(STACK) for Stack_Mem
    main.o(i.HAL_TIM_PeriodElapsedCallback) refers to stm32f4xx_hal.o(i.HAL_IncTick) for HAL_IncTick
    main.o(i.MX_ADC1_Init) refers to stm32f4xx_hal_adc.o(i.HAL_ADC_Init) for HAL_ADC_Init
    main.o(i.MX_ADC1_Init) refers to main.o(i.Error_Handler) for Error_Handler
    main.o(i.MX_ADC1_Init) refers to stm32f4xx_hal_adc.o(i.HAL_ADC_ConfigChannel) for HAL_ADC_ConfigChannel
    main.o(i.MX_ADC1_Init) refers to main.o(.bss) for hadc1
    main.o(i.MX_ADC3_Init) refers to stm32f4xx_hal_adc.o(i.HAL_ADC_Init) for HAL_ADC_Init
    main.o(i.MX_ADC3_Init) refers to main.o(i.Error_Handler) for Error_Handler
    main.o(i.MX_ADC3_Init) refers to stm32f4xx_hal_adc.o(i.HAL_ADC_ConfigChannel) for HAL_ADC_ConfigChannel
    main.o(i.MX_ADC3_Init) refers to main.o(.bss) for hadc3
    main.o(i.MX_CAN1_Init) refers to stm32f4xx_hal_can.o(i.HAL_CAN_Init) for HAL_CAN_Init
    main.o(i.MX_CAN1_Init) refers to main.o(i.Error_Handler) for Error_Handler
    main.o(i.MX_CAN1_Init) refers to main.o(.bss) for hcan1
    main.o(i.MX_CAN2_Init) refers to stm32f4xx_hal_can.o(i.HAL_CAN_Init) for HAL_CAN_Init
    main.o(i.MX_CAN2_Init) refers to main.o(i.Error_Handler) for Error_Handler
[...]
    0x08001cc4   0x08001cc4   0x0000002a   Code   RO        10652    CL$$btod_emul       c_w.l(btod.o)
    0x08001cee   0x08001cee   0x00000244   Code   RO        10658    CL$$btod_mult_common  c_w.l(btod.o)
    0x08001f32   0x08001f32   0x00000002   PAD
    0x08001f34   0x08001f34   0x00000160   Code   RO         2498    i.ADC_Init          stm32f4xx_hal_adc.o
    0x08002094   0x08002094   0x00000028   Code   RO         7255    i.AHRS_init         imu.o
    0x080020bc   0x080020bc   0x00000064   Code   RO         7256    i.AHRS_update       imu.o
    0x08002120   0x08002120   0x00000014   Code   RO         8614    i.BMI088_ACCEL_NS_H  bmi088middleware.o
    0x08002134   0x08002134   0x00000014   Code   RO         8615    i.BMI088_ACCEL_NS_L  bmi088middleware.o
    0x08002148   0x08002148   0x00000002   Code   RO         8616    i.BMI088_GPIO_init  bmi088middleware.o
    0x0800214a   0x0800214a   0x00000002   PAD
    0x0800214c   0x0800214c   0x00000014   Code   RO         8617    i.BMI088_GYRO_NS_H  bmi088middleware.o
    0x08002160   0x08002160   0x00000014   Code   RO         8618    i.BMI088_GYRO_NS_L  bmi088middleware.o
    0x08002174   0x08002174   0x00000090   Code   RO         8478    i.BMI088_accel_read_over  bmi088driver.o
    0x08002204   0x08002204   0x00000002   Code   RO         8619    i.BMI088_com_init   bmi088middleware.o
    0x08002206   0x08002206   0x00000018   Code   RO         8620    i.BMI088_delay_ms   bmi088middleware.o
    0x0800221e   0x0800221e   0x0000001e   Code   RO         8621    i.BMI088_delay_us   bmi088middleware.o
    0x0800223c   0x0800223c   0x00000068   Code   RO         8479    i.BMI088_gyro_read_over  bmi088driver.o
    0x080022a4   0x080022a4   0x00000034   Code   RO         8480    i.BMI088_init       bmi088driver.o
    0x080022d8   0x080022d8   0x0000017c   Code   RO         8481    i.BMI088_read       bmi088driver.o
    0x08002454   0x08002454   0x00000026   Code   RO         8484    i.BMI088_read_muli_reg  bmi088driver.o
    0x0800247a   0x0800247a   0x00000018   Code   RO         8485    i.BMI088_read_single_reg  bmi088driver.o
    0x08002492   0x08002492   0x00000002   PAD
    0x08002494   0x08002494   0x00000020   Code   RO         8622    i.BMI088_read_write_byte  bmi088middleware.o
    0x080024b4   0x080024b4   0x00000034   Code   RO         8486    i.BMI088_temperature_read_over  bmi088driver.o
    0x080024e8   0x080024e8   0x00000014   Code   RO         8487    i.BMI088_write_single_reg  bmi088driver.o
    0x080024fc   0x080024fc   0x00000004   Code   RO          409    i.BusFault_Handler  stm32f4xx_it.o
    0x08002500   0x08002500   0x00000098   Code   RO          410    i.CAN1_RX0_IRQHandler  stm32f4xx_it.o
    0x08002598   0x08002598   0x0000009c   Code   RO          411    i.CAN2_RX0_IRQHandler  stm32f4xx_it.o
    0x08002634   0x08002634   0x00000036   Code   RO         8233    i.CAN_transmit_sender  transmit.o
    0x0800266a   0x0800266a   0x00000002   PAD
    0x0800266c   0x0800266c   0x00000054   Code   RO         7618    i.CAP_Unpack        motor.o
    0x080026c0   0x080026c0   0x00000044   Code   RO         9083    i.CDC_Control_FS    usbd_cdc_if.o
    0x08002704   0x08002704   0x00000004   Code   RO         9084    i.CDC_DeInit_FS     usbd_cdc_if.o
    0x08002708   0x08002708   0x00000024   Code   RO         9085    i.CDC_Init_FS       usbd_cdc_if.o
    0x0800272c   0x0800272c   0x0000001c   Code   RO         9086    i.CDC_Receive_FS    usbd_cdc_if.o
    0x08002748   0x08002748   0x0000000c   Code   RO         9087    i.CDC_TransmitCplt_FS  usbd_cdc_if.o
    0x08002754   0x08002754   0x00000038   Code   RO         9088    i.CDC_Transmit_FS   usbd_cdc_if.o
    0x0800278c   0x0800278c   0x0000004e   Code   RO         7619    i.CanMotor_ESCDataUnpack  motor.o
    0x080027da   0x080027da   0x00000002   PAD
    0x080027dc   0x080027dc   0x00000060   Code   RO         7620    i.CanMotor_Init     motor.o
    0x0800283c   0x0800283c   0x0000006c   Code   RO         7621    i.CanMotor_SendCurrent  motor.o
    0x080028a8   0x080028a8   0x00000120   Code   RO         9860    i.Comm_init         comm.o
    0x080029c8   0x080029c8   0x00000060   Code   RO         9861    i.Comm_task         comm.o
    0x08002a28   0x08002a28   0x00000024   Code   RO         7099    i.Components_Init   components.o
    0x08002a4c   0x08002a4c   0x00000034   Code   RO         7127    i.Controller_Init   controller.o
    0x08002a80   0x08002a80   0x00000010   Code   RO          412    i.DMA1_Stream1_IRQHandler  stm32f4xx_it.o
    0x08002a90   0x08002a90   0x00000010   Code   RO          413    i.DMA2_Stream1_IRQHandler  stm32f4xx_it.o
    0x08002aa0   0x08002aa0   0x00000008   Code   RO          414    i.DMA2_Stream2_IRQHandler  stm32f4xx_it.o
    0x08002aa8   0x08002aa8   0x00000880   Code   RO         7257    i.DMA2_Stream2_IRQHandler_IMU  imu.o
    0x08003328   0x08003328   0x00000010   Code   RO          415    i.DMA2_Stream3_IRQHandler  stm32f4xx_it.o
    0x08003338   0x08003338   0x00000010   Code   RO          416    i.DMA2_Stream5_IRQHandler  stm32f4xx_it.o
    0x08003348   0x08003348   0x00000010   Code   RO          417    i.DMA2_Stream6_IRQHandler  stm32f4xx_it.o
    0x08003358   0x08003358   0x00000010   Code   RO          418    i.DMA2_Stream7_IRQHandler  stm32f4xx_it.o
    0x08003368   0x08003368   0x00000034   Code   RO         1817    i.DMA_CalcBaseAndBitshift  stm32f4xx_hal_dma.o
    0x0800339c   0x0800339c   0x000000aa   Code   RO         1818    i.DMA_CheckFifoParam  stm32f4xx_hal_dma.o
    0x08003446   0x08003446   0x0000002c   Code   RO         1819    i.DMA_SetConfig     stm32f4xx_hal_dma.o
    0x08003472   0x08003472   0x00000002   PAD
    0x08003474   0x08003474   0x000001d8   Code   RO         8132    i.DMMotor_ESCDataUnpack  dm_motor.o
    0x0800364c   0x0800364c   0x00000020   Code   RO         8133    i.DMMotor_General_Init  dm_motor.o
    0x0800366c   0x0800366c   0x00000002   Code   RO          419    i.DebugMon_Handler  stm32f4xx_it.o
    0x0800366e   0x0800366e   0x0000000a   Code   RO          420    i.EXTI0_IRQHandler  stm32f4xx_it.o
    0x08003678   0x08003678   0x0000000a   Code   RO          421    i.EXTI3_IRQHandler  stm32f4xx_it.o
    0x08003682   0x08003682   0x0000000a   Code   RO          422    i.EXTI4_IRQHandler  stm32f4xx_it.o
    0x0800368c   0x0800368c   0x0000000a   Code   RO          423    i.EXTI9_5_IRQHandler  stm32f4xx_it.o
    0x08003696   0x08003696   0x00000006   Code   RO           13    i.Error_Handler     main.o
    0x0800369c   0x0800369c   0x0000005c   Code   RO         1587    i.FLASH_Erase_Sector  stm32f4xx_hal_flash_ex.o
    0x080036f8   0x080036f8   0x00000078   Code   RO         1588    i.FLASH_FlushCaches  stm32f4xx_hal_flash_ex.o
    0x08003770   0x08003770   0x00000030   Code   RO         1589    i.FLASH_MassErase   stm32f4xx_hal_flash_ex.o
    0x080037a0   0x080037a0   0x00000024   Code   RO         1469    i.FLASH_Program_Byte  stm32f4xx_hal_flash.o
    0x080037c4   0x080037c4   0x0000003c   Code   RO         1470    i.FLASH_Program_DoubleWord  stm32f4xx_hal_flash.o
    0x08003800   0x08003800   0x00000028   Code   RO         1471    i.FLASH_Program_HalfWord  stm32f4xx_hal_flash.o
    0x08003828   0x08003828   0x00000028   Code   RO         1472    i.FLASH_Program_Word  stm32f4xx_hal_flash.o
    0x08003850   0x08003850   0x00000098   Code   RO         1473    i.FLASH_SetErrorCode  stm32f4xx_hal_flash.o
    0x080038e8   0x080038e8   0x00000064   Code   RO         1474    i.FLASH_WaitForLastOperation  stm32f4xx_hal_flash.o
    0x0800394c   0x0800394c   0x00000040   Code   RO        10061    i.FSFC_Init         chassis.o
    0x0800398c   0x0800398c   0x000000d8   Code   RO         8108    i.FSFC_calc         fsfc.o
    0x08003a64   0x08003a64   0x00000034   Code   RO         8993    i.Get_SerialNum     usbd_desc.o
    0x08003a98   0x08003a98   0x0000018c   Code   RO         2500    i.HAL_ADC_ConfigChannel  stm32f4xx_hal_adc.o
    0x08003c24   0x08003c24   0x00000008   Code   RO         2507    i.HAL_ADC_GetValue  stm32f4xx_hal_adc.o
    0x08003c2c   0x08003c2c   0x00000068   Code   RO         2509    i.HAL_ADC_Init      stm32f4xx_hal_adc.o
    0x08003c94   0x08003c94   0x000000ac   Code   RO          580    i.HAL_ADC_MspInit   stm32f4xx_hal_msp.o
    0x08003d40   0x08003d40   0x000000ce   Code   RO         2513    i.HAL_ADC_PollForConversion  stm32f4xx_hal_adc.o
    0x08003e0e   0x08003e0e   0x00000002   PAD
    0x08003e10   0x08003e10   0x0000014c   Code   RO         2515    i.HAL_ADC_Start     stm32f4xx_hal_adc.o
    0x08003f5c   0x08003f5c   0x0000002a   Code   RO         2774    i.HAL_CAN_ActivateNotification  stm32f4xx_hal_can.o
    0x08003f86   0x08003f86   0x00000156   Code   RO         2775    i.HAL_CAN_AddTxMessage  stm32f4xx_hal_can.o
    0x080040dc   0x080040dc   0x00000124   Code   RO         2776    i.HAL_CAN_ConfigFilter  stm32f4xx_hal_can.o
    0x08004200   0x08004200   0x00000002   Code   RO         2779    i.HAL_CAN_ErrorCallback  stm32f4xx_hal_can.o
    0x08004202   0x08004202   0x00000036   Code   RO         2784    i.HAL_CAN_GetTxMailboxesFreeLevel  stm32f4xx_hal_can.o
    0x08004238   0x08004238   0x0000024e   Code   RO         2786    i.HAL_CAN_IRQHandler  stm32f4xx_hal_can.o
    0x08004486   0x08004486   0x00000174   Code   RO         2787    i.HAL_CAN_Init      stm32f4xx_hal_can.o
    0x080045fa   0x080045fa   0x00000002   PAD
    0x080045fc   0x080045fc   0x00000160   Code   RO          582    i.HAL_CAN_MspInit   stm32f4xx_hal_msp.o
    0x0800475c   0x0800475c   0x00000002   Code   RO         2794    i.HAL_CAN_RxFifo0FullCallback  stm32f4xx_hal_can.o
    0x0800475e   0x0800475e   0x00000002   Code   RO         2795    i.HAL_CAN_RxFifo0MsgPendingCallback  stm32f4xx_hal_can.o
    0x08004760   0x08004760   0x00000002   Code   RO         2796    i.HAL_CAN_RxFifo1FullCallback  stm32f4xx_hal_can.o
    0x08004762   0x08004762   0x00000002   Code   RO         2797    i.HAL_CAN_RxFifo1MsgPendingCallback  stm32f4xx_hal_can.o
    0x08004764   0x08004764   0x00000002   Code   RO         2798    i.HAL_CAN_SleepCallback  stm32f4xx_hal_can.o
    0x08004766   0x08004766   0x0000005e   Code   RO         2799    i.HAL_CAN_Start     stm32f4xx_hal_can.o
    0x080047c4   0x080047c4   0x00000002   Code   RO         2801    i.HAL_CAN_TxMailbox0AbortCallback  stm32f4xx_hal_can.o
    0x080047c6   0x080047c6   0x0000000c   Code   RO         8298    i.HAL_CAN_TxMailbox0CompleteCallback  can_send.o
    0x080047d2   0x080047d2   0x00000002   Code   RO         2803    i.HAL_CAN_TxMailbox1AbortCallback  stm32f4xx_hal_can.o
    0x080047d4   0x080047d4   0x0000000c   Code   RO         8299    i.HAL_CAN_TxMailbox1CompleteCallback  can_send.o
    0x080047e0   0x080047e0   0x00000002   Code   RO         2805    i.HAL_CAN_TxMailbox2AbortCallback  stm32f4xx_hal_can.o
    0x080047e2   0x080047e2   0x0000000c   Code   RO         8300    i.HAL_CAN_TxMailbox2CompleteCallback  can_send.o
    0x080047ee   0x080047ee   0x00000002   Code   RO         2808    i.HAL_CAN_WakeUpFromRxMsgCallback  stm32f4xx_hal_can.o
    0x080047f0   0x080047f0   0x000000ac   Code   RO         1820    i.HAL_DMA_Abort     stm32f4xx_hal_dma.o
    0x0800489c   0x0800489c   0x00000028   Code   RO         1821    i.HAL_DMA_Abort_IT  stm32f4xx_hal_dma.o
    0x080048c4   0x080048c4   0x00000070   Code   RO         1822    i.HAL_DMA_DeInit    stm32f4xx_hal_dma.o
    0x08004934   0x08004934   0x00000006   Code   RO         1823    i.HAL_DMA_GetError  stm32f4xx_hal_dma.o
    0x0800493a   0x0800493a   0x00000002   PAD
    0x0800493c   0x0800493c   0x00000240   Code   RO         1825    i.HAL_DMA_IRQHandler  stm32f4xx_hal_dma.o
    0x08004b7c   0x08004b7c   0x000000ec   Code   RO         1826    i.HAL_DMA_Init      stm32f4xx_hal_dma.o
    0x08004c68   0x08004c68   0x00000092   Code   RO         1830    i.HAL_DMA_Start_IT  stm32f4xx_hal_dma.o
    0x08004cfa   0x08004cfa   0x00000002   PAD
    0x08004cfc   0x08004cfc   0x00000028   Code   RO         2244    i.HAL_Delay         stm32f4xx_hal.o
    0x08004d24   0x08004d24   0x000000ac   Code   RO         1599    i.HAL_FLASHEx_Erase  stm32f4xx_hal_flash_ex.o
    0x08004dd0   0x08004dd0   0x00000014   Code   RO         1478    i.HAL_FLASH_Lock    stm32f4xx_hal_flash.o
    0x08004de4   0x08004de4   0x00000098   Code   RO         1483    i.HAL_FLASH_Program  stm32f4xx_hal_flash.o
    0x08004e7c   0x08004e7c   0x00000034   Code   RO         1485    i.HAL_FLASH_Unlock  stm32f4xx_hal_flash.o
    0x08004eb0   0x08004eb0   0x00000164   Code   RO         1710    i.HAL_GPIO_DeInit   stm32f4xx_hal_gpio.o
    0x08005014   0x08005014   0x00000098   Code   RO         7479    i.HAL_GPIO_EXTI_Callback  exti.o
    0x080050ac   0x080050ac   0x0000001c   Code   RO         1712    i.HAL_GPIO_EXTI_IRQHandler  stm32f4xx_hal_gpio.o
    0x080050c8   0x080050c8   0x000001f0   Code   RO         1713    i.HAL_GPIO_Init     stm32f4xx_hal_gpio.o
    0x080052b8   0x080052b8   0x00000010   Code   RO         1715    i.HAL_GPIO_ReadPin  stm32f4xx_hal_gpio.o
    0x080052c8   0x080052c8   0x0000000c   Code   RO         1717    i.HAL_GPIO_WritePin  stm32f4xx_hal_gpio.o
    0x080052d4   0x080052d4   0x0000000c   Code   RO         2250    i.HAL_GetTick       stm32f4xx_hal.o
    0x080052e0   0x080052e0   0x000001d0   Code   RO         3018    i.HAL_I2C_Init      stm32f4xx_hal_i2c.o
    0x080054b0   0x080054b0   0x000002f4   Code   RO         3036    i.HAL_I2C_Mem_Read  stm32f4xx_hal_i2c.o
    0x080057a4   0x080057a4   0x00000164   Code   RO         3039    i.HAL_I2C_Mem_Write  stm32f4xx_hal_i2c.o
    0x08005908   0x08005908   0x000001a8   Code   RO          584    i.HAL_I2C_MspInit   stm32f4xx_hal_msp.o
    0x08005ab0   0x08005ab0   0x00000018   Code   RO         2256    i.HAL_IncTick       stm32f4xx_hal.o
    0x08005ac8   0x08005ac8   0x0000003c   Code   RO         2257    i.HAL_Init          stm32f4xx_hal.o
    0x08005b04   0x08005b04   0x0000008c   Code   RO          696    i.HAL_InitTick      stm32f4xx_hal_timebase_tim.o
    0x08005b90   0x08005b90   0x00000054   Code   RO          585    i.HAL_MspInit       stm32f4xx_hal_msp.o
    0x08005be4   0x08005be4   0x00000044   Code   RO         2101    i.HAL_NVIC_DisableIRQ  stm32f4xx_hal_cortex.o
    0x08005c28   0x08005c28   0x00000020   Code   RO         2102    i.HAL_NVIC_EnableIRQ  stm32f4xx_hal_cortex.o
    0x08005c48   0x08005c48   0x0000007c   Code   RO         2108    i.HAL_NVIC_SetPriority  stm32f4xx_hal_cortex.o
    0x08005cc4   0x08005cc4   0x00000028   Code   RO         2109    i.HAL_NVIC_SetPriorityGrouping  stm32f4xx_hal_cortex.o
    0x08005cec   0x08005cec   0x00000002   Code   RO          967    i.HAL_PCDEx_LPM_Callback  stm32f4xx_hal_pcd_ex.o
    0x08005cee   0x08005cee   0x0000000a   Code   RO          968    i.HAL_PCDEx_SetRxFiFo  stm32f4xx_hal_pcd_ex.o
    0x08005cf8   0x08005cf8   0x0000004e   Code   RO          969    i.HAL_PCDEx_SetTxFiFo  stm32f4xx_hal_pcd_ex.o
    0x08005d46   0x08005d46   0x0000000e   Code   RO         9140    i.HAL_PCD_ConnectCallback  usbd_conf.o
    0x08005d54   0x08005d54   0x00000020   Code   RO         9141    i.HAL_PCD_DataInStageCallback  usbd_conf.o
    0x08005d74   0x08005d74   0x00000020   Code   RO         9142    i.HAL_PCD_DataOutStageCallback  usbd_conf.o
    0x08005d94   0x08005d94   0x0000000e   Code   RO         9143    i.HAL_PCD_DisconnectCallback  usbd_conf.o
    0x08005da2   0x08005da2   0x0000006a   Code   RO          744    i.HAL_PCD_EP_Close  stm32f4xx_hal_pcd.o
    0x08005e0c   0x08005e0c   0x0000007c   Code   RO          745    i.HAL_PCD_EP_ClrStall  stm32f4xx_hal_pcd.o
    0x08005e88   0x08005e88   0x00000016   Code   RO          747    i.HAL_PCD_EP_GetRxCount  stm32f4xx_hal_pcd.o
    0x08005e9e   0x08005e9e   0x0000008c   Code   RO          748    i.HAL_PCD_EP_Open   stm32f4xx_hal_pcd.o
    0x08005f2a   0x08005f2a   0x00000058   Code   RO          749    i.HAL_PCD_EP_Receive  stm32f4xx_hal_pcd.o
    0x08005f82   0x08005f82   0x0000008a   Code   RO          750    i.HAL_PCD_EP_SetStall  stm32f4xx_hal_pcd.o
    0x0800600c   0x0800600c   0x0000005a   Code   RO          751    i.HAL_PCD_EP_Transmit  stm32f4xx_hal_pcd.o
    0x08006066   0x08006066   0x0000055c   Code   RO          753    i.HAL_PCD_IRQHandler  stm32f4xx_hal_pcd.o
    0x080065c2   0x080065c2   0x00000012   Code   RO         9144    i.HAL_PCD_ISOINIncompleteCallback  usbd_conf.o
    0x080065d4   0x080065d4   0x00000012   Code   RO         9145    i.HAL_PCD_ISOOUTIncompleteCallback  usbd_conf.o
    0x080065e6   0x080065e6   0x00000166   Code   RO          756    i.HAL_PCD_Init      stm32f4xx_hal_pcd.o
    0x0800674c   0x0800674c   0x000000a8   Code   RO         9147    i.HAL_PCD_MspInit   usbd_conf.o
    0x080067f4   0x080067f4   0x00000030   Code   RO         9148    i.HAL_PCD_ResetCallback  usbd_conf.o
    0x08006824   0x08006824   0x0000000e   Code   RO         9149    i.HAL_PCD_ResumeCallback  usbd_conf.o
    0x08006832   0x08006832   0x0000000e   Code   RO         9150    i.HAL_PCD_SOFCallback  usbd_conf.o
    0x08006840   0x08006840   0x00000036   Code   RO          762    i.HAL_PCD_SetAddress  stm32f4xx_hal_pcd.o
    0x08006876   0x08006876   0x00000012   Code   RO         9151    i.HAL_PCD_SetupStageCallback  usbd_conf.o
    0x08006888   0x08006888   0x0000004a   Code   RO          764    i.HAL_PCD_Start     stm32f4xx_hal_pcd.o
    0x080068d2   0x080068d2   0x00000002   PAD
    0x080068d4   0x080068d4   0x00000034   Code   RO         9152    i.HAL_PCD_SuspendCallback  usbd_conf.o
    0x08006908   0x08006908   0x00000184   Code   RO         1314    i.HAL_RCC_ClockConfig  stm32f4xx_hal_rcc.o
    0x08006a8c   0x08006a8c   0x00000044   Code   RO         1318    i.HAL_RCC_GetClockConfig  stm32f4xx_hal_rcc.o
    0x08006ad0   0x08006ad0   0x0000000c   Code   RO         1319    i.HAL_RCC_GetHCLKFreq  stm32f4xx_hal_rcc.o
    0x08006adc   0x08006adc   0x00000020   Code   RO         1321    i.HAL_RCC_GetPCLK1Freq  stm32f4xx_hal_rcc.o
    0x08006afc   0x08006afc   0x00000020   Code   RO         1322    i.HAL_RCC_GetPCLK2Freq  stm32f4xx_hal_rcc.o
    0x08006b1c   0x08006b1c   0x000000b0   Code   RO         1323    i.HAL_RCC_GetSysClockFreq  stm32f4xx_hal_rcc.o
    0x08006bcc   0x08006bcc   0x0000049c   Code   RO         1326    i.HAL_RCC_OscConfig  stm32f4xx_hal_rcc.o
    0x08007068   0x08007068   0x000000c8   Code   RO         3508    i.HAL_SPI_Init      stm32f4xx_hal_spi.o
    0x08007130   0x08007130   0x000001cc   Code   RO          587    i.HAL_SPI_MspInit   stm32f4xx_hal_msp.o
    0x080072fc   0x080072fc   0x0000022a   Code   RO         3517    i.HAL_SPI_TransmitReceive  stm32f4xx_hal_spi.o
    0x08007526   0x08007526   0x00000002   Code   RO         4536    i.HAL_TIMEx_BreakCallback  stm32f4xx_hal_tim_ex.o
    0x08007528   0x08007528   0x00000002   Code   RO         4537    i.HAL_TIMEx_CommutCallback  stm32f4xx_hal_tim_ex.o
    0x0800752a   0x0800752a   0x00000074   Code   RO         4539    i.HAL_TIMEx_ConfigBreakDeadTime  stm32f4xx_hal_tim_ex.o
    0x0800759e   0x0800759e   0x00000002   PAD
    0x080075a0   0x080075a0   0x000000b4   Code   RO         4555    i.HAL_TIMEx_MasterConfigSynchronization  stm32f4xx_hal_tim_ex.o
    0x08007654   0x08007654   0x00000066   Code   RO         3821    i.HAL_TIM_Base_Init  stm32f4xx_hal_tim.o
    0x080076ba   0x080076ba   0x00000002   PAD
    0x080076bc   0x080076bc   0x00000034   Code   RO          589    i.HAL_TIM_Base_MspInit  stm32f4xx_hal_msp.o
    0x080076f0   0x080076f0   0x000000a8   Code   RO         3826    i.HAL_TIM_Base_Start_IT  stm32f4xx_hal_tim.o
    0x08007798   0x08007798   0x00000002   Code   RO         3855    i.HAL_TIM_IC_CaptureCallback  stm32f4xx_hal_tim.o
    0x0800779a   0x0800779a   0x00000196   Code   RO         3869    i.HAL_TIM_IRQHandler  stm32f4xx_hal_tim.o
    0x08007930   0x08007930   0x000001d4   Code   RO          590    i.HAL_TIM_MspPostInit  stm32f4xx_hal_msp.o
    0x08007b04   0x08007b04   0x00000002   Code   RO         3872    i.HAL_TIM_OC_DelayElapsedCallback  stm32f4xx_hal_tim.o
    0x08007b06   0x08007b06   0x00000104   Code   RO         3893    i.HAL_TIM_PWM_ConfigChannel  stm32f4xx_hal_tim.o
    0x08007c0a   0x08007c0a   0x00000066   Code   RO         3896    i.HAL_TIM_PWM_Init  stm32f4xx_hal_tim.o
    0x08007c70   0x08007c70   0x000000d4   Code   RO          592    i.HAL_TIM_PWM_MspInit  stm32f4xx_hal_msp.o
    0x08007d44   0x08007d44   0x00000002   Code   RO         3899    i.HAL_TIM_PWM_PulseFinishedCallback  stm32f4xx_hal_tim.o
    0x08007d46   0x08007d46   0x00000002   PAD
    0x08007d48   0x08007d48   0x0000010c   Code   RO         3901    i.HAL_TIM_PWM_Start  stm32f4xx_hal_tim.o
    0x08007e54   0x08007e54   0x00000018   Code   RO           14    i.HAL_TIM_PeriodElapsedCallback  main.o
    0x08007e6c   0x08007e6c   0x00000002   Code   RO         3912    i.HAL_TIM_TriggerCallback  stm32f4xx_hal_tim.o
    0x08007e6e   0x08007e6e   0x00000002   Code   RO         4814    i.HAL_UARTEx_RxEventCallback  stm32f4xx_hal_uart.o
    0x08007e70   0x08007e70   0x0000011a   Code   RO         4815    i.HAL_UART_Abort    stm32f4xx_hal_uart.o
    0x08007f8a   0x08007f8a   0x000000c4   Code   RO         4817    i.HAL_UART_AbortReceive  stm32f4xx_hal_uart.o
    0x0800804e   0x0800804e   0x0000003c   Code   RO         4827    i.HAL_UART_DeInit   stm32f4xx_hal_uart.o
    0x0800808a   0x0800808a   0x00000006   Code   RO         9753    i.HAL_UART_ErrorCallback  user_main.o
    0x08008090   0x08008090   0x000002e0   Code   RO         4831    i.HAL_UART_IRQHandler  stm32f4xx_hal_uart.o
    0x08008370   0x08008370   0x00000094   Code   RO         7932    i.HAL_UART_IdleCallback  communicate.o
    0x08008404   0x08008404   0x00000072   Code   RO         4832    i.HAL_UART_Init     stm32f4xx_hal_uart.o
    0x08008476   0x08008476   0x00000002   PAD
    0x08008478   0x08008478   0x000000c0   Code   RO          593    i.HAL_UART_MspDeInit  stm32f4xx_hal_msp.o
    0x08008538   0x08008538   0x0000034c   Code   RO          594    i.HAL_UART_MspInit  stm32f4xx_hal_msp.o
    0x08008884   0x08008884   0x00000042   Code   RO         4836    i.HAL_UART_Receive_DMA  stm32f4xx_hal_uart.o
    0x080088c6   0x080088c6   0x00000002   Code   RO         4838    i.HAL_UART_RxCpltCallback  stm32f4xx_hal_uart.o
    0x080088c8   0x080088c8   0x00000002   Code   RO         4839    i.HAL_UART_RxHalfCpltCallback  stm32f4xx_hal_uart.o
    0x080088ca   0x080088ca   0x00000002   Code   RO         4843    i.HAL_UART_TxCpltCallback  stm32f4xx_hal_uart.o
    0x080088cc   0x080088cc   0x00000004   Code   RO          424    i.HardFault_Handler  stm32f4xx_it.o
    0x080088d0   0x080088d0   0x00000006   Code   RO         8137    i.Hex_To_Float      dm_motor.o
    0x080088d6   0x080088d6   0x0000003e   Code   RO         3061    i.I2C_IsAcknowledgeFailed  stm32f4xx_hal_i2c.o
    0x08008914   0x08008914   0x00000160   Code   RO         3072    i.I2C_RequestMemoryRead  stm32f4xx_hal_i2c.o
    0x08008a74   0x08008a74   0x000000e0   Code   RO         3073    i.I2C_RequestMemoryWrite  stm32f4xx_hal_i2c.o
    0x08008b54   0x08008b54   0x0000005c   Code   RO         3081    i.I2C_WaitOnBTFFlagUntilTimeout  stm32f4xx_hal_i2c.o
    0x08008bb0   0x08008bb0   0x00000086   Code   RO         3082    i.I2C_WaitOnFlagUntilTimeout  stm32f4xx_hal_i2c.o
    0x08008c36   0x08008c36   0x000000c4   Code   RO         3083    i.I2C_WaitOnMasterAddressFlagUntilTimeout  stm32f4xx_hal_i2c.o
    0x08008cfa   0x08008cfa   0x00000080   Code   RO         3084    i.I2C_WaitOnRXNEFlagUntilTimeout  stm32f4xx_hal_i2c.o
    0x08008d7a   0x08008d7a   0x0000005c   Code   RO         3087    i.I2C_WaitOnTXEFlagUntilTimeout  stm32f4xx_hal_i2c.o
    0x08008dd6   0x08008dd6   0x00000002   PAD
    0x08008dd8   0x08008dd8   0x0000039c   Code   RO         7258    i.IMU_Calibrate     imu.o
    0x08009174   0x08009174   0x000002a4   Code   RO         7259    i.IMU_DataAcquisition_Task  imu.o
    0x08009418   0x08009418   0x00000100   Code   RO         7260    i.IMU_DataFrame_Handler  imu.o
    0x08009518   0x08009518   0x00000078   Code   RO         7261    i.IMU_FirstRun      imu.o
    0x08009590   0x08009590   0x000000c4   Code   RO         7262    i.IMU_Init          imu.o
    0x08009654   0x08009654   0x00000038   Code   RO         7263    i.IMU_RestoreOffset  imu.o
    0x0800968c   0x0800968c   0x0000007c   Code   RO         7264    i.IMU_StoreOffset   imu.o
    0x08009708   0x08009708   0x0000003e   Code   RO         8994    i.IntToUnicode      usbd_desc.o
    0x08009746   0x08009746   0x00000002   Code   RO         7480    i.KEY_Triggered     exti.o
    0x08009748   0x08009748   0x00000020   Code   RO         7056    i.LED_Init          led.o
    0x08009768   0x08009768   0x00000020   Code   RO         7058    i.LED_SetRGB        led.o
    0x08009788   0x08009788   0x00000014   Code   RO         7744    i.Laser_5V_Enable   laser_5v.o
    0x0800979c   0x0800979c   0x00000070   Code   RO           15    i.MX_ADC1_Init      main.o
    0x0800980c   0x0800980c   0x00000070   Code   RO           16    i.MX_ADC3_Init      main.o
    0x0800987c   0x0800987c   0x00000044   Code   RO           17    i.MX_CAN1_Init      main.o
    0x080098c0   0x080098c0   0x00000044   Code   RO           18    i.MX_CAN2_Init      main.o
    0x08009904   0x08009904   0x000000b8   Code   RO           19    i.MX_DMA_Init       main.o
    0x080099bc   0x080099bc   0x0000028c   Code   RO           20    i.MX_GPIO_Init      main.o
    0x08009c48   0x08009c48   0x0000003c   Code   RO           21    i.MX_I2C1_Init      main.o
    0x08009c84   0x08009c84   0x0000003c   Code   RO           22    i.MX_I2C2_Init      main.o
    0x08009cc0   0x08009cc0   0x0000003c   Code   RO           23    i.MX_I2C3_Init      main.o
    0x08009cfc   0x08009cfc   0x00000048   Code   RO           24    i.MX_SPI1_Init      main.o
    0x08009d44   0x08009d44   0x00000044   Code   RO           25    i.MX_SPI2_Init      main.o
    0x08009d88   0x08009d88   0x0000006c   Code   RO           26    i.MX_TIM10_Init     main.o
    0x08009df4   0x08009df4   0x000000e0   Code   RO           27    i.MX_TIM1_Init      main.o
    0x08009ed4   0x08009ed4   0x0000007c   Code   RO           28    i.MX_TIM4_Init      main.o
    0x08009f50   0x08009f50   0x000000a0   Code   RO           29    i.MX_TIM5_Init      main.o
    0x08009ff0   0x08009ff0   0x000000c0   Code   RO           30    i.MX_TIM8_Init      main.o
    0x0800a0b0   0x0800a0b0   0x00000040   Code   RO           31    i.MX_USART1_UART_Init  main.o
    0x0800a0f0   0x0800a0f0   0x00000040   Code   RO           32    i.MX_USART3_UART_Init  main.o
    0x0800a130   0x0800a130   0x00000038   Code   RO           33    i.MX_USART6_UART_Init  main.o
    0x0800a168   0x0800a168   0x0000004c   Code   RO         8962    i.MX_USB_DEVICE_Init  usb_device.o
    0x0800a1b4   0x0800a1b4   0x000005ac   Code   RO         8415    i.MahonyAHRSupdate  mahonyahrs.o
    0x0800a760   0x0800a760   0x000002fc   Code   RO         8416    i.MahonyAHRSupdateIMU  mahonyahrs.o
    0x0800aa5c   0x0800aa5c   0x00000004   Code   RO          425    i.MemManage_Handler  stm32f4xx_it.o
    0x0800aa60   0x0800aa60   0x00000004   Code   RO          426    i.NMI_Handler       stm32f4xx_it.o
    0x0800aa64   0x0800aa64   0x00000010   Code   RO          427    i.OTG_FS_IRQHandler  stm32f4xx_it.o
    0x0800aa74   0x0800aa74   0x00000064   Code   RO          768    i.PCD_EP_OutSetupPacket_int  stm32f4xx_hal_pcd.o
    0x0800aad8   0x0800aad8   0x0000017c   Code   RO          769    i.PCD_EP_OutXfrComplete_int  stm32f4xx_hal_pcd.o
    0x0800ac54   0x0800ac54   0x000000b6   Code   RO          770    i.PCD_WriteEmptyTxFifo  stm32f4xx_hal_pcd.o
    0x0800ad0a   0x0800ad0a   0x00000002   PAD
    0x0800ad0c   0x0800ad0c   0x00000130   Code   RO         7519    i.PID_calc          pid.o
    0x0800ae3c   0x0800ae3c   0x00000038   Code   RO        10062    i.PID_init          chassis.o
    0x0800ae74   0x0800ae74   0x00000084   Code   RO         7546    i.PWM_Init          pwm.o
    0x0800aef8   0x0800aef8   0x0000000e   Code   RO         7550    i.PWM_Start         pwm.o
    0x0800af06   0x0800af06   0x00000002   PAD
    0x0800af08   0x0800af08   0x000000ec   Code   RO         7128    i.RCDataUnpacker    controller.o
    0x0800aff4   0x0800aff4   0x0000273c   Code   RO         7265    i.SPI1_DMA_enable   imu.o
    0x0800d730   0x0800d730   0x00000180   Code   RO         7266    i.SPI1_DMA_init     imu.o
    0x0800d8b0   0x0800d8b0   0x0000006c   Code   RO         3546    i.SPI_EndRxTxTransaction  stm32f4xx_hal_spi.o
    0x0800d91c   0x0800d91c   0x000000d8   Code   RO         3551    i.SPI_WaitFlagStateUntilTimeout  stm32f4xx_hal_spi.o
    0x0800d9f4   0x0800d9f4   0x00000012   Code   RO         9485    i.SWAPBYTE          usbd_ctlreq.o
    0x0800da06   0x0800da06   0x00000002   PAD
    0x0800da08   0x0800da08   0x000000bc   Code   RO         7622    i.SendCapData       motor.o
    0x0800dac4   0x0800dac4   0x00000068   Code   RO           34    i.StartDefaultTask  main.o
    0x0800db2c   0x0800db2c   0x00000016   Code   RO         6351    i.SysTick_Handler   cmsis_os2.o
    0x0800db42   0x0800db42   0x00000002   PAD
    0x0800db44   0x0800db44   0x000000b4   Code   RO           35    i.SystemClock_Config  main.o
    0x0800dbf8   0x0800dbf8   0x00000014   Code   RO         5171    i.SystemInit        system_stm32f4xx.o
    0x0800dc0c   0x0800dc0c   0x00000018   Code   RO          428    i.TIM8_TRG_COM_TIM14_IRQHandler  stm32f4xx_it.o
    0x0800dc24   0x0800dc24   0x000000d8   Code   RO         3914    i.TIM_Base_SetConfig  stm32f4xx_hal_tim.o
    0x0800dcfc   0x0800dcfc   0x00000022   Code   RO         3915    i.TIM_CCxChannelCmd  stm32f4xx_hal_tim.o
    0x0800dd1e   0x0800dd1e   0x00000002   PAD
    0x0800dd20   0x0800dd20   0x00000070   Code   RO         3927    i.TIM_OC1_SetConfig  stm32f4xx_hal_tim.o
    0x0800dd90   0x0800dd90   0x0000007c   Code   RO         3928    i.TIM_OC2_SetConfig  stm32f4xx_hal_tim.o
    0x0800de0c   0x0800de0c   0x00000078   Code   RO         3929    i.TIM_OC3_SetConfig  stm32f4xx_hal_tim.o
    0x0800de84   0x0800de84   0x00000054   Code   RO         3930    i.TIM_OC4_SetConfig  stm32f4xx_hal_tim.o
    0x0800ded8   0x0800ded8   0x00000014   Code   RO         4845    i.UART_DMAAbortOnError  stm32f4xx_hal_uart.o
    0x0800deec   0x0800deec   0x00000050   Code   RO         4846    i.UART_DMAError     stm32f4xx_hal_uart.o
    0x0800df3c   0x0800df3c   0x000000b0   Code   RO         4847    i.UART_DMAReceiveCplt  stm32f4xx_hal_uart.o
    0x0800dfec   0x0800dfec   0x00000020   Code   RO         4849    i.UART_DMARxHalfCplt  stm32f4xx_hal_uart.o
    0x0800e00c   0x0800e00c   0x0000006c   Code   RO         4855    i.UART_EndRxTransfer  stm32f4xx_hal_uart.o
    0x0800e078   0x0800e078   0x00000020   Code   RO         4856    i.UART_EndTransmit_IT  stm32f4xx_hal_uart.o
    0x0800e098   0x0800e098   0x00000026   Code   RO         4857    i.UART_EndTxTransfer  stm32f4xx_hal_uart.o
    0x0800e0be   0x0800e0be   0x000000f8   Code   RO         4858    i.UART_Receive_IT   stm32f4xx_hal_uart.o
    0x0800e1b6   0x0800e1b6   0x00000002   PAD
    0x0800e1b8   0x0800e1b8   0x0000022c   Code   RO         4859    i.UART_SetConfig    stm32f4xx_hal_uart.o
    0x0800e3e4   0x0800e3e4   0x000000cc   Code   RO         4860    i.UART_Start_Receive_DMA  stm32f4xx_hal_uart.o
    0x0800e4b0   0x0800e4b0   0x00000034   Code   RO         7933    i.UART_Start_Receive_UnfixedLength_IT  communicate.o
    0x0800e4e4   0x0800e4e4   0x00000060   Code   RO         4862    i.UART_Transmit_IT  stm32f4xx_hal_uart.o
    0x0800e544   0x0800e544   0x00000048   Code   RO          429    i.USART1_IRQHandler  stm32f4xx_it.o
    0x0800e58c   0x0800e58c   0x000000ec   Code   RO          430    i.USART3_IRQHandler  stm32f4xx_it.o
    0x0800e678   0x0800e678   0x0000004c   Code   RO          431    i.USART6_IRQHandler  stm32f4xx_it.o
    0x0800e6c4   0x0800e6c4   0x00000094   Code   RO         9648    i.USBD_CDC_DataIn   usbd_cdc.o
    0x0800e758   0x0800e758   0x00000034   Code   RO         9649    i.USBD_CDC_DataOut  usbd_cdc.o
    0x0800e78c   0x0800e78c   0x00000052   Code   RO         9650    i.USBD_CDC_DeInit   usbd_cdc.o
    0x0800e7de   0x0800e7de   0x00000038   Code   RO         9651    i.USBD_CDC_EP0_RxReady  usbd_cdc.o
    0x0800e816   0x0800e816   0x00000002   PAD
    0x0800e818   0x0800e818   0x00000010   Code   RO         9652    i.USBD_CDC_GetDeviceQualifierDescriptor  usbd_cdc.o
    0x0800e828   0x0800e828   0x00000010   Code   RO         9653    i.USBD_CDC_GetFSCfgDesc  usbd_cdc.o
    0x0800e838   0x0800e838   0x00000010   Code   RO         9654    i.USBD_CDC_GetHSCfgDesc  usbd_cdc.o
    0x0800e848   0x0800e848   0x00000010   Code   RO         9655    i.USBD_CDC_GetOtherSpeedCfgDesc  usbd_cdc.o
    0x0800e858   0x0800e858   0x000000c0   Code   RO         9656    i.USBD_CDC_Init     usbd_cdc.o
    0x0800e918   0x0800e918   0x0000003a   Code   RO         9657    i.USBD_CDC_ReceivePacket  usbd_cdc.o
    0x0800e952   0x0800e952   0x00000010   Code   RO         9658    i.USBD_CDC_RegisterInterface  usbd_cdc.o
    0x0800e962   0x0800e962   0x00000016   Code   RO         9659    i.USBD_CDC_SetRxBuffer  usbd_cdc.o
    0x0800e978   0x0800e978   0x0000001c   Code   RO         9660    i.USBD_CDC_SetTxBuffer  usbd_cdc.o
    0x0800e994   0x0800e994   0x0000011c   Code   RO         9661    i.USBD_CDC_Setup    usbd_cdc.o
    0x0800eab0   0x0800eab0   0x0000003c   Code   RO         9662    i.USBD_CDC_TransmitPacket  usbd_cdc.o
    0x0800eaec   0x0800eaec   0x0000001c   Code   RO         9347    i.USBD_ClrClassConfig  usbd_core.o
    0x0800eb08   0x0800eb08   0x0000003e   Code   RO         9486    i.USBD_ClrFeature   usbd_ctlreq.o
    0x0800eb46   0x0800eb46   0x00000018   Code   RO         9588    i.USBD_CtlContinueRx  usbd_ioreq.o
    0x0800eb5e   0x0800eb5e   0x00000018   Code   RO         9589    i.USBD_CtlContinueSendData  usbd_ioreq.o
    0x0800eb76   0x0800eb76   0x00000018   Code   RO         9487    i.USBD_CtlError     usbd_ctlreq.o
    0x0800eb8e   0x0800eb8e   0x00000028   Code   RO         9590    i.USBD_CtlPrepareRx  usbd_ioreq.o
    0x0800ebb6   0x0800ebb6   0x0000001a   Code   RO         9591    i.USBD_CtlReceiveStatus  usbd_ioreq.o
    0x0800ebd0   0x0800ebd0   0x00000022   Code   RO         9592    i.USBD_CtlSendData  usbd_ioreq.o
    0x0800ebf2   0x0800ebf2   0x0000001a   Code   RO         9593    i.USBD_CtlSendStatus  usbd_ioreq.o
    0x0800ec0c   0x0800ec0c   0x00000034   Code   RO         8995    i.USBD_FS_ConfigStrDescriptor  usbd_desc.o
    0x0800ec40   0x0800ec40   0x00000010   Code   RO         8996    i.USBD_FS_DeviceDescriptor  usbd_desc.o
    0x0800ec50   0x0800ec50   0x00000038   Code   RO         8997    i.USBD_FS_InterfaceStrDescriptor  usbd_desc.o
    0x0800ec88   0x0800ec88   0x00000010   Code   RO         8998    i.USBD_FS_LangIDStrDescriptor  usbd_desc.o
    0x0800ec98   0x0800ec98   0x0000002c   Code   RO         8999    i.USBD_FS_ManufacturerStrDescriptor  usbd_desc.o
    0x0800ecc4   0x0800ecc4   0x00000040   Code   RO         9000    i.USBD_FS_ProductStrDescriptor  usbd_desc.o
    0x0800ed04   0x0800ed04   0x00000018   Code   RO         9001    i.USBD_FS_SerialStrDescriptor  usbd_desc.o
    0x0800ed1c   0x0800ed1c   0x00000056   Code   RO         9488    i.USBD_GetConfig    usbd_ctlreq.o
    0x0800ed72   0x0800ed72   0x000001fc   Code   RO         9489    i.USBD_GetDescriptor  usbd_ctlreq.o
    0x0800ef6e   0x0800ef6e   0x00000016   Code   RO         9490    i.USBD_GetLen       usbd_ctlreq.o
    0x0800ef84   0x0800ef84   0x0000005a   Code   RO         9491    i.USBD_GetStatus    usbd_ctlreq.o
    0x0800efde   0x0800efde   0x00000054   Code   RO         9492    i.USBD_GetString    usbd_ctlreq.o
    0x0800f032   0x0800f032   0x0000002c   Code   RO         9153    i.USBD_Get_USB_Status  usbd_conf.o
    0x0800f05e   0x0800f05e   0x0000003a   Code   RO         9349    i.USBD_Init         usbd_core.o
    0x0800f098   0x0800f098   0x00000026   Code   RO         9154    i.USBD_LL_ClearStallEP  usbd_conf.o
    0x0800f0be   0x0800f0be   0x00000026   Code   RO         9155    i.USBD_LL_CloseEP   usbd_conf.o
    0x0800f0e4   0x0800f0e4   0x000000e2   Code   RO         9350    i.USBD_LL_DataInStage  usbd_core.o
    0x0800f1c6   0x0800f1c6   0x0000008e   Code   RO         9351    i.USBD_LL_DataOutStage  usbd_core.o
    0x0800f254   0x0800f254   0x00000006   Code   RO         9352    i.USBD_LL_DevConnected  usbd_core.o
    0x0800f25a   0x0800f25a   0x00000020   Code   RO         9353    i.USBD_LL_DevDisconnected  usbd_core.o
    0x0800f27a   0x0800f27a   0x00000012   Code   RO         9159    i.USBD_LL_GetRxDataSize  usbd_conf.o
    0x0800f28c   0x0800f28c   0x00000068   Code   RO         9160    i.USBD_LL_Init      usbd_conf.o
    0x0800f2f4   0x0800f2f4   0x00000038   Code   RO         9161    i.USBD_LL_IsStallEP  usbd_conf.o
    0x0800f32c   0x0800f32c   0x00000030   Code   RO         9354    i.USBD_LL_IsoINIncomplete  usbd_core.o
    0x0800f35c   0x0800f35c   0x00000030   Code   RO         9355    i.USBD_LL_IsoOUTIncomplete  usbd_core.o
    0x0800f38c   0x0800f38c   0x00000030   Code   RO         9162    i.USBD_LL_OpenEP    usbd_conf.o
    0x0800f3bc   0x0800f3bc   0x00000030   Code   RO         9163    i.USBD_LL_PrepareReceive  usbd_conf.o
    0x0800f3ec   0x0800f3ec   0x0000006c   Code   RO         9356    i.USBD_LL_Reset     usbd_core.o
    0x0800f458   0x0800f458   0x00000016   Code   RO         9357    i.USBD_LL_Resume    usbd_core.o
    0x0800f46e   0x0800f46e   0x0000002c   Code   RO         9358    i.USBD_LL_SOF       usbd_core.o
    0x0800f49a   0x0800f49a   0x00000008   Code   RO         9359    i.USBD_LL_SetSpeed  usbd_core.o
    0x0800f4a2   0x0800f4a2   0x00000026   Code   RO         9164    i.USBD_LL_SetUSBAddress  usbd_conf.o
    0x0800f4c8   0x0800f4c8   0x00000076   Code   RO         9360    i.USBD_LL_SetupStage  usbd_core.o
    0x0800f53e   0x0800f53e   0x00000026   Code   RO         9165    i.USBD_LL_StallEP   usbd_conf.o
    0x0800f564   0x0800f564   0x0000001e   Code   RO         9166    i.USBD_LL_Start     usbd_conf.o
    0x0800f582   0x0800f582   0x00000014   Code   RO         9361    i.USBD_LL_Suspend   usbd_core.o
    0x0800f596   0x0800f596   0x00000030   Code   RO         9168    i.USBD_LL_Transmit  usbd_conf.o
    0x0800f5c6   0x0800f5c6   0x00000036   Code   RO         9493    i.USBD_ParseSetupRequest  usbd_ctlreq.o
    0x0800f5fc   0x0800f5fc   0x0000002e   Code   RO         9362    i.USBD_RegisterClass  usbd_core.o
    0x0800f62a   0x0800f62a   0x00000006   Code   RO         9363    i.USBD_RunTestMode  usbd_core.o
    0x0800f630   0x0800f630   0x0000005a   Code   RO         9494    i.USBD_SetAddress   usbd_ctlreq.o
    0x0800f68a   0x0800f68a   0x00000020   Code   RO         9364    i.USBD_SetClassConfig  usbd_core.o
    0x0800f6aa   0x0800f6aa   0x00000002   PAD
    0x0800f6ac   0x0800f6ac   0x000000fc   Code   RO         9495    i.USBD_SetConfig    usbd_ctlreq.o
    0x0800f7a8   0x0800f7a8   0x00000018   Code   RO         9496    i.USBD_SetFeature   usbd_ctlreq.o
    0x0800f7c0   0x0800f7c0   0x0000000c   Code   RO         9365    i.USBD_Start        usbd_core.o
    0x0800f7cc   0x0800f7cc   0x000000a6   Code   RO         9497    i.USBD_StdDevReq    usbd_ctlreq.o
    0x0800f872   0x0800f872   0x0000022c   Code   RO         9498    i.USBD_StdEPReq     usbd_ctlreq.o
    0x0800fa9e   0x0800fa9e   0x0000007e   Code   RO         9499    i.USBD_StdItfReq    usbd_ctlreq.o
    0x0800fb1c   0x0800fb1c   0x00000002   Code   RO         9169    i.USBD_static_free  usbd_conf.o
    0x0800fb1e   0x0800fb1e   0x00000002   PAD
    0x0800fb20   0x0800fb20   0x0000000c   Code   RO         9170    i.USBD_static_malloc  usbd_conf.o
    0x0800fb2c   0x0800fb2c   0x000000d0   Code   RO         1009    i.USB_ActivateEndpoint  stm32f4xx_ll_usb.o
    0x0800fbfc   0x0800fbfc   0x00000028   Code   RO         1011    i.USB_ActivateSetup  stm32f4xx_ll_usb.o
    0x0800fc24   0x0800fc24   0x00000084   Code   RO         1013    i.USB_CoreInit      stm32f4xx_ll_usb.o
    0x0800fca8   0x0800fca8   0x00000054   Code   RO         1014    i.USB_CoreReset     stm32f4xx_ll_usb.o
    0x0800fcfc   0x0800fcfc   0x0000014c   Code   RO         1017    i.USB_DeactivateEndpoint  stm32f4xx_ll_usb.o
    0x0800fe48   0x0800fe48   0x00000024   Code   RO         1018    i.USB_DevConnect    stm32f4xx_ll_usb.o
    0x0800fe6c   0x0800fe6c   0x00000024   Code   RO         1019    i.USB_DevDisconnect  stm32f4xx_ll_usb.o
    0x0800fe90   0x0800fe90   0x000001e0   Code   RO         1020    i.USB_DevInit       stm32f4xx_ll_usb.o
    0x08010070   0x08010070   0x0000000e   Code   RO         1021    i.USB_DisableGlobalInt  stm32f4xx_ll_usb.o
    0x0801007e   0x0801007e   0x00000002   PAD
    0x08010080   0x08010080   0x000001d8   Code   RO         1024    i.USB_EP0StartXfer  stm32f4xx_ll_usb.o
    0x08010258   0x08010258   0x00000070   Code   RO         1025    i.USB_EP0_OutStart  stm32f4xx_ll_usb.o
    0x080102c8   0x080102c8   0x0000008e   Code   RO         1026    i.USB_EPClearStall  stm32f4xx_ll_usb.o
    0x08010356   0x08010356   0x0000009a   Code   RO         1027    i.USB_EPSetStall    stm32f4xx_ll_usb.o
    0x080103f0   0x080103f0   0x00000344   Code   RO         1028    i.USB_EPStartXfer   stm32f4xx_ll_usb.o
    0x08010734   0x08010734   0x0000000e   Code   RO         1029    i.USB_EnableGlobalInt  stm32f4xx_ll_usb.o
    0x08010742   0x08010742   0x00000002   PAD
    0x08010744   0x08010744   0x00000030   Code   RO         1030    i.USB_FlushRxFifo   stm32f4xx_ll_usb.o
    0x08010774   0x08010774   0x00000034   Code   RO         1031    i.USB_FlushTxFifo   stm32f4xx_ll_usb.o
    0x080107a8   0x080107a8   0x00000026   Code   RO         1033    i.USB_GetDevSpeed   stm32f4xx_ll_usb.o
    0x080107ce   0x080107ce   0x0000000a   Code   RO         1035    i.USB_GetMode       stm32f4xx_ll_usb.o
    0x080107d8   0x080107d8   0x0000001c   Code   RO         7681    i.USB_Init          usb.o
    0x080107f4   0x080107f4   0x00000014   Code   RO         1042    i.USB_ReadDevAllInEpInterrupt  stm32f4xx_ll_usb.o
    0x08010808   0x08010808   0x00000014   Code   RO         1043    i.USB_ReadDevAllOutEpInterrupt  stm32f4xx_ll_usb.o
    0x0801081c   0x0801081c   0x00000032   Code   RO         1044    i.USB_ReadDevInEPInterrupt  stm32f4xx_ll_usb.o
    0x0801084e   0x0801084e   0x0000001a   Code   RO         1045    i.USB_ReadDevOutEPInterrupt  stm32f4xx_ll_usb.o
    0x08010868   0x08010868   0x0000000a   Code   RO         1046    i.USB_ReadInterrupts  stm32f4xx_ll_usb.o
    0x08010872   0x08010872   0x00000060   Code   RO         1047    i.USB_ReadPacket    stm32f4xx_ll_usb.o
    0x080108d2   0x080108d2   0x00000068   Code   RO         1049    i.USB_SetCurrentMode  stm32f4xx_ll_usb.o
    0x0801093a   0x0801093a   0x0000002a   Code   RO         1050    i.USB_SetDevAddress  stm32f4xx_ll_usb.o
    0x08010964   0x08010964   0x00000012   Code   RO         1051    i.USB_SetDevSpeed   stm32f4xx_ll_usb.o
    0x08010976   0x08010976   0x00000002   PAD
    0x08010978   0x08010978   0x000000e8   Code   RO         1052    i.USB_SetTurnaroundTime  stm32f4xx_ll_usb.o
    0x08010a60   0x08010a60   0x00000048   Code   RO         7682    i.USB_Task          usb.o
    0x08010aa8   0x08010aa8   0x00000044   Code   RO         1055    i.USB_WritePacket   stm32f4xx_ll_usb.o
    0x08010aec   0x08010aec   0x00000004   Code   RO          432    i.UsageFault_Handler  stm32f4xx_it.o
    0x08010af0   0x08010af0   0x00000068   Code   RO         9754    i.User_Init         user_main.o
    0x08010b58   0x08010b58   0x000000b0   Code   RO         8375    i.ZeroCheck         zero_check.o
    0x08010c08   0x08010c08   0x00000090   Code   RO         8376    i.ZeroCheck_Init    zero_check.o
    0x08010c98   0x08010c98   0x00000090   Code   RO         8377    i.ZeroCheck_cal     zero_check.o
    0x08010d28   0x08010d28   0x00000030   Code   RO        10628    i.__ARM_fpclassify  m_wm.l(fpclassify.o)
    0x08010d58   0x08010d58   0x00000026   Code   RO        10550    i.__ARM_fpclassifyf  m_wm.l(fpclassifyf.o)
    0x08010d7e   0x08010d7e   0x00000002   PAD
    0x08010d80   0x08010d80   0x00000010   Code   RO         2115    i.__NVIC_GetPriorityGrouping  stm32f4xx_hal_cortex.o
    0x08010d90   0x08010d90   0x00000028   Code   RO         2116    i.__NVIC_SetPriority  stm32f4xx_hal_cortex.o
    0x08010db8   0x08010db8   0x00000038   Code   RO         7129    i.__SignalSource_Controller_ReInit  controller.o
    0x08010df0   0x08010df0   0x00000010   Code   RO         7130    i.__SignalSource_DeInit  controller.o
    0x08010e00   0x08010e00   0x00000030   Code   RO         7131    i.__SignalSource_VideoTransmitter_Reinit  controller.o
    0x08010e30   0x08010e30   0x00000006   Code   RO         6353    i.__get_IPSR        cmsis_os2.o
    0x08010e36   0x08010e36   0x00000002   PAD
    0x08010e38   0x08010e38   0x0000012c   Code   RO        10294    i.__hardfp_asinf    m_wm.l(asinf.o)
    0x08010f64   0x08010f64   0x000002ac   Code   RO        10306    i.__hardfp_atan2f   m_wm.l(atan2f.o)
    0x08011210   0x08011210   0x000000c8   Code   RO        10318    i.__hardfp_cos      m_wm.l(cos.o)
    0x080112d8   0x080112d8   0x00000150   Code   RO        10330    i.__hardfp_cosf     m_wm.l(cosf.o)
    0x08011428   0x08011428   0x00000014   Code   RO        10342    i.__hardfp_fabs     m_wm.l(fabs.o)
    0x0801143c   0x0801143c   0x000000b0   Code   RO        10348    i.__hardfp_fmodf    m_wm.l(fmodf.o)
    0x080114ec   0x080114ec   0x00000004   PAD
    0x080114f0   0x080114f0   0x000000c8   Code   RO        10360    i.__hardfp_sin      m_wm.l(sin.o)
    0x080115b8   0x080115b8   0x00000190   Code   RO        10372    i.__hardfp_sinf     m_wm.l(sinf.o)
    0x08011748   0x08011748   0x0000007a   Code   RO        10384    i.__hardfp_sqrt     m_wm.l(sqrt.o)
    0x080117c2   0x080117c2   0x0000003a   Code   RO        10396    i.__hardfp_sqrtf    m_wm.l(sqrtf.o)
    0x080117fc   0x080117fc   0x00000004   PAD
    0x08011800   0x08011800   0x00000438   Code   RO        10566    i.__ieee754_rem_pio2  m_wm.l(rred.o)
    0x08011c38   0x08011c38   0x00000170   Code   RO        10533    i.__kernel_cos      m_wm.l(cos_i.o)
    0x08011da8   0x08011da8   0x000000f8   Code   RO        10630    i.__kernel_poly     m_wm.l(poly.o)
    0x08011ea0   0x08011ea0   0x00000130   Code   RO        10574    i.__kernel_sin      m_wm.l(sin_i.o)
    0x08011fd0   0x08011fd0   0x00000014   Code   RO        10537    i.__mathlib_dbl_infnan  m_wm.l(dunder.o)
    0x08011fe4   0x08011fe4   0x00000004   PAD
    0x08011fe8   0x08011fe8   0x00000020   Code   RO        10539    i.__mathlib_dbl_invalid  m_wm.l(dunder.o)
    0x08012008   0x08012008   0x00000020   Code   RO        10542    i.__mathlib_dbl_underflow  m_wm.l(dunder.o)
    0x08012028   0x08012028   0x00000006   Code   RO        10553    i.__mathlib_flt_infnan  m_wm.l(funder.o)
    0x0801202e   0x0801202e   0x00000006   Code   RO        10554    i.__mathlib_flt_infnan2  m_wm.l(funder.o)
    0x08012034   0x08012034   0x00000010   Code   RO        10555    i.__mathlib_flt_invalid  m_wm.l(funder.o)
    0x08012044   0x08012044   0x00000010   Code   RO        10558    i.__mathlib_flt_underflow  m_wm.l(funder.o)
    0x08012054   0x08012054   0x00000154   Code   RO        10571    i.__mathlib_rredf2  m_wm.l(rredf.o)
    0x080121a8   0x080121a8   0x0000000e   Code   RO        10473    i._is_digit         c_w.l(__printf_wp.o)
    0x080121b6   0x080121b6   0x00000030   Code   RO         8109    i.absLimit          fsfc.o
    0x080121e6   0x080121e6   0x00000030   Code   RO         7521    i.abs_limit         pid.o
    0x08012216   0x08012216   0x00000002   PAD
    0x08012218   0x08012218   0x0000003c   Code   RO         7774    i.adcx_get_chx_value  status_monitor.o
    0x08012254   0x08012254   0x00000028   Code   RO         9862    i.advanced_aimbot   comm.o
    0x0801227c   0x0801227c   0x00000044   Code   RO         9863    i.aimbot_handler    comm.o
    0x080122c0   0x080122c0   0x00000030   Code   RO         7132    i.avoid_deadzone_float  controller.o
    0x080122f0   0x080122f0   0x00000134   Code   RO         8488    i.bmi088_accel_init  bmi088driver.o
    0x08012424   0x08012424   0x000002fc   Code   RO         8489    i.bmi088_accel_self_test  bmi088driver.o
    0x08012720   0x08012720   0x000000f4   Code   RO         8490    i.bmi088_gyro_init  bmi088driver.o
    0x08012814   0x08012814   0x000000d0   Code   RO         8491    i.bmi088_gyro_self_test  bmi088driver.o
    0x080128e4   0x080128e4   0x00000078   Code   RO        10185    i.board_transmit_init  board_transmit.o
    0x0801295c   0x0801295c   0x00000048   Code   RO        10186    i.board_transmit_task  board_transmit.o
    0x080129a4   0x080129a4   0x000000e8   Code   RO         7775    i.calc_battery_percentage  status_monitor.o
    0x08012a8c   0x08012a8c   0x00000124   Code   RO        10063    i.calculateShortestDistance  chassis.o
    0x08012bb0   0x08012bb0   0x00000040   Code   RO         8302    i.can_send_message  can_send.o
    0x08012bf0   0x08012bf0   0x0000022c   Code   RO        10065    i.chassis_excute    chassis.o
    0x08012e1c   0x08012e1c   0x000003cc   Code   RO        10067    i.chassis_info_update  chassis.o
    0x080131e8   0x080131e8   0x000002a0   Code   RO        10068    i.chassis_init      chassis.o
    0x08013488   0x08013488   0x0000003c   Code   RO        10069    i.chassis_off       chassis.o
    0x080134c4   0x080134c4   0x00000408   Code   RO        10070    i.chassis_set_command  chassis.o
    0x080138cc   0x080138cc   0x0000006c   Code   RO         9800    i.chassis_target_send  main_control.o
    0x08013938   0x08013938   0x0000004c   Code   RO        10071    i.chassis_task      chassis.o
    0x08013984   0x08013984   0x000000cc   Code   RO         7934    i.comm_init         communicate.o
    0x08013a50   0x08013a50   0x00000074   Code   RO         7935    i.comm_rx_init      communicate.o
    0x08013ac4   0x08013ac4   0x00000044   Code   RO         9801    i.control_mode_switch  main_control.o
    0x08013b08   0x08013b08   0x00000024   Code   RO        10187    i.controller_channel_trans_handler  board_transmit.o
    0x08013b2c   0x08013b2c   0x00000020   Code   RO        10188    i.controller_mouse_key_trans_handler  board_transmit.o
    0x08013b4c   0x08013b4c   0x00000024   Code   RO        10189    i.controller_others_trans_handler  board_transmit.o
    0x08013b70   0x08013b70   0x00000024   Code   RO         8623    i.delay             bmi088middleware.o
    0x08013b94   0x08013b94   0x00000024   Code   RO         8785    i.delay             ist8310driver_middleware.o
    0x08013bb8   0x08013bb8   0x00000024   Code   RO         9802    i.delay             main_control.o
    0x08013bdc   0x08013bdc   0x00000024   Code   RO         9864    i.delay             comm.o
    0x08013c00   0x08013c00   0x00000024   Code   RO        10072    i.delay             chassis.o
    0x08013c24   0x08013c24   0x00000024   Code   RO        10190    i.delay             board_transmit.o
    0x08013c48   0x08013c48   0x000000b8   Code   RO         8303    i.dequeue_can_message  can_send.o
    0x08013d00   0x08013d00   0x000000a8   Code   RO         8304    i.enqueue_can_message  can_send.o
    0x08013da8   0x08013da8   0x00000018   Code   RO        10344    i.fabs              m_wm.l(fabs.o)
    0x08013dc0   0x08013dc0   0x00000024   Code   RO         9865    i.game_state_handler  comm.o
    0x08013de4   0x08013de4   0x00000034   Code   RO         8011    i.generate_crc16_checksum  crc.o
    0x08013e18   0x08013e18   0x00000024   Code   RO         8012    i.generate_crc8_checksum  crc.o
    0x08013e3c   0x08013e3c   0x000000dc   Code   RO         7267    i.get_angle         imu.o
    0x08013f18   0x08013f18   0x00000068   Code   RO         7776    i.get_battery_voltage  status_monitor.o
    0x08013f80   0x08013f80   0x00000064   Code   RO         7778    i.get_temprate      status_monitor.o
    0x08013fe4   0x08013fe4   0x00000168   Code   RO         7268    i.imu_cmd_spi_dma   imu.o
    0x0801414c   0x0801414c   0x0000003c   Code   RO         8417    i.invSqrt           mahonyahrs.o
    0x08014188   0x08014188   0x00000016   Code   RO         8305    i.is_queue_empty    can_send.o
    0x0801419e   0x0801419e   0x00000024   Code   RO         8306    i.is_queue_full     can_send.o
    0x080141c2   0x080141c2   0x00000002   Code   RO         8786    i.ist8310_GPIO_init  ist8310driver_middleware.o
    0x080141c4   0x080141c4   0x00000028   Code   RO         8788    i.ist8310_IIC_read_single_reg  ist8310driver_middleware.o
    0x080141ec   0x080141ec   0x00000028   Code   RO         8790    i.ist8310_IIC_write_single_reg  ist8310driver_middleware.o
    0x08014214   0x08014214   0x00000014   Code   RO         8791    i.ist8310_RST_H     ist8310driver_middleware.o
    0x08014228   0x08014228   0x00000014   Code   RO         8792    i.ist8310_RST_L     ist8310driver_middleware.o
    0x0801423c   0x0801423c   0x00000002   Code   RO         8793    i.ist8310_com_init  ist8310driver_middleware.o
    0x0801423e   0x0801423e   0x0000000c   Code   RO         8794    i.ist8310_delay_ms  ist8310driver_middleware.o
    0x0801424a   0x0801424a   0x00000002   PAD
    0x0801424c   0x0801424c   0x00000094   Code   RO         8446    i.ist8310_init      ist8310driver.o
    0x080142e0   0x080142e0   0x00000030   Code   RO        10191    i.judge_trans_packer  board_transmit.o
    0x08014310   0x08014310   0x00000084   Code   RO           36    i.main              main.o
    0x08014394   0x08014394   0x00000068   Code   RO         9803    i.main_control_init  main_control.o
    0x080143fc   0x080143fc   0x00000016   Code   RO         9804    i.main_control_task  main_control.o
    0x08014412   0x08014412   0x00000002   PAD
    0x08014414   0x08014414   0x00000020   Code   RO         9866    i.mark_handler      comm.o
    0x08014434   0x08014434   0x000000c0   Code   RO         7269    i.mpu_temp_control  imu.o
    0x080144f4   0x080144f4   0x00000020   Code   RO         9867    i.nav_status_handler  comm.o
    0x08014514   0x08014514   0x00000014   Code   RO         7133    i.notifyRCDataUnpacker  controller.o
    0x08014528   0x08014528   0x0000001e   Code   RO         6354    i.osDelay           cmsis_os2.o
    0x08014546   0x08014546   0x00000002   PAD
    0x08014548   0x08014548   0x00000034   Code   RO         6363    i.osKernelGetState  cmsis_os2.o
    0x0801457c   0x0801457c   0x0000002c   Code   RO         6368    i.osKernelInitialize  cmsis_os2.o
    0x080145a8   0x080145a8   0x00000060   Code   RO         6371    i.osKernelStart     cmsis_os2.o
    0x08014608   0x08014608   0x000000a0   Code   RO         7017    i.osThreadCreate    os.o
    0x080146a8   0x080146a8   0x00000080   Code   RO         6405    i.osThreadFlagsSet  cmsis_os2.o
    0x08014728   0x08014728   0x000000b2   Code   RO         6406    i.osThreadFlagsWait  cmsis_os2.o
    0x080147da   0x080147da   0x000000b8   Code   RO         6413    i.osThreadNew       cmsis_os2.o
    0x08014892   0x08014892   0x00000002   PAD
    0x08014894   0x08014894   0x00000020   Code   RO         9868    i.power_handler     comm.o
    0x080148b4   0x080148b4   0x00000060   Code   RO         8056    i.protocol_handle_frame  protocol.o
    0x08014914   0x08014914   0x00000034   Code   RO         8058    i.protocol_register  protocol.o
    0x08014948   0x08014948   0x0000014a   Code   RO         8060    i.protocol_unpack_data  protocol.o
    0x08014a92   0x08014a92   0x00000002   PAD
    0x08014a94   0x08014a94   0x0000007c   Code   RO         5788    i.prvAddCurrentTaskToDelayedList  tasks.o
    0x08014b10   0x08014b10   0x000000b8   Code   RO         5789    i.prvAddNewTaskToReadyList  tasks.o
    0x08014bc8   0x08014bc8   0x00000074   Code   RO         6164    i.prvCheckForValidListAndQueue  timers.o
    0x08014c3c   0x08014c3c   0x00000048   Code   RO         5790    i.prvCheckTasksWaitingTermination  tasks.o
    0x08014c84   0x08014c84   0x0000002a   Code   RO         5375    i.prvCopyDataFromQueue  queue.o
    0x08014cae   0x08014cae   0x0000007e   Code   RO         5376    i.prvCopyDataToQueue  queue.o
    0x08014d2c   0x08014d2c   0x00000050   Code   RO         5791    i.prvDeleteTCB      tasks.o
    0x08014d7c   0x08014d7c   0x00000028   Code   RO         6165    i.prvGetNextExpireTime  timers.o
    0x08014da4   0x08014da4   0x0000007c   Code   RO         6881    i.prvHeapInit       heap_4.o
    0x08014e20   0x08014e20   0x00000028   Code   RO         5792    i.prvIdleTask       tasks.o
    0x08014e48   0x08014e48   0x0000002a   Code   RO         5379    i.prvInitialiseNewQueue  queue.o
    0x08014e72   0x08014e72   0x000000be   Code   RO         5793    i.prvInitialiseNewTask  tasks.o
    0x08014f30   0x08014f30   0x00000068   Code   RO         5794    i.prvInitialiseTaskLists  tasks.o
    0x08014f98   0x08014f98   0x00000068   Code   RO         6882    i.prvInsertBlockIntoFreeList  heap_4.o
    0x08015000   0x08015000   0x00000058   Code   RO         6167    i.prvInsertTimerInActiveList  timers.o
    0x08015058   0x08015058   0x0000001a   Code   RO         5380    i.prvIsQueueEmpty   queue.o
    0x08015072   0x08015072   0x0000001e   Code   RO         5381    i.prvIsQueueFull    queue.o
    0x08015090   0x08015090   0x00000074   Code   RO         6168    i.prvProcessExpiredTimer  timers.o
    0x08015104   0x08015104   0x00000164   Code   RO         6169    i.prvProcessReceivedCommands  timers.o
    0x08015268   0x08015268   0x00000074   Code   RO         6170    i.prvProcessTimerOrBlockTask  timers.o
    0x080152dc   0x080152dc   0x00000034   Code   RO         5796    i.prvResetNextTaskUnblockTime  tasks.o
    0x08015310   0x08015310   0x0000002c   Code   RO         6171    i.prvSampleTimeNow  timers.o
    0x0801533c   0x0801533c   0x000000a4   Code   RO         6172    i.prvSwitchTimerLists  timers.o
    0x080153e0   0x080153e0   0x00000040   Code   RO         6937    i.prvTaskExitError  port.o
    0x08015420   0x08015420   0x0000001a   Code   RO         6173    i.prvTimerTask      timers.o
    0x0801543a   0x0801543a   0x0000007e   Code   RO         5382    i.prvUnlockQueue    queue.o
    0x080154b8   0x080154b8   0x0000014c   Code   RO         6883    i.pvPortMalloc      heap_4.o
    0x08015604   0x08015604   0x0000002c   Code   RO         6938    i.pxPortInitialiseStack  port.o
    0x08015630   0x08015630   0x00000028   Code   RO         7134    i.receiveVideotransmitterData  controller.o
    0x08015658   0x08015658   0x00000018   Code   RO         9870    i.robot_hurt_handler  comm.o
    0x08015670   0x08015670   0x0000002c   Code   RO         9871    i.robot_state_handler  comm.o
    0x0801569c   0x0801569c   0x0000000c   Code   RO        10192    i.robot_state_trans_packer  board_transmit.o
    0x080156a8   0x080156a8   0x00000024   Code   RO         9872    i.slam_control_handler  comm.o
    0x080156cc   0x080156cc   0x0000003e   Code   RO        10398    i.sqrtf             m_wm.l(sqrtf.o)
    0x0801570a   0x0801570a   0x00000002   PAD
    0x0801570c   0x0801570c   0x00000038   Code   RO         8234    i.transmit_handler_register  transmit.o
    0x08015744   0x08015744   0x000000b8   Code   RO         8235    i.transmit_packer_register  transmit.o
    0x080157fc   0x080157fc   0x00000038   Code   RO         8236    i.transmit_receiver  transmit.o
    0x08015834   0x08015834   0x000000b8   Code   RO         8237    i.transmit_sender   transmit.o
    0x080158ec   0x080158ec   0x00000038   Code   RO         7937    i.uart1_rx_handle_task  communicate.o
    0x08015924   0x08015924   0x00000038   Code   RO         7938    i.uart3_rx_handle_task  communicate.o
    0x0801595c   0x0801595c   0x00000038   Code   RO         7939    i.uart6_rx_handle_task  communicate.o
    0x08015994   0x08015994   0x00000034   Code   RO         8141    i.uint_to_float     dm_motor.o
    0x080159c8   0x080159c8   0x0000013c   Code   RO         7135    i.unpackData        controller.o
    0x08015b04   0x08015b04   0x00000038   Code   RO         7683    i.usb_printf        usb.o
    0x08015b3c   0x08015b3c   0x00000028   Code   RO         5335    i.uxListRemove      list.o
    0x08015b64   0x08015b64   0x00000018   Code   RO         6425    i.vApplicationGetIdleTaskMemory  cmsis_os2.o
    0x08015b7c   0x08015b7c   0x00000018   Code   RO         6426    i.vApplicationGetTimerTaskMemory  cmsis_os2.o
    0x08015b94   0x08015b94   0x0000001a   Code   RO         5336    i.vListInitialise   list.o
    0x08015bae   0x08015bae   0x00000006   Code   RO         5337    i.vListInitialiseItem  list.o
    0x08015bb4   0x08015bb4   0x00000034   Code   RO         5338    i.vListInsert       list.o
    0x08015be8   0x08015be8   0x00000018   Code   RO         5339    i.vListInsertEnd    list.o
    0x08015c00   0x08015c00   0x00000054   Code   RO         6940    i.vPortEnterCritical  port.o
    0x08015c54   0x08015c54   0x0000003c   Code   RO         6941    i.vPortExitCritical  port.o
    0x08015c90   0x08015c90   0x000000a4   Code   RO         6884    i.vPortFree         heap_4.o
    0x08015d34   0x08015d34   0x00000028   Code   RO         6942    i.vPortSetupTimerInterrupt  port.o
    0x08015d5c   0x08015d5c   0x00000078   Code   RO         6943    i.vPortValidateInterruptPriority  port.o
    0x08015dd4   0x08015dd4   0x0000002c   Code   RO         5388    i.vQueueAddToRegistry  queue.o
    0x08015e00   0x08015e00   0x0000004a   Code   RO         5392    i.vQueueWaitForMessageRestricted  queue.o
    0x08015e4a   0x08015e4a   0x00000002   PAD
    0x08015e4c   0x08015e4c   0x0000005c   Code   RO         5809    i.vTaskDelay        tasks.o
    0x08015ea8   0x08015ea8   0x00000018   Code   RO         5814    i.vTaskInternalSetTimeOutState  tasks.o
    0x08015ec0   0x08015ec0   0x0000000c   Code   RO         5815    i.vTaskMissedYield  tasks.o
    0x08015ecc   0x08015ecc   0x00000038   Code   RO         5817    i.vTaskPlaceOnEventList  tasks.o
    0x08015f04   0x08015f04   0x00000040   Code   RO         5818    i.vTaskPlaceOnEventListRestricted  tasks.o
    0x08015f44   0x08015f44   0x000000b8   Code   RO         5826    i.vTaskStartScheduler  tasks.o
    0x08015ffc   0x08015ffc   0x00000010   Code   RO         5828    i.vTaskSuspendAll   tasks.o
    0x0801600c   0x0801600c   0x00000090   Code   RO         5829    i.vTaskSwitchContext  tasks.o
    0x0801609c   0x0801609c   0x0000003c   Code   RO         8013    i.verify_crc16_checksum  crc.o
    0x080160d8   0x080160d8   0x00000030   Code   RO         8014    i.verify_crc8_checksum  crc.o
    0x08016108   0x08016108   0x00000168   Code   RO         6944    i.xPortStartScheduler  port.o
    0x08016270   0x08016270   0x00000034   Code   RO         6945    i.xPortSysTickHandler  port.o
    0x080162a4   0x080162a4   0x000000e0   Code   RO         5398    i.xQueueGenericCreateStatic  queue.o
    0x08016384   0x08016384   0x00000098   Code   RO         5399    i.xQueueGenericReset  queue.o
    0x0801641c   0x0801641c   0x000001a8   Code   RO         5400    i.xQueueGenericSend  queue.o
    0x080165c4   0x080165c4   0x000000fc   Code   RO         5401    i.xQueueGenericSendFromISR  queue.o
    0x080166c0   0x080166c0   0x00000168   Code   RO         5410    i.xQueueReceive     queue.o
    0x08016828   0x08016828   0x0000008c   Code   RO         5831    i.xTaskCheckForTimeOut  tasks.o
    0x080168b4   0x080168b4   0x00000064   Code   RO         5832    i.xTaskCreate       tasks.o
    0x08016918   0x08016918   0x000000ba   Code   RO         5833    i.xTaskCreateStatic  tasks.o
    0x080169d2   0x080169d2   0x00000002   PAD
    0x080169d4   0x080169d4   0x00000128   Code   RO         5834    i.xTaskGenericNotify  tasks.o
    0x08016afc   0x08016afc   0x00000164   Code   RO         5835    i.xTaskGenericNotifyFromISR  tasks.o
    0x08016c60   0x08016c60   0x00000020   Code   RO         5837    i.xTaskGetSchedulerState  tasks.o
    0x08016c80   0x08016c80   0x0000000c   Code   RO         5838    i.xTaskGetTickCount  tasks.o
    0x08016c8c   0x08016c8c   0x00000144   Code   RO         5840    i.xTaskIncrementTick  tasks.o
    0x08016dd0   0x08016dd0   0x000000a0   Code   RO         5842    i.xTaskNotifyWait   tasks.o
    0x08016e70   0x08016e70   0x000000a4   Code   RO         5843    i.xTaskPriorityDisinherit  tasks.o
    0x08016f14   0x08016f14   0x00000098   Code   RO         5845    i.xTaskRemoveFromEventList  tasks.o
    0x08016fac   0x08016fac   0x00000104   Code   RO         5846    i.xTaskResumeAll    tasks.o
    0x080170b0   0x080170b0   0x00000078   Code   RO         6182    i.xTimerCreateTimerTask  timers.o
    0x08017128   0x08017128   0x00000084   Code   RO         6183    i.xTimerGenericCommand  timers.o
    0x080171ac   0x080171ac   0x0000002c   Code   RO        10672    locale$$code        c_w.l(lc_numeric_c.o)
    0x080171d8   0x080171d8   0x0000002c   Code   RO        10693    locale$$code        c_w.l(lc_ctype_c.o)
    0x08017204   0x08017204   0x00000018   Code   RO        10508    x$fpl$basic         fz_wm.l(basic.o)
    0x0801721c   0x0801721c   0x00000062   Code   RO        10274    x$fpl$d2f           fz_wm.l(d2f.o)
    0x0801727e   0x0801727e   0x00000002   PAD
    0x08017280   0x08017280   0x00000150   Code   RO        10276    x$fpl$dadd          fz_wm.l(daddsub_clz.o)
    0x080173d0   0x080173d0   0x00000018   Code   RO        10510    x$fpl$dcmpinf       fz_wm.l(dcmpi.o)
    0x080173e8   0x080173e8   0x000002b0   Code   RO        10621    x$fpl$ddiv          fz_wm.l(ddiv.o)
    0x08017698   0x08017698   0x0000005e   Code   RO        10624    x$fpl$dfix          fz_wm.l(dfix.o)
    0x080176f6   0x080176f6   0x0000002e   Code   RO        10283    x$fpl$dflt          fz_wm.l(dflt_clz.o)
    0x08017724   0x08017724   0x00000026   Code   RO        10282    x$fpl$dfltu         fz_wm.l(dflt_clz.o)
    0x0801774a   0x0801774a   0x00000002   PAD
    0x0801774c   0x0801774c   0x00000078   Code   RO        10288    x$fpl$dleqf         fz_wm.l(dleqf.o)
    0x080177c4   0x080177c4   0x00000154   Code   RO        10290    x$fpl$dmul          fz_wm.l(dmul.o)
    0x08017918   0x08017918   0x0000009c   Code   RO        10512    x$fpl$dnaninf       fz_wm.l(dnaninf.o)
    0x080179b4   0x080179b4   0x0000000c   Code   RO        10514    x$fpl$dretinf       fz_wm.l(dretinf.o)
    0x080179c0   0x080179c0   0x00000016   Code   RO        10277    x$fpl$drsb          fz_wm.l(daddsub_clz.o)
    0x080179d6   0x080179d6   0x00000002   PAD
    0x080179d8   0x080179d8   0x00000198   Code   RO        10516    x$fpl$dsqrt         fz_wm.l(dsqrt_umaal.o)
    0x08017b70   0x08017b70   0x000001d4   Code   RO        10278    x$fpl$dsub          fz_wm.l(daddsub_clz.o)
    0x08017d44   0x08017d44   0x00000056   Code   RO        10292    x$fpl$f2d           fz_wm.l(f2d.o)
    0x08017d9a   0x08017d9a   0x0000008c   Code   RO        10518    x$fpl$fnaninf       fz_wm.l(fnaninf.o)
    0x08017e26   0x08017e26   0x0000000a   Code   RO        10761    x$fpl$fpinit        fz_wm.l(fpinit.o)
    0x08017e30   0x08017e30   0x000000f4   Code   RO        10520    x$fpl$frem          fz_wm.l(frem_clz.o)
    0x08017f24   0x08017f24   0x0000000a   Code   RO        10522    x$fpl$fretinf       fz_wm.l(fretinf.o)
    0x08017f2e   0x08017f2e   0x00000004   Code   RO        10524    x$fpl$printf1       fz_wm.l(printf1.o)
    0x08017f32   0x08017f32   0x00000004   Code   RO        10526    x$fpl$printf2       fz_wm.l(printf2.o)
    0x08017f36   0x08017f36   0x00000000   Code   RO        10532    x$fpl$usenofp       fz_wm.l(usenofp.o)
    0x08017f36   0x08017f36   0x00000002   PAD
    0x08017f38   0x08017f38   0x00000024   Data   RO           38    .constdata          main.o
    0x08017f5c   0x08017f5c   0x00000008   Data   RO         1832    .constdata          stm32f4xx_hal_dma.o
    0x08017f64   0x08017f64   0x00000018   Data   RO         5172    .constdata          system_stm32f4xx.o
    0x08017f7c   0x08017f7c   0x00000034   Data   RO         7019    .constdata          os.o
    0x08017fb0   0x08017fb0   0x00000300   Data   RO         8015    .constdata          crc.o
    0x080182b0   0x080182b0   0x0000000c   Data   RO         8449    .constdata          ist8310driver.o
    0x080182bc   0x080182bc   0x00000012   Data   RO         8496    .constdata          bmi088driver.o
    0x080182ce   0x080182ce   0x00000002   PAD
    0x080182d0   0x080182d0   0x00000008   Data   RO        10432    .constdata          c_w.l(_printf_wctomb.o)
    0x080182d8   0x080182d8   0x00000028   Data   RO        10461    .constdata          c_w.l(_printf_hex_int_ll_ptr.o)
    0x08018300   0x08018300   0x00000011   Data   RO        10481    .constdata          c_w.l(__printf_flags_ss_wp.o)
    0x08018311   0x08018311   0x00000007   PAD
    0x08018318   0x08018318   0x00000030   Data   RO        10534    .constdata          m_wm.l(cos_i.o)
    0x08018348   0x08018348   0x000000c8   Data   RO        10568    .constdata          m_wm.l(rred.o)
    0x08018410   0x08018410   0x00000020   Data   RO        10572    .constdata          m_wm.l(rredf.o)
    0x08018430   0x08018430   0x00000028   Data   RO        10575    .constdata          m_wm.l(sin_i.o)
    0x08018458   0x08018458   0x00000026   Data   RO        10609    .constdata          c_w.l(_printf_fp_hex.o)
    0x0801847e   0x0801847e   0x00000002   PAD
    0x08018480   0x08018480   0x00000094   Data   RO        10647    .constdata          c_w.l(bigflt0.o)
    0x08018514   0x08018514   0x0000000c   Data   RO           39    .conststring        main.o
    0x08018520   0x08018520   0x00000020   Data   RO        10819    Region$$Table       anon$$obj.o
    0x08018540   0x08018540   0x0000001c   Data   RO        10671    locale$$data        c_w.l(lc_numeric_c.o)
    0x0801855c   0x0801855c   0x00000110   Data   RO        10692    locale$$data        c_w.l(lc_ctype_c.o)


    Execution Region RW_IRAM2 (Exec base: 0x10000000, Load base: 0x0801886c, Size: 0x00000000, Max: 0x00010000, ABSOLUTE)

    **** No section assigned to this execution region ****


    Execution Region RW_IRAM1 (Exec base: 0x20000000, Load base: 0x0801866c, Size: 0x0000cea8, Max: 0x00020000, ABSOLUTE, COMPRESSED[0x00000200])

    Exec Addr    Load Addr    Size         Type   Attr      Idx    E Section Name        Object

    0x20000000   COMPRESSED   0x00000004   Data   RW           40    .data               main.o
    0x20000004   COMPRESSED   0x00000004   Data   RW          595    .data               stm32f4xx_hal_msp.o
    0x20000008   COMPRESSED   0x00000009   Data   RW         2264    .data               stm32f4xx_hal.o
    0x20000011   COMPRESSED   0x00000003   PAD
    0x20000014   COMPRESSED   0x00000004   Data   RW         5173    .data               system_stm32f4xx.o
    0x20000018   COMPRESSED   0x0000003c   Data   RW         5849    .data               tasks.o
    0x20000054   COMPRESSED   0x00000014   Data   RW         6191    .data               timers.o
    0x20000068   COMPRESSED   0x00000004   Data   RW         6428    .data               cmsis_os2.o
    0x2000006c   COMPRESSED   0x00000020   Data   RW         6890    .data               heap_4.o
    0x2000008c   COMPRESSED   0x0000000c   Data   RW         6946    .data               port.o
    0x20000098   COMPRESSED   0x00000004   Data   RW         7020    .data               os.o
    0x2000009c   COMPRESSED   0x00000001   Data   RW         7059    .data               led.o
    0x2000009d   COMPRESSED   0x00000003   PAD
    0x200000a0   COMPRESSED   0x00000034   Data   RW         7137    .data               controller.o
    0x200000d4   COMPRESSED   0x000000e8   Data   RW         7271    .data               imu.o
    0x200001bc   COMPRESSED   0x0000011c   Data   RW         7552    .data               pwm.o
    0x200002d8   COMPRESSED   0x00000118   Data   RW         7624    .data               motor.o
    0x200003f0   COMPRESSED   0x00000004   Data   RW         7685    .data               usb.o
    0x200003f4   COMPRESSED   0x00000004   Data   RW         7780    .data               status_monitor.o
    0x200003f8   COMPRESSED   0x0000000c   Data   RW         7941    .data               communicate.o
    0x20000404   COMPRESSED   0x0000002e   Data   RW         8062    .data               protocol.o
    0x20000432   COMPRESSED   0x00000002   PAD
    0x20000434   COMPRESSED   0x0000001c   Data   RW         8240    .data               transmit.o
    0x20000450   COMPRESSED   0x00000040   Data   RW         8308    .data               can_send.o
    0x20000490   COMPRESSED   0x00000028   Data   RW         8379    .data               zero_check.o
    0x200004b8   COMPRESSED   0x00000014   Data   RW         8418    .data               mahonyahrs.o
    0x200004cc   COMPRESSED   0x0000002c   Data   RW         8497    .data               bmi088driver.o
    0x200004f8   COMPRESSED   0x0000004e   Data   RW         9003    .data               usbd_desc.o
    0x20000546   COMPRESSED   0x00000002   PAD
    0x20000548   COMPRESSED   0x00000014   Data   RW         9090    .data               usbd_cdc_if.o
    0x2000055c   COMPRESSED   0x00000001   Data   RW         9500    .data               usbd_ctlreq.o
    0x2000055d   COMPRESSED   0x00000003   PAD
    0x20000560   COMPRESSED   0x0000010f   Data   RW         9663    .data               usbd_cdc.o
    0x2000066f   COMPRESSED   0x00000001   PAD
    0x20000670   COMPRESSED   0x00000047   Data   RW         9806    .data               main_control.o
    0x200006b7   COMPRESSED   0x00000001   PAD
    0x200006b8   COMPRESSED   0x00000051   Data   RW         9874    .data               comm.o
    0x20000709   COMPRESSED   0x00000003   PAD
    0x2000070c   COMPRESSED   0x0000002c   Data   RW        10074    .data               chassis.o
    0x20000738   COMPRESSED   0x00000044   Data   RW        10193    .data               board_transmit.o
    0x2000077c        -       0x00000760   Zero   RW           37    .bss                main.o
    0x20000edc        -       0x00000048   Zero   RW          699    .bss                stm32f4xx_hal_timebase_tim.o
    0x20000f24        -       0x00000020   Zero   RW         1486    .bss                stm32f4xx_hal_flash.o
    0x20000f44        -       0x00000040   Zero   RW         5414    .bss                queue.o
    0x20000f84        -       0x000004c4   Zero   RW         5848    .bss                tasks.o
    0x20001448        -       0x00000118   Zero   RW         6190    .bss                timers.o
    0x20001560        -       0x000006b8   Zero   RW         6427    .bss                cmsis_os2.o
    0x20001c18        -       0x00003c00   Zero   RW         6889    .bss                heap_4.o
    0x20005818        -       0x000025c4   Zero   RW         7018    .bss                os.o
    0x20007ddc        -       0x00000048   Zero   RW         7136    .bss                controller.o
    0x20007e24        -       0x00000104   Zero   RW         7270    .bss                imu.o
    0x20007f28        -       0x00000204   Zero   RW         7623    .bss                motor.o
    0x2000812c        -       0x00000100   Zero   RW         7684    .bss                usb.o
    0x2000822c        -       0x0000001c   Zero   RW         7779    .bss                status_monitor.o
    0x20008248        -       0x000002ac   Zero   RW         7940    .bss                communicate.o
    0x200084f4        -       0x00000190   Zero   RW         8061    .bss                protocol.o
    0x20008684        -       0x00000700   Zero   RW         8143    .bss                dm_motor.o
    0x20008d84        -       0x000002d0   Zero   RW         8239    .bss                transmit.o
    0x20009054        -       0x00000624   Zero   RW         8307    .bss                can_send.o
    0x20009678        -       0x000000b4   Zero   RW         8378    .bss                zero_check.o
    0x2000972c        -       0x000002d0   Zero   RW         8963    .bss                usb_device.o
    0x200099fc        -       0x00000200   Zero   RW         9002    .bss                usbd_desc.o
    0x20009bfc        -       0x00001000   Zero   RW         9089    .bss                usbd_cdc_if.o
    0x2000abfc        -       0x00000628   Zero   RW         9171    .bss                usbd_conf.o
    0x2000b224        -       0x000002d8   Zero   RW         9805    .bss                main_control.o
    0x2000b4fc        -       0x000000b6   Zero   RW         9873    .bss                comm.o
    0x2000b5b2   COMPRESSED   0x00000002   PAD
    0x2000b5b4        -       0x00000494   Zero   RW        10073    .bss                chassis.o
    0x2000ba48        -       0x00000060   Zero   RW        10633    .bss                c_w.l(libspace.o)
    0x2000baa8        -       0x00001000   Zero   RW            2    HEAP                startup_stm32f407xx.o
    0x2000caa8        -       0x00000400   Zero   RW            1    STACK               startup_stm32f407xx.o


==============================================================================

Image component sizes


      Code (inc. data)   RO Data    RW Data    ZI Data      Debug   Object Name

      2338         40         18         44          0      12575   bmi088driver.o
       206         28          0          0          0      11268   bmi088middleware.o
       392        114          0         68          0       6298   board_transmit.o
       510         62          0         64       1572       5725   can_send.o
      3816        240          0         44       1172      13028   chassis.o
       788         48          0          4       1720      67405   cmsis_os2.o
       764        202          0         81        182      13507   comm.o
       688        176          0         12        684       6903   communicate.o
        36          0          0          0          0        514   components.o
       832        102          0         52         72      18275   controller.o
       196         10        768          0          0       3422   crc.o
       562         18          0          0       1792      15164   dm_motor.o
         0          0          0          0          0      19428   event_groups.o
       154         20          0          0          0       1073   exti.o
       264          0          0          0          0       2140   fsfc.o
       724         74          0         32      15360       4819   heap_4.o
     15868        566          0        232        260     611910   imu.o
       148          6         12          0          0       1407   ist8310driver.o
       172         22          0          0          0      10239   ist8310driver_middleware.o
        20          6          0          0          0        486   laser_5v.o
        64         14          0          1          0       1275   led.o
       148          0          0          0          0       3518   list.o
      2276         72          0         20          0       4841   mahonyahrs.o
      2954        248         48          4       1888     785653   main.o
       338         44          0         71        728      11395   main_control.o
       554         70          0        280        516       6201   motor.o
       160         20         52          4       9668       5453   os.o
       352          6          0          0          0       1471   pid.o
      1014         92          0         12          0      11593   port.o
       478         28          0         46        400       2923   protocol.o
       146         10          0        284          0       2471   pwm.o
      1922         20          0          0         64      17268   queue.o
        64         26        392          0       5120        836   startup_stm32f407xx.o
       496         94          0          4         28       3549   status_monitor.o
       136         24          0          9          0       8662   stm32f4xx_hal.o
      1398         52          0          0          0       5078   stm32f4xx_hal_adc.o
      1806          6          0          0          0      12731   stm32f4xx_hal_can.o
       320         28          0          0          0      34372   stm32f4xx_hal_cortex.o
      1554         16          8          0          0       8298   stm32f4xx_hal_dma.o
       652         64          0          0         32       5894   stm32f4xx_hal_flash.o
       432         26          0          0          0       3214   stm32f4xx_hal_flash_ex.o
       908         88          0          0          0       4256   stm32f4xx_hal_gpio.o
      2856         46          0          0          0      11574   stm32f4xx_hal_i2c.o
      3260        288          0          4          0       9412   stm32f4xx_hal_msp.o
      3228         14          0          0          0      12741   stm32f4xx_hal_pcd.o
        90          0          0          0          0       2401   stm32f4xx_hal_pcd_ex.o
      1888         94          0          0          0       6205   stm32f4xx_hal_rcc.o
      1078         14          0          0          0       4625   stm32f4xx_hal_spi.o
      2004        142          0          0          0      11914   stm32f4xx_hal_tim.o
       300         30          0          0          0       3277   stm32f4xx_hal_tim_ex.o
       140         18          0          0         72       1444   stm32f4xx_hal_timebase_tim.o
      3052         26          0          0          0      16484   stm32f4xx_hal_uart.o
       898        132          0          0          0      13750   stm32f4xx_it.o
      3926         98          0          0          0      22502   stm32f4xx_ll_usb.o
         0          0          0          0          0        400   stream_buffer.o
        20          6         24          4          0       1103   system_stm32f4xx.o
      3620        410          0         60       1220      30989   tasks.o
      1318        124          0         20        280      32703   timers.o
       534         88          0         28        720       6479   transmit.o
       156         72          0          4        256       4493   usb.o
        76         16          0          0        720        764   usb_device.o
      1062         24          0        271          0      13673   usbd_cdc.o
       204         22          0         20       4096       4228   usbd_cdc_if.o
      1004         24          0          0       1576      17388   usbd_conf.o
      1004          0          0          0          0      13325   usbd_core.o
      2162         28          0          1          0      17048   usbd_ctlreq.o
       386        122          0         78        512       6797   usbd_desc.o
       174          0          0          0          0       4656   usbd_ioreq.o
       110         48          0          0          0       1461   user_main.o
       464         56          0         40        180       2886   zero_check.o

    ----------------------------------------------------------------------
     81738       4724       1356       1916      50892    2041260   Object Totals
         0          0         32          0          0          0   (incl. Generated)
        74          0          2         18          2          0   (incl. Padding)

    ----------------------------------------------------------------------

      Code (inc. data)   RO Data    RW Data    ZI Data      Debug   Library Member Name

        90          0          0          0          0          0   __dczerorl2.o
         8          0          0          0          0         68   __main.o
       392          4         17          0          0         92   __printf_flags_ss_wp.o
        14          0          0          0          0         68   __printf_wp.o
         0          0          0          0          0          0   __rtentry.o
        12          0          0          0          0          0   __rtentry2.o
         6          0          0          0          0          0   __rtentry4.o
        52          8          0          0          0          0   __scatter.o
        28          0          0          0          0          0   __scatter_zi.o
         6          0          0          0          0          0   _printf_a.o
         6          0          0          0          0          0   _printf_c.o
        44          0          0          0          0        108   _printf_char.o
        48          6          0          0          0         96   _printf_char_common.o
        40          0          0          0          0         68   _printf_charcount.o
         6          0          0          0          0          0   _printf_d.o
       120         16          0          0          0         92   _printf_dec.o
         6          0          0          0          0          0   _printf_e.o
         6          0          0          0          0          0   _printf_f.o
      1054          0          0          0          0        216   _printf_fp_dec.o
       764          8         38          0          0        100   _printf_fp_hex.o
       128         16          0          0          0         84   _printf_fp_infnan.o
         6          0          0          0          0          0   _printf_g.o
       148          4         40          0          0        160   _printf_hex_int_ll_ptr.o
         6          0          0          0          0          0   _printf_i.o
       178          0          0          0          0         88   _printf_intcommon.o
        10          0          0          0          0          0   _printf_l.o
         6          0          0          0          0          0   _printf_lc.o
        10          0          0          0          0          0   _printf_ll.o
         6          0          0          0          0          0   _printf_lld.o
         6          0          0          0          0          0   _printf_lli.o
         6          0          0          0          0          0   _printf_llo.o
         6          0          0          0          0          0   _printf_llu.o
         6          0          0          0          0          0   _printf_llx.o
       124         16          0          0          0         92   _printf_longlong_dec.o
         6          0          0          0          0          0   _printf_ls.o
         6          0          0          0          0          0   _printf_n.o
         6          0          0          0          0          0   _printf_o.o
       112         10          0          0          0        124   _printf_oct_int_ll.o
         6          0          0          0          0          0   _printf_p.o
        78          0          0          0          0        108   _printf_pad.o
         0          0          0          0          0          0   _printf_percent.o
         4          0          0          0          0          0   _printf_percent_end.o
         6          0          0          0          0          0   _printf_s.o
        82          0          0          0          0         80   _printf_str.o
        36          0          0          0          0         84   _printf_truncate.o
         6          0          0          0          0          0   _printf_u.o
        44          0          0          0          0        108   _printf_wchar.o
       188          6          8          0          0         92   _printf_wctomb.o
         6          0          0          0          0          0   _printf_x.o
        22          0          0          0          0        100   _rserrno.o
        10          0          0          0          0         68   _sputc.o
        64          0          0          0          0         92   _wcrtomb.o
        16          0          0          0          0         68   aeabi_memset.o
       228          4        148          0          0         96   bigflt0.o
      1936        128          0          0          0        672   btod.o
        18          0          0          0          0         80   exit.o
         6          0          0          0          0        152   heapauxi.o
         0          0          0          0          0          0   indicate_semi.o
        44         10        272          0          0         76   lc_ctype_c.o
        44         10         28          0          0         76   lc_numeric_c.o
         2          0          0          0          0          0   libinit.o
        34          0          0          0          0          0   libinit2.o
         2          0          0          0          0          0   libshutdown.o
         2          0          0          0          0          0   libshutdown2.o
         8          4          0          0         96         68   libspace.o
       138          0          0          0          0         80   lludiv10.o
       238          0          0          0          0        100   lludivv7m.o
        16          4          0          0          0         76   rt_ctype_table.o
         8          4          0          0          0         68   rt_errno_addr_intlibspace.o
         8          4          0          0          0         68   rt_locale_intlibspace.o
        68          0          0          0          0         68   rt_memclr.o
        78          0          0          0          0         80   rt_memclr_w.o
       138          0          0          0          0         68   rt_memcpy_v6.o
       100          0          0          0          0         80   rt_memcpy_w.o
         2          0          0          0          0          0   rtexit.o
        10          0          0          0          0          0   rtexit2.o
       128          0          0          0          0         68   strcmpv7m.o
        12          4          0          0          0         68   sys_exit.o
        74          0          0          0          0         80   sys_stackheap_outer.o
         2          0          0          0          0         68   use_no_semi.o
        36          4          0          0          0         76   vsprintf.o
        24          0          0          0          0        164   basic.o
        98          4          0          0          0        140   d2f.o
       826         16          0          0          0        492   daddsub_clz.o
        24          0          0          0          0        116   dcmpi.o
       688        140          0          0          0        256   ddiv.o
        94          4          0          0          0        140   dfix.o
        84          0          0          0          0        232   dflt_clz.o
       120          4          0          0          0        140   dleqf.o
       340         12          0          0          0        152   dmul.o
       156          4          0          0          0        140   dnaninf.o
        12          0          0          0          0        116   dretinf.o
       408         56          0          0          0        168   dsqrt_umaal.o
        86          4          0          0          0        132   f2d.o
       140          4          0          0          0        132   fnaninf.o
        10          0          0          0          0        116   fpinit.o
       244          8          0          0          0        132   frem_clz.o
        10          0          0          0          0        116   fretinf.o
         4          0          0          0          0        116   printf1.o
         4          0          0          0          0        116   printf2.o
         0          0          0          0          0          0   usenofp.o
       300         42          0          0          0        176   asinf.o
       684         90          0          0          0        208   atan2f.o
       200         20          0          0          0        164   cos.o
       368         46         48          0          0        200   cos_i.o
       336         56          0          0          0        136   cosf.o
        84         16          0          0          0        372   dunder.o
        44          0          0          0          0        248   fabs.o
       176          0          0          0          0        168   fmodf.o
        48          0          0          0          0        124   fpclassify.o
        38          0          0          0          0        116   fpclassifyf.o
        44         12          0          0          0        464   funder.o
       248          0          0          0          0        152   poly.o
      1080        142        200          0          0        188   rred.o
       340         24         32          0          0        160   rredf.o
       200         20          0          0          0        164   sin.o
       304         24         40          0          0        208   sin_i.o
       400         56          0          0          0        212   sinf.o
       122          0          0          0          0        148   sqrt.o
       120          0          0          0          0        272   sqrtf.o

    ----------------------------------------------------------------------
     15974       1074        880          0         96      11520   Library Totals
        40          0          9          0          0          0   (incl. Padding)

    ----------------------------------------------------------------------

      Code (inc. data)   RO Data    RW Data    ZI Data      Debug   Library Name

      7426        270        551          0         96       4524   c_w.l
      3372        256          0          0          0       3116   fz_wm.l
      5136        548        320          0          0       3880   m_wm.l

    ----------------------------------------------------------------------
     15974       1074        880          0         96      11520   Library Totals

    ----------------------------------------------------------------------

==============================================================================


      Code (inc. data)   RO Data    RW Data    ZI Data      Debug   

     97712       5798       2236       1916      50988    1990784   Grand Totals
     97712       5798       2236        512      50988    1990784   ELF Image Totals (compressed)
     97712       5798       2236        512          0          0   ROM Totals

==============================================================================

    Total RO  Size (Code + RO Data)                99948 (  97.61kB)
    Total RW  Size (RW Data + ZI Data)             52904 (  51.66kB)
    Total ROM Size (Code + RO Data + RW Data)     100460 (  98.11kB)

==============================================================================

